<!doctype html public "-//w3c//dtd html 4.0 transitional//en">
<html><head>
<title>Static Call Graph - [..\Obj\THM3100_MNT.axf]</title></head>
<body><HR>
<H1>Static Call Graph for image ..\Obj\THM3100_MNT.axf</H1><HR>
<BR><P>#&#060CALLGRAPH&#062# ARM Linker, 5040049: Last Updated: Wed Oct 23 09:42:01 2019
<BR><P>
<H3>Maximum Stack Usage =      22448 bytes + Unknown(Cycles, Untraceable Function Pointers)</H3><H3>
Call chain for Maximum Stack Depth:</H3>
main &rArr; MianMenu &rArr; OtherMenu &rArr; TRANS_Void &rArr; AdjMACLogin &rArr; TRANS_Logon &rArr; TRANS_Batch &rArr; TRANS_Logoff &rArr; OperRegisterFuntion &rArr;  TRANS_Logon (Cycle)
<P>
<H3>
Mutually Recursive functions
</H3> <LI><a href="#[27f]">OnlinePINProcessing</a>&nbsp;&nbsp;&nbsp;&rArr;&nbsp;&nbsp;&nbsp;<a href="#[c]">cEmvLib_GetHolderPwd</a><BR>
 <LI><a href="#[280]">OnlinePINProcessing_EC</a>&nbsp;&nbsp;&nbsp;&rArr;&nbsp;&nbsp;&nbsp;<a href="#[c]">cEmvLib_GetHolderPwd</a><BR>
 <LI><a href="#[21c]">GetTLVItem</a>&nbsp;&nbsp;&nbsp;&rArr;&nbsp;&nbsp;&nbsp;<a href="#[21c]">GetTLVItem</a><BR>
 <LI><a href="#[1f9]">LCD_Display</a>&nbsp;&nbsp;&nbsp;&rArr;&nbsp;&nbsp;&nbsp;<a href="#[1f9]">LCD_Display</a><BR>
 <LI><a href="#[1c]">qsort</a>&nbsp;&nbsp;&nbsp;&rArr;&nbsp;&nbsp;&nbsp;<a href="#[1c]">qsort</a><BR>
 <LI><a href="#[285]">OperRegisterFuntion</a>&nbsp;&nbsp;&nbsp;&rArr;&nbsp;&nbsp;&nbsp;<a href="#[59]">TRANS_Logon</a><BR>
 <LI><a href="#[143]">TMS_Management_Menu</a>&nbsp;&nbsp;&nbsp;&rArr;&nbsp;&nbsp;&nbsp;<a href="#[264]">TRANS_Batch</a><BR>
</UL>
<P>
<H3>
Function Pointers
</H3><UL>
 <LI><a href="#[3]">Compare</a> from appselect.o(i.Compare) referenced from entry.o(i.Contactless_GetHighestPriority)
 <LI><a href="#[3]">Compare</a> from appselect.o(i.Compare) referenced from appselect.o(i.FinalSelect)
 <LI><a href="#[3]">Compare</a> from appselect.o(i.Compare) referenced from appselect.o(i.FinalSelectForLog)
 <LI><a href="#[5]">SaveAppParamItem</a> from emvproc.o(i.SaveAppParamItem) referenced from emvproc.o(i.DownLoadEmvParam)
 <LI><a href="#[12]">SaveCapkInfoItem</a> from emvproc.o(i.SaveCapkInfoItem) referenced from emvproc.o(i.QueryEmvCapk)
 <LI><a href="#[4]">SaveEmvCapkItem</a> from emvproc.o(i.SaveEmvCapkItem) referenced from emvproc.o(i.DownLoadCAPK)
 <LI><a href="#[4]">SaveEmvCapkItem</a> from emvproc.o(i.SaveEmvCapkItem) referenced from emvproc.o(i.OnlineLoadMk)
 <LI><a href="#[13]">SaveOneAid</a> from emvproc.o(i.SaveOneAid) referenced from emvproc.o(i.QueryEmvParam)
 <LI><a href="#[16]">SaveRspICCData</a> from emvif.o(i.SaveRspICCData) referenced from emvif.o(i.cEmvLib_OnlineProc)
 <LI><a href="#[1]">V32P_StartUp</a> from dll.o(i.V32P_StartUp) referenced from startup_mps_cm0.o(STARTUP)
 <LI><a href="#[15]">_snputc</a> from printfa.o(i._snputc) referenced from printfa.o(i.__0vsnprintf)
 <LI><a href="#[14]">_sputc</a> from printfa.o(i._sputc) referenced from printfa.o(i.__0sprintf)
 <LI><a href="#[14]">_sputc</a> from printfa.o(i._sputc) referenced from printfa.o(i.__0vsprintf)
 <LI><a href="#[a]">cEmvLib_AdviceProc</a> from emvif.o(i.cEmvLib_AdviceProc) referenced from emvif.o(i.EmvFuncInit)
 <LI><a href="#[6]">cEmvLib_GetDateTime</a> from emvif.o(i.cEmvLib_GetDateTime) referenced from emvif.o(i.EmvFuncInit)
 <LI><a href="#[d]">cEmvLib_GetHolderOfflinePwd</a> from emvif.o(i.cEmvLib_GetHolderOfflinePwd) referenced from emvif.o(i.EmvFuncInit)
 <LI><a href="#[c]">cEmvLib_GetHolderPwd</a> from emvif.o(i.cEmvLib_GetHolderPwd) referenced from emvif.o(i.EmvFuncInit)
 <LI><a href="#[7]">cEmvLib_GetUnknowTLV</a> from emvif.o(i.cEmvLib_GetUnknowTLV) referenced from emvif.o(i.EmvFuncInit)
 <LI><a href="#[9]">cEmvLib_InputAmt</a> from emvif.o(i.cEmvLib_InputAmt) referenced from emvif.o(i.EmvFuncInit)
 <LI><a href="#[8]">cEmvLib_IoCtrl</a> from emvif.o(i.cEmvLib_IoCtrl) referenced from emvif.o(i.EmvFuncInit)
 <LI><a href="#[11]">cEmvLib_OnlineProc</a> from emvif.o(i.cEmvLib_OnlineProc) referenced from emvif.o(i.EmvFuncInit)
 <LI><a href="#[e]">cEmvLib_ReferProc</a> from emvif.o(i.cEmvLib_ReferProc) referenced from emvif.o(i.EmvFuncInit)
 <LI><a href="#[b]">cEmvLib_VerifyCert</a> from emvif.o(i.cEmvLib_VerifyCert) referenced from emvif.o(i.EmvFuncInit)
 <LI><a href="#[10]">cEmvLib_VerifyPINOK</a> from emvif.o(i.cEmvLib_VerifyPINOK) referenced from emvif.o(i.EmvFuncInit)
 <LI><a href="#[f]">cEmvLib_WaitAppSel</a> from emvif.o(i.cEmvLib_WaitAppSel) referenced from emvif.o(i.EmvFuncInit)
 <LI><a href="#[2]">main</a> from main.o(i.main) referenced from entry9a.o(.ARM.Collect$$$$0000000B)
</UL>
<P>
<H3>
Global Symbols
</H3>
<P><STRONG><a name="[17]"></a>__main</STRONG> (Thumb, 0 bytes, Stack size unknown bytes, entry.o(.ARM.Collect$$$$00000000))
<BR><BR>[Called By]<UL><LI><a href="#[1]">&gt;&gt;</a>&nbsp;&nbsp;&nbsp;V32P_StartUp
</UL>

<P><STRONG><a name="[3a4]"></a>_main_stk</STRONG> (Thumb, 0 bytes, Stack size unknown bytes, entry2.o(.ARM.Collect$$$$00000001))

<P><STRONG><a name="[18]"></a>_main_scatterload</STRONG> (Thumb, 0 bytes, Stack size unknown bytes, entry5.o(.ARM.Collect$$$$00000004))
<BR><BR>[Calls]<UL><LI><a href="#[19]">&gt;&gt;</a>&nbsp;&nbsp;&nbsp;__scatterload
</UL>

<P><STRONG><a name="[38]"></a>__main_after_scatterload</STRONG> (Thumb, 0 bytes, Stack size unknown bytes, entry5.o(.ARM.Collect$$$$00000004))
<BR><BR>[Called By]<UL><LI><a href="#[19]">&gt;&gt;</a>&nbsp;&nbsp;&nbsp;__scatterload
</UL>

<P><STRONG><a name="[3a5]"></a>_main_clock</STRONG> (Thumb, 0 bytes, Stack size unknown bytes, entry7b.o(.ARM.Collect$$$$00000008))

<P><STRONG><a name="[3a6]"></a>_main_cpp_init</STRONG> (Thumb, 0 bytes, Stack size unknown bytes, entry8b.o(.ARM.Collect$$$$0000000A))

<P><STRONG><a name="[3a7]"></a>_main_init</STRONG> (Thumb, 0 bytes, Stack size unknown bytes, entry9a.o(.ARM.Collect$$$$0000000B))

<P><STRONG><a name="[3a8]"></a>__rt_final_cpp</STRONG> (Thumb, 0 bytes, Stack size unknown bytes, entry10a.o(.ARM.Collect$$$$0000000D))

<P><STRONG><a name="[3a9]"></a>__rt_final_exit</STRONG> (Thumb, 0 bytes, Stack size unknown bytes, entry11a.o(.ARM.Collect$$$$0000000F))

<P><STRONG><a name="[3aa]"></a>__aeabi_uidiv</STRONG> (Thumb, 0 bytes, Stack size 12 bytes, uidiv.o(.text), UNUSED)

<P><STRONG><a name="[1b]"></a>__aeabi_uidivmod</STRONG> (Thumb, 44 bytes, Stack size 12 bytes, uidiv.o(.text))
<BR><BR>[Stack]<UL><LI>Max Depth = 12<LI>Call Chain = __aeabi_uidivmod
</UL>
<BR>[Called By]<UL><LI><a href="#[22c]">&gt;&gt;</a>&nbsp;&nbsp;&nbsp;Hex_to_Bcd
<LI><a href="#[198]">&gt;&gt;</a>&nbsp;&nbsp;&nbsp;GetInputAmount
<LI><a href="#[264]">&gt;&gt;</a>&nbsp;&nbsp;&nbsp;TRANS_Batch
<LI><a href="#[7d]">&gt;&gt;</a>&nbsp;&nbsp;&nbsp;Api_IntToBcd
<LI><a href="#[25a]">&gt;&gt;</a>&nbsp;&nbsp;&nbsp;MackField59
<LI><a href="#[259]">&gt;&gt;</a>&nbsp;&nbsp;&nbsp;MackField56
<LI><a href="#[38b]">&gt;&gt;</a>&nbsp;&nbsp;&nbsp;dat_bytetobcd
<LI><a href="#[178]">&gt;&gt;</a>&nbsp;&nbsp;&nbsp;_dat_bintobcd
<LI><a href="#[16b]">&gt;&gt;</a>&nbsp;&nbsp;&nbsp;EMV_TerminalRiskManagement
<LI><a href="#[35f]">&gt;&gt;</a>&nbsp;&nbsp;&nbsp;UpdataCourse
<LI><a href="#[1a1]">&gt;&gt;</a>&nbsp;&nbsp;&nbsp;dat_bintobcd
<LI><a href="#[385]">&gt;&gt;</a>&nbsp;&nbsp;&nbsp;_printf_core
<LI><a href="#[1a]">&gt;&gt;</a>&nbsp;&nbsp;&nbsp;__aeabi_idivmod
<LI><a href="#[16e]">&gt;&gt;</a>&nbsp;&nbsp;&nbsp;GenRandValue
</UL>

<P><STRONG><a name="[3ab]"></a>__aeabi_idiv</STRONG> (Thumb, 0 bytes, Stack size 16 bytes, idiv.o(.text), UNUSED)

<P><STRONG><a name="[1a]"></a>__aeabi_idivmod</STRONG> (Thumb, 40 bytes, Stack size 16 bytes, idiv.o(.text))
<BR><BR>[Stack]<UL><LI>Max Depth = 28<LI>Call Chain = __aeabi_idivmod &rArr; __aeabi_uidivmod
</UL>
<BR>[Calls]<UL><LI><a href="#[1b]">&gt;&gt;</a>&nbsp;&nbsp;&nbsp;__aeabi_uidivmod
</UL>
<BR>[Called By]<UL><LI><a href="#[161]">&gt;&gt;</a>&nbsp;&nbsp;&nbsp;EMV_FindRevocList
<LI><a href="#[178]">&gt;&gt;</a>&nbsp;&nbsp;&nbsp;_dat_bintobcd
<LI><a href="#[37f]">&gt;&gt;</a>&nbsp;&nbsp;&nbsp;_CheckDate
<LI><a href="#[35f]">&gt;&gt;</a>&nbsp;&nbsp;&nbsp;UpdataCourse
<LI><a href="#[1a1]">&gt;&gt;</a>&nbsp;&nbsp;&nbsp;dat_bintobcd
</UL>

<P><STRONG><a name="[1c]"></a>qsort</STRONG> (Thumb, 162 bytes, Stack size 56 bytes, qsort.o(.text))
<BR><BR>[Stack]<UL><LI>Max Depth = 56 + In Cycle
<LI>Call Chain = qsort &rArr;  qsort (Cycle)
</UL>
<BR>[Calls]<UL><LI><a href="#[1c]">&gt;&gt;</a>&nbsp;&nbsp;&nbsp;qsort
</UL>
<BR>[Called By]<UL><LI><a href="#[17b]">&gt;&gt;</a>&nbsp;&nbsp;&nbsp;FinalSelectForLog
<LI><a href="#[177]">&gt;&gt;</a>&nbsp;&nbsp;&nbsp;FinalSelect
<LI><a href="#[10e]">&gt;&gt;</a>&nbsp;&nbsp;&nbsp;Contactless_GetHighestPriority
<LI><a href="#[1c]">&gt;&gt;</a>&nbsp;&nbsp;&nbsp;qsort
</UL>

<P><STRONG><a name="[3ac]"></a>___aeabi_memcpy8$move</STRONG> (Thumb, 0 bytes, Stack size 8 bytes, memmovea.o(.text), UNUSED)

<P><STRONG><a name="[41]"></a>__aeabi_memcpy</STRONG> (Thumb, 64 bytes, Stack size 8 bytes, memmovea.o(.text))
<BR><BR>[Stack]<UL><LI>Max Depth = 8<LI>Call Chain = __aeabi_memcpy
</UL>
<BR>[Called By]<UL><LI><a href="#[1d6]">&gt;&gt;</a>&nbsp;&nbsp;&nbsp;GetBankName
<LI><a href="#[125]">&gt;&gt;</a>&nbsp;&nbsp;&nbsp;FormatDataMoney
<LI><a href="#[2b5]">&gt;&gt;</a>&nbsp;&nbsp;&nbsp;UpdataLog3
<LI><a href="#[335]">&gt;&gt;</a>&nbsp;&nbsp;&nbsp;SeeKOriginalSaleTrade
<LI><a href="#[2fa]">&gt;&gt;</a>&nbsp;&nbsp;&nbsp;SaveReversalData
<LI><a href="#[2c1]">&gt;&gt;</a>&nbsp;&nbsp;&nbsp;SaveLogFile1
<LI><a href="#[2bd]">&gt;&gt;</a>&nbsp;&nbsp;&nbsp;SaveLogFile
<LI><a href="#[2ea]">&gt;&gt;</a>&nbsp;&nbsp;&nbsp;ReadReversalData
<LI><a href="#[2b2]">&gt;&gt;</a>&nbsp;&nbsp;&nbsp;RPrintWantonlyTrade
<LI><a href="#[2d9]">&gt;&gt;</a>&nbsp;&nbsp;&nbsp;RPrintSweepCodeTicket
<LI><a href="#[2ba]">&gt;&gt;</a>&nbsp;&nbsp;&nbsp;Print_TradeTicket
<LI><a href="#[2b4]">&gt;&gt;</a>&nbsp;&nbsp;&nbsp;Print_SweepCodeTicket
<LI><a href="#[2b3]">&gt;&gt;</a>&nbsp;&nbsp;&nbsp;PrintTradeList
<LI><a href="#[2ae]">&gt;&gt;</a>&nbsp;&nbsp;&nbsp;PrintBatchTicket
<LI><a href="#[2ac]">&gt;&gt;</a>&nbsp;&nbsp;&nbsp;PrestoreSweepCodeLogFile
<LI><a href="#[1da]">&gt;&gt;</a>&nbsp;&nbsp;&nbsp;GetBatchUpList1
<LI><a href="#[1d7]">&gt;&gt;</a>&nbsp;&nbsp;&nbsp;GetBatchUpList
<LI><a href="#[128]">&gt;&gt;</a>&nbsp;&nbsp;&nbsp;DisTradeInfor
<LI><a href="#[127]">&gt;&gt;</a>&nbsp;&nbsp;&nbsp;DisSweepCodeTradeInfor
<LI><a href="#[13a]">&gt;&gt;</a>&nbsp;&nbsp;&nbsp;EmvLib_AddCapk
<LI><a href="#[144]">&gt;&gt;</a>&nbsp;&nbsp;&nbsp;DspOperateInfo
<LI><a href="#[30e]">&gt;&gt;</a>&nbsp;&nbsp;&nbsp;SaveInitEmvParam
<LI><a href="#[30d]">&gt;&gt;</a>&nbsp;&nbsp;&nbsp;SaveInitEmvCapk
<LI><a href="#[339]">&gt;&gt;</a>&nbsp;&nbsp;&nbsp;SelfSelected_Merchants_Inquiries
<LI><a href="#[291]">&gt;&gt;</a>&nbsp;&nbsp;&nbsp;ResetFlash
<LI><a href="#[88]">&gt;&gt;</a>&nbsp;&nbsp;&nbsp;ParaInit
<LI><a href="#[87]">&gt;&gt;</a>&nbsp;&nbsp;&nbsp;Api_StandbyBrushCard
<LI><a href="#[354]">&gt;&gt;</a>&nbsp;&nbsp;&nbsp;scanCode
<LI><a href="#[265]">&gt;&gt;</a>&nbsp;&nbsp;&nbsp;TMS_Update
<LI><a href="#[2e0]">&gt;&gt;</a>&nbsp;&nbsp;&nbsp;ReadMagCardTrack
<LI><a href="#[269]">&gt;&gt;</a>&nbsp;&nbsp;&nbsp;OnlineLoadMk
<LI><a href="#[f9]">&gt;&gt;</a>&nbsp;&nbsp;&nbsp;InputPassWordFun
<LI><a href="#[22f]">&gt;&gt;</a>&nbsp;&nbsp;&nbsp;InputAuthorizeCode
<LI><a href="#[198]">&gt;&gt;</a>&nbsp;&nbsp;&nbsp;GetInputAmount
<LI><a href="#[184]">&gt;&gt;</a>&nbsp;&nbsp;&nbsp;EmvLib_GetParam
<LI><a href="#[d5]">&gt;&gt;</a>&nbsp;&nbsp;&nbsp;DownLoadEmvParam
<LI><a href="#[d6]">&gt;&gt;</a>&nbsp;&nbsp;&nbsp;DownLoadCAPK
<LI><a href="#[12d]">&gt;&gt;</a>&nbsp;&nbsp;&nbsp;DispTrackPANFun
<LI><a href="#[82]">&gt;&gt;</a>&nbsp;&nbsp;&nbsp;Api_KbInputFuntionHz
<LI><a href="#[294]">&gt;&gt;</a>&nbsp;&nbsp;&nbsp;TRANS_Void
<LI><a href="#[247]">&gt;&gt;</a>&nbsp;&nbsp;&nbsp;TRANS_Sign
<LI><a href="#[36d]">&gt;&gt;</a>&nbsp;&nbsp;&nbsp;TRANS_Refund
<LI><a href="#[264]">&gt;&gt;</a>&nbsp;&nbsp;&nbsp;TRANS_Batch
<LI><a href="#[2aa]">&gt;&gt;</a>&nbsp;&nbsp;&nbsp;TRANS_AuthCompleteVoid
<LI><a href="#[275]">&gt;&gt;</a>&nbsp;&nbsp;&nbsp;SweepCode_posTophone
<LI><a href="#[276]">&gt;&gt;</a>&nbsp;&nbsp;&nbsp;SweepCode_phoneTopos
<LI><a href="#[23d]">&gt;&gt;</a>&nbsp;&nbsp;&nbsp;JSON_packet
<LI><a href="#[d7]">&gt;&gt;</a>&nbsp;&nbsp;&nbsp;CheckFreePsw
<LI><a href="#[af]">&gt;&gt;</a>&nbsp;&nbsp;&nbsp;BathcRefundProc
<LI><a href="#[2dc]">&gt;&gt;</a>&nbsp;&nbsp;&nbsp;SweepCode_Query
<LI><a href="#[47]">&gt;&gt;</a>&nbsp;&nbsp;&nbsp;InquiryIDOperInfor
<LI><a href="#[341]">&gt;&gt;</a>&nbsp;&nbsp;&nbsp;Set8583PrimaryField
<LI><a href="#[33c]">&gt;&gt;</a>&nbsp;&nbsp;&nbsp;Set8583Packet
<LI><a href="#[b0]">&gt;&gt;</a>&nbsp;&nbsp;&nbsp;SendRecvPacket
<LI><a href="#[2f8]">&gt;&gt;</a>&nbsp;&nbsp;&nbsp;SendBufToTerm
<LI><a href="#[332]">&gt;&gt;</a>&nbsp;&nbsp;&nbsp;Save_termial_para
<LI><a href="#[321]">&gt;&gt;</a>&nbsp;&nbsp;&nbsp;SaveRespond56
<LI><a href="#[320]">&gt;&gt;</a>&nbsp;&nbsp;&nbsp;SaveRespond
<LI><a href="#[2a5]">&gt;&gt;</a>&nbsp;&nbsp;&nbsp;Pre8583Packet
<LI><a href="#[28b]">&gt;&gt;</a>&nbsp;&nbsp;&nbsp;Optional_Merchant_Menu_Processing
<LI><a href="#[138]">&gt;&gt;</a>&nbsp;&nbsp;&nbsp;OnlineTransProc
<LI><a href="#[25f]">&gt;&gt;</a>&nbsp;&nbsp;&nbsp;MackField63
<LI><a href="#[25e]">&gt;&gt;</a>&nbsp;&nbsp;&nbsp;MackField62
<LI><a href="#[25d]">&gt;&gt;</a>&nbsp;&nbsp;&nbsp;MackField61
<LI><a href="#[25c]">&gt;&gt;</a>&nbsp;&nbsp;&nbsp;MackField60
<LI><a href="#[25a]">&gt;&gt;</a>&nbsp;&nbsp;&nbsp;MackField59
<LI><a href="#[259]">&gt;&gt;</a>&nbsp;&nbsp;&nbsp;MackField56
<LI><a href="#[257]">&gt;&gt;</a>&nbsp;&nbsp;&nbsp;MackField55
<LI><a href="#[255]">&gt;&gt;</a>&nbsp;&nbsp;&nbsp;MackField46
<LI><a href="#[252]">&gt;&gt;</a>&nbsp;&nbsp;&nbsp;MackField21
<LI><a href="#[24d]">&gt;&gt;</a>&nbsp;&nbsp;&nbsp;LogonInitKey
<LI><a href="#[1ca]">&gt;&gt;</a>&nbsp;&nbsp;&nbsp;Get8583MsgID
<LI><a href="#[1c8]">&gt;&gt;</a>&nbsp;&nbsp;&nbsp;Get8583Field
<LI><a href="#[124]">&gt;&gt;</a>&nbsp;&nbsp;&nbsp;DisSaleList
<LI><a href="#[bd]">&gt;&gt;</a>&nbsp;&nbsp;&nbsp;CalMAC
<LI><a href="#[352]">&gt;&gt;</a>&nbsp;&nbsp;&nbsp;sweepCodeInit
<LI><a href="#[235]">&gt;&gt;</a>&nbsp;&nbsp;&nbsp;InquiryOperIDCnt
<LI><a href="#[11b]">&gt;&gt;</a>&nbsp;&nbsp;&nbsp;DelOperInfor
<LI><a href="#[4b]">&gt;&gt;</a>&nbsp;&nbsp;&nbsp;AddOperInfor
<LI><a href="#[29d]">&gt;&gt;</a>&nbsp;&nbsp;&nbsp;SysVerifyPasswrod
<LI><a href="#[356]">&gt;&gt;</a>&nbsp;&nbsp;&nbsp;SysParSet
<LI><a href="#[28d]">&gt;&gt;</a>&nbsp;&nbsp;&nbsp;SetTimeFun
<LI><a href="#[26a]">&gt;&gt;</a>&nbsp;&nbsp;&nbsp;ManageVerifyPasswrod
<LI><a href="#[122]">&gt;&gt;</a>&nbsp;&nbsp;&nbsp;DirectorVerifyPasswrod
<LI><a href="#[2d3]">&gt;&gt;</a>&nbsp;&nbsp;&nbsp;QProcEmvTran
<LI><a href="#[251]">&gt;&gt;</a>&nbsp;&nbsp;&nbsp;MMI_ReadCard_Dsp
<LI><a href="#[234]">&gt;&gt;</a>&nbsp;&nbsp;&nbsp;InputPassWordFun_offline
<LI><a href="#[37e]">&gt;&gt;</a>&nbsp;&nbsp;&nbsp;lcdshow
<LI><a href="#[1e5]">&gt;&gt;</a>&nbsp;&nbsp;&nbsp;GetCardFromTrack
<LI><a href="#[18c]">&gt;&gt;</a>&nbsp;&nbsp;&nbsp;EmvLib_ReadAppData
<LI><a href="#[237]">&gt;&gt;</a>&nbsp;&nbsp;&nbsp;ModifyTermCapForApp
<LI><a href="#[1ed]">&gt;&gt;</a>&nbsp;&nbsp;&nbsp;GetEmvTrackData
<LI><a href="#[f8]">&gt;&gt;</a>&nbsp;&nbsp;&nbsp;PubDispString
<LI><a href="#[249]">&gt;&gt;</a>&nbsp;&nbsp;&nbsp;Lib_PciOffLineEncPin
<LI><a href="#[246]">&gt;&gt;</a>&nbsp;&nbsp;&nbsp;Lib_PciGetPin
<LI><a href="#[fa]">&gt;&gt;</a>&nbsp;&nbsp;&nbsp;EmvLib_SetTLV
<LI><a href="#[170]">&gt;&gt;</a>&nbsp;&nbsp;&nbsp;EmvLib_GetTLV
<LI><a href="#[186]">&gt;&gt;</a>&nbsp;&nbsp;&nbsp;EmvLib_GetScriptResult
<LI><a href="#[ba]">&gt;&gt;</a>&nbsp;&nbsp;&nbsp;BuildTLVString
<LI><a href="#[77]">&gt;&gt;</a>&nbsp;&nbsp;&nbsp;Api_DispString
<LI><a href="#[11]">&gt;&gt;</a>&nbsp;&nbsp;&nbsp;cEmvLib_OnlineProc
<LI><a href="#[c]">&gt;&gt;</a>&nbsp;&nbsp;&nbsp;cEmvLib_GetHolderPwd
<LI><a href="#[16]">&gt;&gt;</a>&nbsp;&nbsp;&nbsp;SaveRspICCData
<LI><a href="#[158]">&gt;&gt;</a>&nbsp;&nbsp;&nbsp;FromTimeToY4MMDD
<LI><a href="#[191]">&gt;&gt;</a>&nbsp;&nbsp;&nbsp;EmvLib_SetParam
<LI><a href="#[3f]">&gt;&gt;</a>&nbsp;&nbsp;&nbsp;EmvLib_GetApp
<LI><a href="#[161]">&gt;&gt;</a>&nbsp;&nbsp;&nbsp;EMV_FindRevocList
<LI><a href="#[15e]">&gt;&gt;</a>&nbsp;&nbsp;&nbsp;EMV_FindCAPK
<LI><a href="#[278]">&gt;&gt;</a>&nbsp;&nbsp;&nbsp;NetworkSelectionFunction
<LI><a href="#[395]">&gt;&gt;</a>&nbsp;&nbsp;&nbsp;emv_InitFirst
<LI><a href="#[13]">&gt;&gt;</a>&nbsp;&nbsp;&nbsp;SaveOneAid
<LI><a href="#[4]">&gt;&gt;</a>&nbsp;&nbsp;&nbsp;SaveEmvCapkItem
<LI><a href="#[12]">&gt;&gt;</a>&nbsp;&nbsp;&nbsp;SaveCapkInfoItem
<LI><a href="#[5]">&gt;&gt;</a>&nbsp;&nbsp;&nbsp;SaveAppParamItem
<LI><a href="#[1c6]">&gt;&gt;</a>&nbsp;&nbsp;&nbsp;GenMKAndEnc
<LI><a href="#[159]">&gt;&gt;</a>&nbsp;&nbsp;&nbsp;EMVVerify
<LI><a href="#[121]">&gt;&gt;</a>&nbsp;&nbsp;&nbsp;scc_command_APDU
<LI><a href="#[112]">&gt;&gt;</a>&nbsp;&nbsp;&nbsp;ConvBcdToBin
<LI><a href="#[338]">&gt;&gt;</a>&nbsp;&nbsp;&nbsp;SelectListAID
<LI><a href="#[22d]">&gt;&gt;</a>&nbsp;&nbsp;&nbsp;IsExistEcSupportIndicator
<LI><a href="#[65]">&gt;&gt;</a>&nbsp;&nbsp;&nbsp;FillADFEntry
<LI><a href="#[d1]">&gt;&gt;</a>&nbsp;&nbsp;&nbsp;CheckDataLen
<LI><a href="#[ab]">&gt;&gt;</a>&nbsp;&nbsp;&nbsp;AppMoveToTerminal
<LI><a href="#[5d]">&gt;&gt;</a>&nbsp;&nbsp;&nbsp;AnalysePSEDir
<LI><a href="#[3e]">&gt;&gt;</a>&nbsp;&nbsp;&nbsp;AddCandidateList
<LI><a href="#[11c]">&gt;&gt;</a>&nbsp;&nbsp;&nbsp;DeleteFromtSortAppList
<LI><a href="#[1ab]">&gt;&gt;</a>&nbsp;&nbsp;&nbsp;offlineCombineDSV
<LI><a href="#[16a]">&gt;&gt;</a>&nbsp;&nbsp;&nbsp;_TerminalAndCardActionAnalysis
<LI><a href="#[381]">&gt;&gt;</a>&nbsp;&nbsp;&nbsp;_ProcIssuerDef
<LI><a href="#[167]">&gt;&gt;</a>&nbsp;&nbsp;&nbsp;_OnlineProcessing
<LI><a href="#[175]">&gt;&gt;</a>&nbsp;&nbsp;&nbsp;SelectApp
<LI><a href="#[23a]">&gt;&gt;</a>&nbsp;&nbsp;&nbsp;IssuertoCardScriptProcessing
<LI><a href="#[179]">&gt;&gt;</a>&nbsp;&nbsp;&nbsp;InitApp
<LI><a href="#[17b]">&gt;&gt;</a>&nbsp;&nbsp;&nbsp;FinalSelectForLog
<LI><a href="#[177]">&gt;&gt;</a>&nbsp;&nbsp;&nbsp;FinalSelect
<LI><a href="#[168]">&gt;&gt;</a>&nbsp;&nbsp;&nbsp;EMV_ProcessRestrictions
<LI><a href="#[15a]">&gt;&gt;</a>&nbsp;&nbsp;&nbsp;EMV_CardholderVerification
<LI><a href="#[b6]">&gt;&gt;</a>&nbsp;&nbsp;&nbsp;BuildTDOL
<LI><a href="#[ad]">&gt;&gt;</a>&nbsp;&nbsp;&nbsp;EMV_EC_SetParameter
<LI><a href="#[15d]">&gt;&gt;</a>&nbsp;&nbsp;&nbsp;EMV_EC_Inquiry
<LI><a href="#[14c]">&gt;&gt;</a>&nbsp;&nbsp;&nbsp;GetBER_TLVByTag
<LI><a href="#[61]">&gt;&gt;</a>&nbsp;&nbsp;&nbsp;EmvSelect
<LI><a href="#[18e]">&gt;&gt;</a>&nbsp;&nbsp;&nbsp;EmvReadRecord
<LI><a href="#[14f]">&gt;&gt;</a>&nbsp;&nbsp;&nbsp;EMVGetProcessingOptions
<LI><a href="#[14b]">&gt;&gt;</a>&nbsp;&nbsp;&nbsp;EMVGenerateAC
<LI><a href="#[149]">&gt;&gt;</a>&nbsp;&nbsp;&nbsp;EMVExternalAuthenticate
<LI><a href="#[133]">&gt;&gt;</a>&nbsp;&nbsp;&nbsp;DispartGetProcOp
<LI><a href="#[132]">&gt;&gt;</a>&nbsp;&nbsp;&nbsp;DispartGenAC
<LI><a href="#[153]">&gt;&gt;</a>&nbsp;&nbsp;&nbsp;EMVSignVeri
<LI><a href="#[152]">&gt;&gt;</a>&nbsp;&nbsp;&nbsp;EMVInternalAuthenticate
<LI><a href="#[14e]">&gt;&gt;</a>&nbsp;&nbsp;&nbsp;EMVGetData
<LI><a href="#[14d]">&gt;&gt;</a>&nbsp;&nbsp;&nbsp;EMVGetChallenge
<LI><a href="#[29e]">&gt;&gt;</a>&nbsp;&nbsp;&nbsp;_OfflinePINProcessing
<LI><a href="#[1f8]">&gt;&gt;</a>&nbsp;&nbsp;&nbsp;GetIccPK
<LI><a href="#[1f6]">&gt;&gt;</a>&nbsp;&nbsp;&nbsp;GetIccPINPK
<LI><a href="#[180]">&gt;&gt;</a>&nbsp;&nbsp;&nbsp;OfflineStaticDataAuth
<LI><a href="#[17f]">&gt;&gt;</a>&nbsp;&nbsp;&nbsp;OfflineDynamicDataAuth
<LI><a href="#[1f7]">&gt;&gt;</a>&nbsp;&nbsp;&nbsp;GetIssuerPK
<LI><a href="#[b8]">&gt;&gt;</a>&nbsp;&nbsp;&nbsp;buildDOL
<LI><a href="#[156]">&gt;&gt;</a>&nbsp;&nbsp;&nbsp;_ChangeDateYear
<LI><a href="#[5c]">&gt;&gt;</a>&nbsp;&nbsp;&nbsp;NoConstructAllSeparateBER_TLV
<LI><a href="#[bc]">&gt;&gt;</a>&nbsp;&nbsp;&nbsp;_InputAmt
<LI><a href="#[100]">&gt;&gt;</a>&nbsp;&nbsp;&nbsp;sha4_update
<LI><a href="#[29a]">&gt;&gt;</a>&nbsp;&nbsp;&nbsp;TMS_terminal_parameter_information_processing
<LI><a href="#[35c]">&gt;&gt;</a>&nbsp;&nbsp;&nbsp;TMS_down_requt
<LI><a href="#[135]">&gt;&gt;</a>&nbsp;&nbsp;&nbsp;Display_RetCode
<LI><a href="#[fe]">&gt;&gt;</a>&nbsp;&nbsp;&nbsp;Code_DigitVerify_Calculate
<LI><a href="#[2cf]">&gt;&gt;</a>&nbsp;&nbsp;&nbsp;_cl_EmvReadRecord
<LI><a href="#[2c9]">&gt;&gt;</a>&nbsp;&nbsp;&nbsp;_cl_EmvGetProcessingOptions
<LI><a href="#[27e]">&gt;&gt;</a>&nbsp;&nbsp;&nbsp;_cl_EMVSignVeri
<LI><a href="#[2cc]">&gt;&gt;</a>&nbsp;&nbsp;&nbsp;_CheckAllSFI
<LI><a href="#[2cd]">&gt;&gt;</a>&nbsp;&nbsp;&nbsp;QPboc_ReadAppData
<LI><a href="#[2c7]">&gt;&gt;</a>&nbsp;&nbsp;&nbsp;QPboc_InitApp
<LI><a href="#[27d]">&gt;&gt;</a>&nbsp;&nbsp;&nbsp;OfflineDynamicDataAuth
<LI><a href="#[388]">&gt;&gt;</a>&nbsp;&nbsp;&nbsp;_cl_NoConstructAllSeparateBER_TLV
<LI><a href="#[19a]">&gt;&gt;</a>&nbsp;&nbsp;&nbsp;_cl_EmvSelect
<LI><a href="#[10e]">&gt;&gt;</a>&nbsp;&nbsp;&nbsp;Contactless_GetHighestPriority
<LI><a href="#[10a]">&gt;&gt;</a>&nbsp;&nbsp;&nbsp;ContactlessAddCandidateList
<LI><a href="#[2d2]">&gt;&gt;</a>&nbsp;&nbsp;&nbsp;QPboc_SetTransData
<LI><a href="#[19f]">&gt;&gt;</a>&nbsp;&nbsp;&nbsp;Entry_PreTransProc
<LI><a href="#[19d]">&gt;&gt;</a>&nbsp;&nbsp;&nbsp;Entry_GetPreProcInterFlg
<LI><a href="#[19c]">&gt;&gt;</a>&nbsp;&nbsp;&nbsp;Entry_FinalSelect
<LI><a href="#[19b]">&gt;&gt;</a>&nbsp;&nbsp;&nbsp;Entry_DelCurCandApp
<LI><a href="#[111]">&gt;&gt;</a>&nbsp;&nbsp;&nbsp;LongToDec
<LI><a href="#[2a0]">&gt;&gt;</a>&nbsp;&nbsp;&nbsp;Picc_command_APDU_sim
<LI><a href="#[9c]">&gt;&gt;</a>&nbsp;&nbsp;&nbsp;ResetflashSection71
<LI><a href="#[97]">&gt;&gt;</a>&nbsp;&nbsp;&nbsp;ResetflashSection2
<LI><a href="#[94]">&gt;&gt;</a>&nbsp;&nbsp;&nbsp;ResetflashSection1
<LI><a href="#[de]">&gt;&gt;</a>&nbsp;&nbsp;&nbsp;InitSystemSafety
<LI><a href="#[df]">&gt;&gt;</a>&nbsp;&nbsp;&nbsp;InitSystemInfor
<LI><a href="#[e0]">&gt;&gt;</a>&nbsp;&nbsp;&nbsp;InitDirectorInfor
<LI><a href="#[e1]">&gt;&gt;</a>&nbsp;&nbsp;&nbsp;Init88OperInfor
<LI><a href="#[27f]">&gt;&gt;</a>&nbsp;&nbsp;&nbsp;OnlinePINProcessing
<LI><a href="#[1a9]">&gt;&gt;</a>&nbsp;&nbsp;&nbsp;ForcedOnline
<LI><a href="#[280]">&gt;&gt;</a>&nbsp;&nbsp;&nbsp;OnlinePINProcessing_EC
<LI><a href="#[1c5]">&gt;&gt;</a>&nbsp;&nbsp;&nbsp;GenIssuerResult
<LI><a href="#[120]">&gt;&gt;</a>&nbsp;&nbsp;&nbsp;DirectSendToCard
<LI><a href="#[375]">&gt;&gt;</a>&nbsp;&nbsp;&nbsp;TerminalAction
<LI><a href="#[340]">&gt;&gt;</a>&nbsp;&nbsp;&nbsp;SeparateScript
</UL>

<P><STRONG><a name="[83]"></a>__aeabi_memcpy4</STRONG> (Thumb, 0 bytes, Stack size 8 bytes, memmovea.o(.text))
<BR><BR>[Stack]<UL><LI>Max Depth = 8<LI>Call Chain = __aeabi_memcpy4
</UL>
<BR>[Called By]<UL><LI><a href="#[2b2]">&gt;&gt;</a>&nbsp;&nbsp;&nbsp;RPrintWantonlyTrade
<LI><a href="#[2ba]">&gt;&gt;</a>&nbsp;&nbsp;&nbsp;Print_TradeTicket
<LI><a href="#[2b3]">&gt;&gt;</a>&nbsp;&nbsp;&nbsp;PrintTradeList
<LI><a href="#[2ae]">&gt;&gt;</a>&nbsp;&nbsp;&nbsp;PrintBatchTicket
<LI><a href="#[128]">&gt;&gt;</a>&nbsp;&nbsp;&nbsp;DisTradeInfor
<LI><a href="#[127]">&gt;&gt;</a>&nbsp;&nbsp;&nbsp;DisSweepCodeTradeInfor
<LI><a href="#[87]">&gt;&gt;</a>&nbsp;&nbsp;&nbsp;Api_StandbyBrushCard
<LI><a href="#[354]">&gt;&gt;</a>&nbsp;&nbsp;&nbsp;scanCode
<LI><a href="#[265]">&gt;&gt;</a>&nbsp;&nbsp;&nbsp;TMS_Update
<LI><a href="#[269]">&gt;&gt;</a>&nbsp;&nbsp;&nbsp;OnlineLoadMk
<LI><a href="#[f9]">&gt;&gt;</a>&nbsp;&nbsp;&nbsp;InputPassWordFun
<LI><a href="#[d6]">&gt;&gt;</a>&nbsp;&nbsp;&nbsp;DownLoadCAPK
<LI><a href="#[82]">&gt;&gt;</a>&nbsp;&nbsp;&nbsp;Api_KbInputFuntionHz
<LI><a href="#[275]">&gt;&gt;</a>&nbsp;&nbsp;&nbsp;SweepCode_posTophone
<LI><a href="#[276]">&gt;&gt;</a>&nbsp;&nbsp;&nbsp;SweepCode_phoneTopos
<LI><a href="#[33f]">&gt;&gt;</a>&nbsp;&nbsp;&nbsp;UpdateEmvDupFile
<LI><a href="#[2dc]">&gt;&gt;</a>&nbsp;&nbsp;&nbsp;SweepCode_Query
<LI><a href="#[33c]">&gt;&gt;</a>&nbsp;&nbsp;&nbsp;Set8583Packet
<LI><a href="#[b0]">&gt;&gt;</a>&nbsp;&nbsp;&nbsp;SendRecvPacket
<LI><a href="#[25a]">&gt;&gt;</a>&nbsp;&nbsp;&nbsp;MackField59
<LI><a href="#[257]">&gt;&gt;</a>&nbsp;&nbsp;&nbsp;MackField55
<LI><a href="#[124]">&gt;&gt;</a>&nbsp;&nbsp;&nbsp;DisSaleList
<LI><a href="#[359]">&gt;&gt;</a>&nbsp;&nbsp;&nbsp;SystermManageMenu
<LI><a href="#[114]">&gt;&gt;</a>&nbsp;&nbsp;&nbsp;CtlParFuntion
<LI><a href="#[2d3]">&gt;&gt;</a>&nbsp;&nbsp;&nbsp;QProcEmvTran
<LI><a href="#[251]">&gt;&gt;</a>&nbsp;&nbsp;&nbsp;MMI_ReadCard_Dsp
<LI><a href="#[234]">&gt;&gt;</a>&nbsp;&nbsp;&nbsp;InputPassWordFun_offline
<LI><a href="#[37e]">&gt;&gt;</a>&nbsp;&nbsp;&nbsp;lcdshow
<LI><a href="#[309]">&gt;&gt;</a>&nbsp;&nbsp;&nbsp;SaveScriptResult
<LI><a href="#[2c3]">&gt;&gt;</a>&nbsp;&nbsp;&nbsp;SaveEmvData
<LI><a href="#[267]">&gt;&gt;</a>&nbsp;&nbsp;&nbsp;view_ver
<LI><a href="#[107]">&gt;&gt;</a>&nbsp;&nbsp;&nbsp;sel_mem
<LI><a href="#[293]">&gt;&gt;</a>&nbsp;&nbsp;&nbsp;TradeQuery
<LI><a href="#[35b]">&gt;&gt;</a>&nbsp;&nbsp;&nbsp;TermKeyManageMenu
<LI><a href="#[274]">&gt;&gt;</a>&nbsp;&nbsp;&nbsp;Preauthorization
<LI><a href="#[28c]">&gt;&gt;</a>&nbsp;&nbsp;&nbsp;OtherFunSetMenu
<LI><a href="#[260]">&gt;&gt;</a>&nbsp;&nbsp;&nbsp;ManageMenu
<LI><a href="#[140]">&gt;&gt;</a>&nbsp;&nbsp;&nbsp;DownloadMenu
<LI><a href="#[1ab]">&gt;&gt;</a>&nbsp;&nbsp;&nbsp;offlineCombineDSV
<LI><a href="#[29e]">&gt;&gt;</a>&nbsp;&nbsp;&nbsp;_OfflinePINProcessing
<LI><a href="#[1f8]">&gt;&gt;</a>&nbsp;&nbsp;&nbsp;GetIccPK
<LI><a href="#[1f6]">&gt;&gt;</a>&nbsp;&nbsp;&nbsp;GetIccPINPK
<LI><a href="#[35c]">&gt;&gt;</a>&nbsp;&nbsp;&nbsp;TMS_down_requt
</UL>

<P><STRONG><a name="[342]"></a>__aeabi_memmove</STRONG> (Thumb, 0 bytes, Stack size 8 bytes, memmovea.o(.text))
<BR><BR>[Stack]<UL><LI>Max Depth = 8<LI>Call Chain = __aeabi_memmove
</UL>
<BR>[Called By]<UL><LI><a href="#[33c]">&gt;&gt;</a>&nbsp;&nbsp;&nbsp;Set8583Packet
</UL>

<P><STRONG><a name="[3ad]"></a>__aeabi_memmove4</STRONG> (Thumb, 0 bytes, Stack size 8 bytes, memmovea.o(.text), UNUSED)

<P><STRONG><a name="[3ae]"></a>__aeabi_memmove8</STRONG> (Thumb, 0 bytes, Stack size 8 bytes, memmovea.o(.text), UNUSED)

<P><STRONG><a name="[1e]"></a>__aeabi_memset</STRONG> (Thumb, 14 bytes, Stack size 0 bytes, memseta.o(.text))
<BR><BR>[Called By]<UL><LI><a href="#[2b2]">&gt;&gt;</a>&nbsp;&nbsp;&nbsp;RPrintWantonlyTrade
<LI><a href="#[2ba]">&gt;&gt;</a>&nbsp;&nbsp;&nbsp;Print_TradeTicket
<LI><a href="#[2b4]">&gt;&gt;</a>&nbsp;&nbsp;&nbsp;Print_SweepCodeTicket
<LI><a href="#[2b3]">&gt;&gt;</a>&nbsp;&nbsp;&nbsp;PrintTradeList
<LI><a href="#[1d7]">&gt;&gt;</a>&nbsp;&nbsp;&nbsp;GetBatchUpList
<LI><a href="#[128]">&gt;&gt;</a>&nbsp;&nbsp;&nbsp;DisTradeInfor
<LI><a href="#[144]">&gt;&gt;</a>&nbsp;&nbsp;&nbsp;DspOperateInfo
<LI><a href="#[88]">&gt;&gt;</a>&nbsp;&nbsp;&nbsp;ParaInit
<LI><a href="#[265]">&gt;&gt;</a>&nbsp;&nbsp;&nbsp;TMS_Update
<LI><a href="#[f9]">&gt;&gt;</a>&nbsp;&nbsp;&nbsp;InputPassWordFun
<LI><a href="#[198]">&gt;&gt;</a>&nbsp;&nbsp;&nbsp;GetInputAmount
<LI><a href="#[294]">&gt;&gt;</a>&nbsp;&nbsp;&nbsp;TRANS_Void
<LI><a href="#[2aa]">&gt;&gt;</a>&nbsp;&nbsp;&nbsp;TRANS_AuthCompleteVoid
<LI><a href="#[2a5]">&gt;&gt;</a>&nbsp;&nbsp;&nbsp;Pre8583Packet
<LI><a href="#[257]">&gt;&gt;</a>&nbsp;&nbsp;&nbsp;MackField55
<LI><a href="#[234]">&gt;&gt;</a>&nbsp;&nbsp;&nbsp;InputPassWordFun_offline
<LI><a href="#[77]">&gt;&gt;</a>&nbsp;&nbsp;&nbsp;Api_DispString
<LI><a href="#[c]">&gt;&gt;</a>&nbsp;&nbsp;&nbsp;cEmvLib_GetHolderPwd
<LI><a href="#[153]">&gt;&gt;</a>&nbsp;&nbsp;&nbsp;EMVSignVeri
<LI><a href="#[b8]">&gt;&gt;</a>&nbsp;&nbsp;&nbsp;buildDOL
<LI><a href="#[35c]">&gt;&gt;</a>&nbsp;&nbsp;&nbsp;TMS_down_requt
<LI><a href="#[fe]">&gt;&gt;</a>&nbsp;&nbsp;&nbsp;Code_DigitVerify_Calculate
<LI><a href="#[27e]">&gt;&gt;</a>&nbsp;&nbsp;&nbsp;_cl_EMVSignVeri
<LI><a href="#[98]">&gt;&gt;</a>&nbsp;&nbsp;&nbsp;CheckInitState
<LI><a href="#[1f]">&gt;&gt;</a>&nbsp;&nbsp;&nbsp;_memset$wrapper
<LI><a href="#[1d]">&gt;&gt;</a>&nbsp;&nbsp;&nbsp;__aeabi_memclr
</UL>

<P><STRONG><a name="[3af]"></a>__aeabi_memset4</STRONG> (Thumb, 0 bytes, Stack size 0 bytes, memseta.o(.text), UNUSED)

<P><STRONG><a name="[3b0]"></a>__aeabi_memset8</STRONG> (Thumb, 0 bytes, Stack size 0 bytes, memseta.o(.text), UNUSED)

<P><STRONG><a name="[1d]"></a>__aeabi_memclr</STRONG> (Thumb, 4 bytes, Stack size 0 bytes, memseta.o(.text))
<BR><BR>[Calls]<UL><LI><a href="#[1e]">&gt;&gt;</a>&nbsp;&nbsp;&nbsp;__aeabi_memset
</UL>
<BR>[Called By]<UL><LI><a href="#[2b2]">&gt;&gt;</a>&nbsp;&nbsp;&nbsp;RPrintWantonlyTrade
<LI><a href="#[2ba]">&gt;&gt;</a>&nbsp;&nbsp;&nbsp;Print_TradeTicket
<LI><a href="#[2b4]">&gt;&gt;</a>&nbsp;&nbsp;&nbsp;Print_SweepCodeTicket
<LI><a href="#[2ae]">&gt;&gt;</a>&nbsp;&nbsp;&nbsp;PrintBatchTicket
<LI><a href="#[13f]">&gt;&gt;</a>&nbsp;&nbsp;&nbsp;ReadTermAidList
<LI><a href="#[88]">&gt;&gt;</a>&nbsp;&nbsp;&nbsp;ParaInit
<LI><a href="#[87]">&gt;&gt;</a>&nbsp;&nbsp;&nbsp;Api_StandbyBrushCard
<LI><a href="#[265]">&gt;&gt;</a>&nbsp;&nbsp;&nbsp;TMS_Update
<LI><a href="#[2e0]">&gt;&gt;</a>&nbsp;&nbsp;&nbsp;ReadMagCardTrack
<LI><a href="#[22f]">&gt;&gt;</a>&nbsp;&nbsp;&nbsp;InputAuthorizeCode
<LI><a href="#[36b]">&gt;&gt;</a>&nbsp;&nbsp;&nbsp;TRANS_UpBatchEnd
<LI><a href="#[247]">&gt;&gt;</a>&nbsp;&nbsp;&nbsp;TRANS_Sign
<LI><a href="#[264]">&gt;&gt;</a>&nbsp;&nbsp;&nbsp;TRANS_Batch
<LI><a href="#[23d]">&gt;&gt;</a>&nbsp;&nbsp;&nbsp;JSON_packet
<LI><a href="#[b0]">&gt;&gt;</a>&nbsp;&nbsp;&nbsp;SendRecvPacket
<LI><a href="#[249]">&gt;&gt;</a>&nbsp;&nbsp;&nbsp;Lib_PciOffLineEncPin
<LI><a href="#[189]">&gt;&gt;</a>&nbsp;&nbsp;&nbsp;s_InitAppList
<LI><a href="#[187]">&gt;&gt;</a>&nbsp;&nbsp;&nbsp;EmvLib_Init
<LI><a href="#[395]">&gt;&gt;</a>&nbsp;&nbsp;&nbsp;emv_InitFirst
<LI><a href="#[3e]">&gt;&gt;</a>&nbsp;&nbsp;&nbsp;AddCandidateList
<LI><a href="#[175]">&gt;&gt;</a>&nbsp;&nbsp;&nbsp;SelectApp
<LI><a href="#[179]">&gt;&gt;</a>&nbsp;&nbsp;&nbsp;InitApp
<LI><a href="#[17b]">&gt;&gt;</a>&nbsp;&nbsp;&nbsp;FinalSelectForLog
<LI><a href="#[177]">&gt;&gt;</a>&nbsp;&nbsp;&nbsp;FinalSelect
<LI><a href="#[ad]">&gt;&gt;</a>&nbsp;&nbsp;&nbsp;EMV_EC_SetParameter
<LI><a href="#[15c]">&gt;&gt;</a>&nbsp;&nbsp;&nbsp;EMV_ClearALLTLVData
<LI><a href="#[1f8]">&gt;&gt;</a>&nbsp;&nbsp;&nbsp;GetIccPK
<LI><a href="#[1f6]">&gt;&gt;</a>&nbsp;&nbsp;&nbsp;GetIccPINPK
<LI><a href="#[180]">&gt;&gt;</a>&nbsp;&nbsp;&nbsp;OfflineStaticDataAuth
<LI><a href="#[17f]">&gt;&gt;</a>&nbsp;&nbsp;&nbsp;OfflineDynamicDataAuth
<LI><a href="#[b8]">&gt;&gt;</a>&nbsp;&nbsp;&nbsp;buildDOL
<LI><a href="#[2c7]">&gt;&gt;</a>&nbsp;&nbsp;&nbsp;QPboc_InitApp
<LI><a href="#[27d]">&gt;&gt;</a>&nbsp;&nbsp;&nbsp;OfflineDynamicDataAuth
<LI><a href="#[10a]">&gt;&gt;</a>&nbsp;&nbsp;&nbsp;ContactlessAddCandidateList
<LI><a href="#[19f]">&gt;&gt;</a>&nbsp;&nbsp;&nbsp;Entry_PreTransProc
<LI><a href="#[19d]">&gt;&gt;</a>&nbsp;&nbsp;&nbsp;Entry_GetPreProcInterFlg
<LI><a href="#[1c5]">&gt;&gt;</a>&nbsp;&nbsp;&nbsp;GenIssuerResult
</UL>

<P><STRONG><a name="[70]"></a>__aeabi_memclr4</STRONG> (Thumb, 0 bytes, Stack size 0 bytes, memseta.o(.text))
<BR><BR>[Called By]<UL><LI><a href="#[75]">&gt;&gt;</a>&nbsp;&nbsp;&nbsp;Lib_ScrPrintxy
<LI><a href="#[24b]">&gt;&gt;</a>&nbsp;&nbsp;&nbsp;Lib_PrnStr
<LI><a href="#[233]">&gt;&gt;</a>&nbsp;&nbsp;&nbsp;InputOldVoucher
<LI><a href="#[372]">&gt;&gt;</a>&nbsp;&nbsp;&nbsp;VerfyBatchUpList1
<LI><a href="#[371]">&gt;&gt;</a>&nbsp;&nbsp;&nbsp;VerfyBatchUpList
<LI><a href="#[2b5]">&gt;&gt;</a>&nbsp;&nbsp;&nbsp;UpdataLog3
<LI><a href="#[2c0]">&gt;&gt;</a>&nbsp;&nbsp;&nbsp;UpdataLog2
<LI><a href="#[2bf]">&gt;&gt;</a>&nbsp;&nbsp;&nbsp;UpdataLog1
<LI><a href="#[2be]">&gt;&gt;</a>&nbsp;&nbsp;&nbsp;UpdataLog
<LI><a href="#[37b]">&gt;&gt;</a>&nbsp;&nbsp;&nbsp;TradeVoucherQuery
<LI><a href="#[2de]">&gt;&gt;</a>&nbsp;&nbsp;&nbsp;SeeSweepCodePayInfor
<LI><a href="#[2dd]">&gt;&gt;</a>&nbsp;&nbsp;&nbsp;SeeKOriginalTradeInfor
<LI><a href="#[335]">&gt;&gt;</a>&nbsp;&nbsp;&nbsp;SeeKOriginalSaleTrade
<LI><a href="#[334]">&gt;&gt;</a>&nbsp;&nbsp;&nbsp;SeeKOriginalAuthVoidTrade
<LI><a href="#[2c1]">&gt;&gt;</a>&nbsp;&nbsp;&nbsp;SaveLogFile1
<LI><a href="#[2bd]">&gt;&gt;</a>&nbsp;&nbsp;&nbsp;SaveLogFile
<LI><a href="#[2b2]">&gt;&gt;</a>&nbsp;&nbsp;&nbsp;RPrintWantonlyTrade
<LI><a href="#[2d8]">&gt;&gt;</a>&nbsp;&nbsp;&nbsp;QueryTradeList
<LI><a href="#[2ba]">&gt;&gt;</a>&nbsp;&nbsp;&nbsp;Print_TradeTicket
<LI><a href="#[2b4]">&gt;&gt;</a>&nbsp;&nbsp;&nbsp;Print_SweepCodeTicket
<LI><a href="#[2b3]">&gt;&gt;</a>&nbsp;&nbsp;&nbsp;PrintTradeList
<LI><a href="#[2ae]">&gt;&gt;</a>&nbsp;&nbsp;&nbsp;PrintBatchTicket
<LI><a href="#[2ac]">&gt;&gt;</a>&nbsp;&nbsp;&nbsp;PrestoreSweepCodeLogFile
<LI><a href="#[240]">&gt;&gt;</a>&nbsp;&nbsp;&nbsp;Lib_FileRemove
<LI><a href="#[222]">&gt;&gt;</a>&nbsp;&nbsp;&nbsp;GetTotleList
<LI><a href="#[1de]">&gt;&gt;</a>&nbsp;&nbsp;&nbsp;GetBatchUpNum
<LI><a href="#[1da]">&gt;&gt;</a>&nbsp;&nbsp;&nbsp;GetBatchUpList1
<LI><a href="#[1d7]">&gt;&gt;</a>&nbsp;&nbsp;&nbsp;GetBatchUpList
<LI><a href="#[128]">&gt;&gt;</a>&nbsp;&nbsp;&nbsp;DisTradeInfor
<LI><a href="#[127]">&gt;&gt;</a>&nbsp;&nbsp;&nbsp;DisSweepCodeTradeInfor
<LI><a href="#[e5]">&gt;&gt;</a>&nbsp;&nbsp;&nbsp;CheckReverseInfor
<LI><a href="#[144]">&gt;&gt;</a>&nbsp;&nbsp;&nbsp;DspOperateInfo
<LI><a href="#[30e]">&gt;&gt;</a>&nbsp;&nbsp;&nbsp;SaveInitEmvParam
<LI><a href="#[30d]">&gt;&gt;</a>&nbsp;&nbsp;&nbsp;SaveInitEmvCapk
<LI><a href="#[339]">&gt;&gt;</a>&nbsp;&nbsp;&nbsp;SelfSelected_Merchants_Inquiries
<LI><a href="#[a7]">&gt;&gt;</a>&nbsp;&nbsp;&nbsp;ResetflashSection16
<LI><a href="#[291]">&gt;&gt;</a>&nbsp;&nbsp;&nbsp;ResetFlash
<LI><a href="#[88]">&gt;&gt;</a>&nbsp;&nbsp;&nbsp;ParaInit
<LI><a href="#[87]">&gt;&gt;</a>&nbsp;&nbsp;&nbsp;Api_StandbyBrushCard
<LI><a href="#[6f]">&gt;&gt;</a>&nbsp;&nbsp;&nbsp;Api_DStandbyScreen
<LI><a href="#[2]">&gt;&gt;</a>&nbsp;&nbsp;&nbsp;main
<LI><a href="#[354]">&gt;&gt;</a>&nbsp;&nbsp;&nbsp;scanCode
<LI><a href="#[368]">&gt;&gt;</a>&nbsp;&nbsp;&nbsp;ZhuGuanVerifyPasswrod
<LI><a href="#[265]">&gt;&gt;</a>&nbsp;&nbsp;&nbsp;TMS_Update
<LI><a href="#[2e0]">&gt;&gt;</a>&nbsp;&nbsp;&nbsp;ReadMagCardTrack
<LI><a href="#[269]">&gt;&gt;</a>&nbsp;&nbsp;&nbsp;OnlineLoadMk
<LI><a href="#[1e4]">&gt;&gt;</a>&nbsp;&nbsp;&nbsp;InsertCardProc
<LI><a href="#[f9]">&gt;&gt;</a>&nbsp;&nbsp;&nbsp;InputPassWordFun
<LI><a href="#[232]">&gt;&gt;</a>&nbsp;&nbsp;&nbsp;InputOldTradeDate
<LI><a href="#[231]">&gt;&gt;</a>&nbsp;&nbsp;&nbsp;InputOldReference
<LI><a href="#[230]">&gt;&gt;</a>&nbsp;&nbsp;&nbsp;InputCardValid
<LI><a href="#[198]">&gt;&gt;</a>&nbsp;&nbsp;&nbsp;GetInputAmount
<LI><a href="#[197]">&gt;&gt;</a>&nbsp;&nbsp;&nbsp;EnterTradeAmountFun
<LI><a href="#[d5]">&gt;&gt;</a>&nbsp;&nbsp;&nbsp;DownLoadEmvParam
<LI><a href="#[d6]">&gt;&gt;</a>&nbsp;&nbsp;&nbsp;DownLoadCAPK
<LI><a href="#[12d]">&gt;&gt;</a>&nbsp;&nbsp;&nbsp;DispTrackPANFun
<LI><a href="#[82]">&gt;&gt;</a>&nbsp;&nbsp;&nbsp;Api_KbInputFuntionHz
<LI><a href="#[294]">&gt;&gt;</a>&nbsp;&nbsp;&nbsp;TRANS_Void
<LI><a href="#[247]">&gt;&gt;</a>&nbsp;&nbsp;&nbsp;TRANS_Sign
<LI><a href="#[264]">&gt;&gt;</a>&nbsp;&nbsp;&nbsp;TRANS_Batch
<LI><a href="#[2aa]">&gt;&gt;</a>&nbsp;&nbsp;&nbsp;TRANS_AuthCompleteVoid
<LI><a href="#[2a9]">&gt;&gt;</a>&nbsp;&nbsp;&nbsp;TRANS_AuthComplete
<LI><a href="#[2ab]">&gt;&gt;</a>&nbsp;&nbsp;&nbsp;TRANS_AuthCancel
<LI><a href="#[275]">&gt;&gt;</a>&nbsp;&nbsp;&nbsp;SweepCode_posTophone
<LI><a href="#[276]">&gt;&gt;</a>&nbsp;&nbsp;&nbsp;SweepCode_phoneTopos
<LI><a href="#[23d]">&gt;&gt;</a>&nbsp;&nbsp;&nbsp;JSON_packet
<LI><a href="#[db]">&gt;&gt;</a>&nbsp;&nbsp;&nbsp;CheckFreeSign
<LI><a href="#[d7]">&gt;&gt;</a>&nbsp;&nbsp;&nbsp;CheckFreePsw
<LI><a href="#[33f]">&gt;&gt;</a>&nbsp;&nbsp;&nbsp;UpdateEmvDupFile
<LI><a href="#[2dc]">&gt;&gt;</a>&nbsp;&nbsp;&nbsp;SweepCode_Query
<LI><a href="#[47]">&gt;&gt;</a>&nbsp;&nbsp;&nbsp;InquiryIDOperInfor
<LI><a href="#[33c]">&gt;&gt;</a>&nbsp;&nbsp;&nbsp;Set8583Packet
<LI><a href="#[b0]">&gt;&gt;</a>&nbsp;&nbsp;&nbsp;SendRecvPacket
<LI><a href="#[2f8]">&gt;&gt;</a>&nbsp;&nbsp;&nbsp;SendBufToTerm
<LI><a href="#[332]">&gt;&gt;</a>&nbsp;&nbsp;&nbsp;Save_termial_para
<LI><a href="#[2db]">&gt;&gt;</a>&nbsp;&nbsp;&nbsp;QueryTrans_Sale
<LI><a href="#[28b]">&gt;&gt;</a>&nbsp;&nbsp;&nbsp;Optional_Merchant_Menu_Processing
<LI><a href="#[25e]">&gt;&gt;</a>&nbsp;&nbsp;&nbsp;MackField62
<LI><a href="#[25a]">&gt;&gt;</a>&nbsp;&nbsp;&nbsp;MackField59
<LI><a href="#[259]">&gt;&gt;</a>&nbsp;&nbsp;&nbsp;MackField56
<LI><a href="#[257]">&gt;&gt;</a>&nbsp;&nbsp;&nbsp;MackField55
<LI><a href="#[24d]">&gt;&gt;</a>&nbsp;&nbsp;&nbsp;LogonInitKey
<LI><a href="#[124]">&gt;&gt;</a>&nbsp;&nbsp;&nbsp;DisSaleList
<LI><a href="#[352]">&gt;&gt;</a>&nbsp;&nbsp;&nbsp;sweepCodeInit
<LI><a href="#[288]">&gt;&gt;</a>&nbsp;&nbsp;&nbsp;Systerm88Menu
<LI><a href="#[235]">&gt;&gt;</a>&nbsp;&nbsp;&nbsp;InquiryOperIDCnt
<LI><a href="#[109]">&gt;&gt;</a>&nbsp;&nbsp;&nbsp;WiFiSetFuntion
<LI><a href="#[37a]">&gt;&gt;</a>&nbsp;&nbsp;&nbsp;TradeOtherSwitch
<LI><a href="#[104]">&gt;&gt;</a>&nbsp;&nbsp;&nbsp;TPDU2SetFuntion
<LI><a href="#[356]">&gt;&gt;</a>&nbsp;&nbsp;&nbsp;SysParSet
<LI><a href="#[28d]">&gt;&gt;</a>&nbsp;&nbsp;&nbsp;SetTimeFun
<LI><a href="#[2d6]">&gt;&gt;</a>&nbsp;&nbsp;&nbsp;QueryOperFuntion
<LI><a href="#[26c]">&gt;&gt;</a>&nbsp;&nbsp;&nbsp;MerchantsParaSet
<LI><a href="#[228]">&gt;&gt;</a>&nbsp;&nbsp;&nbsp;HandSetKeyFuntion
<LI><a href="#[105]">&gt;&gt;</a>&nbsp;&nbsp;&nbsp;GPRSSetFuntion
<LI><a href="#[114]">&gt;&gt;</a>&nbsp;&nbsp;&nbsp;CtlParFuntion
<LI><a href="#[2d3]">&gt;&gt;</a>&nbsp;&nbsp;&nbsp;QProcEmvTran
<LI><a href="#[251]">&gt;&gt;</a>&nbsp;&nbsp;&nbsp;MMI_ReadCard_Dsp
<LI><a href="#[1f9]">&gt;&gt;</a>&nbsp;&nbsp;&nbsp;LCD_Display
<LI><a href="#[234]">&gt;&gt;</a>&nbsp;&nbsp;&nbsp;InputPassWordFun_offline
<LI><a href="#[81]">&gt;&gt;</a>&nbsp;&nbsp;&nbsp;EnterSequenceNumber
<LI><a href="#[37e]">&gt;&gt;</a>&nbsp;&nbsp;&nbsp;lcdshow
<LI><a href="#[18c]">&gt;&gt;</a>&nbsp;&nbsp;&nbsp;EmvLib_ReadAppData
<LI><a href="#[2c2]">&gt;&gt;</a>&nbsp;&nbsp;&nbsp;VlpBalFromIssuerAppData
<LI><a href="#[1ed]">&gt;&gt;</a>&nbsp;&nbsp;&nbsp;GetEmvTrackData
<LI><a href="#[16f]">&gt;&gt;</a>&nbsp;&nbsp;&nbsp;EcAppQue
<LI><a href="#[f8]">&gt;&gt;</a>&nbsp;&nbsp;&nbsp;PubDispString
<LI><a href="#[246]">&gt;&gt;</a>&nbsp;&nbsp;&nbsp;Lib_PciGetPin
<LI><a href="#[f]">&gt;&gt;</a>&nbsp;&nbsp;&nbsp;cEmvLib_WaitAppSel
<LI><a href="#[b]">&gt;&gt;</a>&nbsp;&nbsp;&nbsp;cEmvLib_VerifyCert
<LI><a href="#[11]">&gt;&gt;</a>&nbsp;&nbsp;&nbsp;cEmvLib_OnlineProc
<LI><a href="#[9]">&gt;&gt;</a>&nbsp;&nbsp;&nbsp;cEmvLib_InputAmt
<LI><a href="#[c]">&gt;&gt;</a>&nbsp;&nbsp;&nbsp;cEmvLib_GetHolderPwd
<LI><a href="#[308]">&gt;&gt;</a>&nbsp;&nbsp;&nbsp;SetOnlineData
<LI><a href="#[309]">&gt;&gt;</a>&nbsp;&nbsp;&nbsp;SaveScriptResult
<LI><a href="#[267]">&gt;&gt;</a>&nbsp;&nbsp;&nbsp;view_ver
<LI><a href="#[107]">&gt;&gt;</a>&nbsp;&nbsp;&nbsp;sel_mem
<LI><a href="#[35b]">&gt;&gt;</a>&nbsp;&nbsp;&nbsp;TermKeyManageMenu
<LI><a href="#[355]">&gt;&gt;</a>&nbsp;&nbsp;&nbsp;SweepParameterSet
<LI><a href="#[278]">&gt;&gt;</a>&nbsp;&nbsp;&nbsp;NetworkSelectionFunction
<LI><a href="#[260]">&gt;&gt;</a>&nbsp;&nbsp;&nbsp;ManageMenu
<LI><a href="#[76]">&gt;&gt;</a>&nbsp;&nbsp;&nbsp;DispLog
<LI><a href="#[1c6]">&gt;&gt;</a>&nbsp;&nbsp;&nbsp;GenMKAndEnc
<LI><a href="#[121]">&gt;&gt;</a>&nbsp;&nbsp;&nbsp;scc_command_APDU
<LI><a href="#[338]">&gt;&gt;</a>&nbsp;&nbsp;&nbsp;SelectListAID
<LI><a href="#[175]">&gt;&gt;</a>&nbsp;&nbsp;&nbsp;SelectApp
<LI><a href="#[179]">&gt;&gt;</a>&nbsp;&nbsp;&nbsp;InitApp
<LI><a href="#[17b]">&gt;&gt;</a>&nbsp;&nbsp;&nbsp;FinalSelectForLog
<LI><a href="#[177]">&gt;&gt;</a>&nbsp;&nbsp;&nbsp;FinalSelect
<LI><a href="#[16b]">&gt;&gt;</a>&nbsp;&nbsp;&nbsp;EMV_TerminalRiskManagement
<LI><a href="#[15d]">&gt;&gt;</a>&nbsp;&nbsp;&nbsp;EMV_EC_Inquiry
<LI><a href="#[149]">&gt;&gt;</a>&nbsp;&nbsp;&nbsp;EMVExternalAuthenticate
<LI><a href="#[180]">&gt;&gt;</a>&nbsp;&nbsp;&nbsp;OfflineStaticDataAuth
<LI><a href="#[bb]">&gt;&gt;</a>&nbsp;&nbsp;&nbsp;Buildcdol1
<LI><a href="#[bc]">&gt;&gt;</a>&nbsp;&nbsp;&nbsp;_InputAmt
<LI><a href="#[35f]">&gt;&gt;</a>&nbsp;&nbsp;&nbsp;UpdataCourse
<LI><a href="#[29a]">&gt;&gt;</a>&nbsp;&nbsp;&nbsp;TMS_terminal_parameter_information_processing
<LI><a href="#[35c]">&gt;&gt;</a>&nbsp;&nbsp;&nbsp;TMS_down_requt
<LI><a href="#[135]">&gt;&gt;</a>&nbsp;&nbsp;&nbsp;Display_RetCode
<LI><a href="#[fe]">&gt;&gt;</a>&nbsp;&nbsp;&nbsp;Code_DigitVerify_Calculate
<LI><a href="#[fb]">&gt;&gt;</a>&nbsp;&nbsp;&nbsp;Code_Crc_Calculate
<LI><a href="#[2c9]">&gt;&gt;</a>&nbsp;&nbsp;&nbsp;_cl_EmvGetProcessingOptions
<LI><a href="#[2ca]">&gt;&gt;</a>&nbsp;&nbsp;&nbsp;QPboc_Proctrans
<LI><a href="#[f6]">&gt;&gt;</a>&nbsp;&nbsp;&nbsp;Clss_transmit
<LI><a href="#[2a0]">&gt;&gt;</a>&nbsp;&nbsp;&nbsp;Picc_command_APDU_sim
<LI><a href="#[9e]">&gt;&gt;</a>&nbsp;&nbsp;&nbsp;ResetflashSection9
<LI><a href="#[9d]">&gt;&gt;</a>&nbsp;&nbsp;&nbsp;ResetflashSection8
<LI><a href="#[9c]">&gt;&gt;</a>&nbsp;&nbsp;&nbsp;ResetflashSection71
<LI><a href="#[9b]">&gt;&gt;</a>&nbsp;&nbsp;&nbsp;ResetflashSection7
<LI><a href="#[9a]">&gt;&gt;</a>&nbsp;&nbsp;&nbsp;ResetflashSection5
<LI><a href="#[99]">&gt;&gt;</a>&nbsp;&nbsp;&nbsp;ResetflashSection4
<LI><a href="#[97]">&gt;&gt;</a>&nbsp;&nbsp;&nbsp;ResetflashSection2
<LI><a href="#[a9]">&gt;&gt;</a>&nbsp;&nbsp;&nbsp;ResetflashSection172
<LI><a href="#[a8]">&gt;&gt;</a>&nbsp;&nbsp;&nbsp;ResetflashSection171
<LI><a href="#[a3]">&gt;&gt;</a>&nbsp;&nbsp;&nbsp;ResetflashSection15
<LI><a href="#[a2]">&gt;&gt;</a>&nbsp;&nbsp;&nbsp;ResetflashSection14
<LI><a href="#[a1]">&gt;&gt;</a>&nbsp;&nbsp;&nbsp;ResetflashSection13
<LI><a href="#[a0]">&gt;&gt;</a>&nbsp;&nbsp;&nbsp;ResetflashSection12
<LI><a href="#[9f]">&gt;&gt;</a>&nbsp;&nbsp;&nbsp;ResetflashSection10
<LI><a href="#[94]">&gt;&gt;</a>&nbsp;&nbsp;&nbsp;ResetflashSection1
</UL>

<P><STRONG><a name="[3b1]"></a>__aeabi_memclr8</STRONG> (Thumb, 0 bytes, Stack size 0 bytes, memseta.o(.text), UNUSED)

<P><STRONG><a name="[1f]"></a>_memset$wrapper</STRONG> (Thumb, 18 bytes, Stack size 8 bytes, memseta.o(.text), UNUSED)
<BR><BR>[Calls]<UL><LI><a href="#[1e]">&gt;&gt;</a>&nbsp;&nbsp;&nbsp;__aeabi_memset
</UL>

<P><STRONG><a name="[23e]"></a>strcat</STRONG> (Thumb, 24 bytes, Stack size 0 bytes, strcat.o(.text))
<BR><BR>[Called By]<UL><LI><a href="#[1f9]">&gt;&gt;</a>&nbsp;&nbsp;&nbsp;LCD_Display
</UL>

<P><STRONG><a name="[8c]"></a>strstr</STRONG> (Thumb, 40 bytes, Stack size 12 bytes, strstr.o(.text))
<BR><BR>[Stack]<UL><LI>Max Depth = 12<LI>Call Chain = strstr
</UL>
<BR>[Called By]<UL><LI><a href="#[87]">&gt;&gt;</a>&nbsp;&nbsp;&nbsp;Api_StandbyBrushCard
<LI><a href="#[2d3]">&gt;&gt;</a>&nbsp;&nbsp;&nbsp;QProcEmvTran
</UL>

<P><STRONG><a name="[8d]"></a>strncpy</STRONG> (Thumb, 26 bytes, Stack size 8 bytes, strncpy.o(.text))
<BR><BR>[Stack]<UL><LI>Max Depth = 8<LI>Call Chain = strncpy
</UL>
<BR>[Called By]<UL><LI><a href="#[87]">&gt;&gt;</a>&nbsp;&nbsp;&nbsp;Api_StandbyBrushCard
<LI><a href="#[2d3]">&gt;&gt;</a>&nbsp;&nbsp;&nbsp;QProcEmvTran
<LI><a href="#[1f9]">&gt;&gt;</a>&nbsp;&nbsp;&nbsp;LCD_Display
</UL>

<P><STRONG><a name="[45]"></a>strlen</STRONG> (Thumb, 14 bytes, Stack size 0 bytes, strlen.o(.text))
<BR><BR>[Called By]<UL><LI><a href="#[24b]">&gt;&gt;</a>&nbsp;&nbsp;&nbsp;Lib_PrnStr
<LI><a href="#[125]">&gt;&gt;</a>&nbsp;&nbsp;&nbsp;FormatDataMoney
<LI><a href="#[2b2]">&gt;&gt;</a>&nbsp;&nbsp;&nbsp;RPrintWantonlyTrade
<LI><a href="#[2ba]">&gt;&gt;</a>&nbsp;&nbsp;&nbsp;Print_TradeTicket
<LI><a href="#[2b3]">&gt;&gt;</a>&nbsp;&nbsp;&nbsp;PrintTradeList
<LI><a href="#[1d7]">&gt;&gt;</a>&nbsp;&nbsp;&nbsp;GetBatchUpList
<LI><a href="#[128]">&gt;&gt;</a>&nbsp;&nbsp;&nbsp;DisTradeInfor
<LI><a href="#[126]">&gt;&gt;</a>&nbsp;&nbsp;&nbsp;DisSummary
<LI><a href="#[144]">&gt;&gt;</a>&nbsp;&nbsp;&nbsp;DspOperateInfo
<LI><a href="#[2e0]">&gt;&gt;</a>&nbsp;&nbsp;&nbsp;ReadMagCardTrack
<LI><a href="#[1e4]">&gt;&gt;</a>&nbsp;&nbsp;&nbsp;InsertCardProc
<LI><a href="#[f9]">&gt;&gt;</a>&nbsp;&nbsp;&nbsp;InputPassWordFun
<LI><a href="#[12d]">&gt;&gt;</a>&nbsp;&nbsp;&nbsp;DispTrackPANFun
<LI><a href="#[82]">&gt;&gt;</a>&nbsp;&nbsp;&nbsp;Api_KbInputFuntionHz
<LI><a href="#[294]">&gt;&gt;</a>&nbsp;&nbsp;&nbsp;TRANS_Void
<LI><a href="#[d7]">&gt;&gt;</a>&nbsp;&nbsp;&nbsp;CheckFreePsw
<LI><a href="#[1a8]">&gt;&gt;</a>&nbsp;&nbsp;&nbsp;menumodle
<LI><a href="#[333]">&gt;&gt;</a>&nbsp;&nbsp;&nbsp;UTF8ToGBK
<LI><a href="#[2dc]">&gt;&gt;</a>&nbsp;&nbsp;&nbsp;SweepCode_Query
<LI><a href="#[33c]">&gt;&gt;</a>&nbsp;&nbsp;&nbsp;Set8583Packet
<LI><a href="#[2f8]">&gt;&gt;</a>&nbsp;&nbsp;&nbsp;SendBufToTerm
<LI><a href="#[332]">&gt;&gt;</a>&nbsp;&nbsp;&nbsp;Save_termial_para
<LI><a href="#[2a5]">&gt;&gt;</a>&nbsp;&nbsp;&nbsp;Pre8583Packet
<LI><a href="#[25a]">&gt;&gt;</a>&nbsp;&nbsp;&nbsp;MackField59
<LI><a href="#[257]">&gt;&gt;</a>&nbsp;&nbsp;&nbsp;MackField55
<LI><a href="#[56]">&gt;&gt;</a>&nbsp;&nbsp;&nbsp;DispRetCode
<LI><a href="#[34a]">&gt;&gt;</a>&nbsp;&nbsp;&nbsp;SetKeyInDex
<LI><a href="#[2d3]">&gt;&gt;</a>&nbsp;&nbsp;&nbsp;QProcEmvTran
<LI><a href="#[1f9]">&gt;&gt;</a>&nbsp;&nbsp;&nbsp;LCD_Display
<LI><a href="#[37e]">&gt;&gt;</a>&nbsp;&nbsp;&nbsp;lcdshow
<LI><a href="#[1ee]">&gt;&gt;</a>&nbsp;&nbsp;&nbsp;RemoveTailChars
<LI><a href="#[131]">&gt;&gt;</a>&nbsp;&nbsp;&nbsp;PubShowTitle
<LI><a href="#[1e5]">&gt;&gt;</a>&nbsp;&nbsp;&nbsp;GetCardFromTrack
<LI><a href="#[1ed]">&gt;&gt;</a>&nbsp;&nbsp;&nbsp;GetEmvTrackData
<LI><a href="#[f8]">&gt;&gt;</a>&nbsp;&nbsp;&nbsp;PubDispString
<LI><a href="#[77]">&gt;&gt;</a>&nbsp;&nbsp;&nbsp;Api_DispString
<LI><a href="#[11]">&gt;&gt;</a>&nbsp;&nbsp;&nbsp;cEmvLib_OnlineProc
<LI><a href="#[c]">&gt;&gt;</a>&nbsp;&nbsp;&nbsp;cEmvLib_GetHolderPwd
<LI><a href="#[3e]">&gt;&gt;</a>&nbsp;&nbsp;&nbsp;AddCandidateList
<LI><a href="#[175]">&gt;&gt;</a>&nbsp;&nbsp;&nbsp;SelectApp
<LI><a href="#[10a]">&gt;&gt;</a>&nbsp;&nbsp;&nbsp;ContactlessAddCandidateList
<LI><a href="#[19f]">&gt;&gt;</a>&nbsp;&nbsp;&nbsp;Entry_PreTransProc
<LI><a href="#[111]">&gt;&gt;</a>&nbsp;&nbsp;&nbsp;LongToDec
<LI><a href="#[f6]">&gt;&gt;</a>&nbsp;&nbsp;&nbsp;Clss_transmit
</UL>

<P><STRONG><a name="[26b]"></a>strcmp</STRONG> (Thumb, 28 bytes, Stack size 8 bytes, strcmp.o(.text))
<BR><BR>[Stack]<UL><LI>Max Depth = 8<LI>Call Chain = strcmp
</UL>
<BR>[Called By]<UL><LI><a href="#[1ef]">&gt;&gt;</a>&nbsp;&nbsp;&nbsp;MatchTrack2AndPan
</UL>

<P><STRONG><a name="[40]"></a>memcmp</STRONG> (Thumb, 26 bytes, Stack size 12 bytes, memcmp.o(.text))
<BR><BR>[Stack]<UL><LI>Max Depth = 12<LI>Call Chain = memcmp
</UL>
<BR>[Called By]<UL><LI><a href="#[1d6]">&gt;&gt;</a>&nbsp;&nbsp;&nbsp;GetBankName
<LI><a href="#[2de]">&gt;&gt;</a>&nbsp;&nbsp;&nbsp;SeeSweepCodePayInfor
<LI><a href="#[2dd]">&gt;&gt;</a>&nbsp;&nbsp;&nbsp;SeeKOriginalTradeInfor
<LI><a href="#[335]">&gt;&gt;</a>&nbsp;&nbsp;&nbsp;SeeKOriginalSaleTrade
<LI><a href="#[2b2]">&gt;&gt;</a>&nbsp;&nbsp;&nbsp;RPrintWantonlyTrade
<LI><a href="#[2ba]">&gt;&gt;</a>&nbsp;&nbsp;&nbsp;Print_TradeTicket
<LI><a href="#[240]">&gt;&gt;</a>&nbsp;&nbsp;&nbsp;Lib_FileRemove
<LI><a href="#[126]">&gt;&gt;</a>&nbsp;&nbsp;&nbsp;DisSummary
<LI><a href="#[e5]">&gt;&gt;</a>&nbsp;&nbsp;&nbsp;CheckReverseInfor
<LI><a href="#[273]">&gt;&gt;</a>&nbsp;&nbsp;&nbsp;TRANS_Sale
<LI><a href="#[2a8]">&gt;&gt;</a>&nbsp;&nbsp;&nbsp;TRANS_AuTH
<LI><a href="#[2]">&gt;&gt;</a>&nbsp;&nbsp;&nbsp;main
<LI><a href="#[265]">&gt;&gt;</a>&nbsp;&nbsp;&nbsp;TMS_Update
<LI><a href="#[269]">&gt;&gt;</a>&nbsp;&nbsp;&nbsp;OnlineLoadMk
<LI><a href="#[13b]">&gt;&gt;</a>&nbsp;&nbsp;&nbsp;FinishDownLoad
<LI><a href="#[d5]">&gt;&gt;</a>&nbsp;&nbsp;&nbsp;DownLoadEmvParam
<LI><a href="#[d6]">&gt;&gt;</a>&nbsp;&nbsp;&nbsp;DownLoadCAPK
<LI><a href="#[294]">&gt;&gt;</a>&nbsp;&nbsp;&nbsp;TRANS_Void
<LI><a href="#[36d]">&gt;&gt;</a>&nbsp;&nbsp;&nbsp;TRANS_Refund
<LI><a href="#[59]">&gt;&gt;</a>&nbsp;&nbsp;&nbsp;TRANS_Logon
<LI><a href="#[2aa]">&gt;&gt;</a>&nbsp;&nbsp;&nbsp;TRANS_AuthCompleteVoid
<LI><a href="#[2a9]">&gt;&gt;</a>&nbsp;&nbsp;&nbsp;TRANS_AuthComplete
<LI><a href="#[2ab]">&gt;&gt;</a>&nbsp;&nbsp;&nbsp;TRANS_AuthCancel
<LI><a href="#[275]">&gt;&gt;</a>&nbsp;&nbsp;&nbsp;SweepCode_posTophone
<LI><a href="#[276]">&gt;&gt;</a>&nbsp;&nbsp;&nbsp;SweepCode_phoneTopos
<LI><a href="#[23d]">&gt;&gt;</a>&nbsp;&nbsp;&nbsp;JSON_packet
<LI><a href="#[55]">&gt;&gt;</a>&nbsp;&nbsp;&nbsp;AdjMACLogin
<LI><a href="#[1a8]">&gt;&gt;</a>&nbsp;&nbsp;&nbsp;menumodle
<LI><a href="#[33f]">&gt;&gt;</a>&nbsp;&nbsp;&nbsp;UpdateEmvDupFile
<LI><a href="#[2dc]">&gt;&gt;</a>&nbsp;&nbsp;&nbsp;SweepCode_Query
<LI><a href="#[284]">&gt;&gt;</a>&nbsp;&nbsp;&nbsp;ReverseProc
<LI><a href="#[2f8]">&gt;&gt;</a>&nbsp;&nbsp;&nbsp;SendBufToTerm
<LI><a href="#[321]">&gt;&gt;</a>&nbsp;&nbsp;&nbsp;SaveRespond56
<LI><a href="#[320]">&gt;&gt;</a>&nbsp;&nbsp;&nbsp;SaveRespond
<LI><a href="#[2a5]">&gt;&gt;</a>&nbsp;&nbsp;&nbsp;Pre8583Packet
<LI><a href="#[28b]">&gt;&gt;</a>&nbsp;&nbsp;&nbsp;Optional_Merchant_Menu_Processing
<LI><a href="#[138]">&gt;&gt;</a>&nbsp;&nbsp;&nbsp;OnlineTransProc
<LI><a href="#[25c]">&gt;&gt;</a>&nbsp;&nbsp;&nbsp;MackField60
<LI><a href="#[56]">&gt;&gt;</a>&nbsp;&nbsp;&nbsp;DispRetCode
<LI><a href="#[29d]">&gt;&gt;</a>&nbsp;&nbsp;&nbsp;SysVerifyPasswrod
<LI><a href="#[28a]">&gt;&gt;</a>&nbsp;&nbsp;&nbsp;OperVerifyPasswrod
<LI><a href="#[26a]">&gt;&gt;</a>&nbsp;&nbsp;&nbsp;ManageVerifyPasswrod
<LI><a href="#[122]">&gt;&gt;</a>&nbsp;&nbsp;&nbsp;DirectorVerifyPasswrod
<LI><a href="#[2d3]">&gt;&gt;</a>&nbsp;&nbsp;&nbsp;QProcEmvTran
<LI><a href="#[1f0]">&gt;&gt;</a>&nbsp;&nbsp;&nbsp;SetIssuerName
<LI><a href="#[18c]">&gt;&gt;</a>&nbsp;&nbsp;&nbsp;EmvLib_ReadAppData
<LI><a href="#[237]">&gt;&gt;</a>&nbsp;&nbsp;&nbsp;ModifyTermCapForApp
<LI><a href="#[1ed]">&gt;&gt;</a>&nbsp;&nbsp;&nbsp;GetEmvTrackData
<LI><a href="#[5a]">&gt;&gt;</a>&nbsp;&nbsp;&nbsp;AfterTranProc
<LI><a href="#[11]">&gt;&gt;</a>&nbsp;&nbsp;&nbsp;cEmvLib_OnlineProc
<LI><a href="#[18a]">&gt;&gt;</a>&nbsp;&nbsp;&nbsp;s_InitCAPKList
<LI><a href="#[161]">&gt;&gt;</a>&nbsp;&nbsp;&nbsp;EMV_FindRevocList
<LI><a href="#[15e]">&gt;&gt;</a>&nbsp;&nbsp;&nbsp;EMV_FindCAPK
<LI><a href="#[143]">&gt;&gt;</a>&nbsp;&nbsp;&nbsp;TMS_Management_Menu
<LI><a href="#[260]">&gt;&gt;</a>&nbsp;&nbsp;&nbsp;ManageMenu
<LI><a href="#[395]">&gt;&gt;</a>&nbsp;&nbsp;&nbsp;emv_InitFirst
<LI><a href="#[5]">&gt;&gt;</a>&nbsp;&nbsp;&nbsp;SaveAppParamItem
<LI><a href="#[13c]">&gt;&gt;</a>&nbsp;&nbsp;&nbsp;QueryEmvParam
<LI><a href="#[136]">&gt;&gt;</a>&nbsp;&nbsp;&nbsp;QueryEmvCapk
<LI><a href="#[159]">&gt;&gt;</a>&nbsp;&nbsp;&nbsp;EMVVerify
<LI><a href="#[338]">&gt;&gt;</a>&nbsp;&nbsp;&nbsp;SelectListAID
<LI><a href="#[22d]">&gt;&gt;</a>&nbsp;&nbsp;&nbsp;IsExistEcSupportIndicator
<LI><a href="#[3e]">&gt;&gt;</a>&nbsp;&nbsp;&nbsp;AddCandidateList
<LI><a href="#[1ab]">&gt;&gt;</a>&nbsp;&nbsp;&nbsp;offlineCombineDSV
<LI><a href="#[16a]">&gt;&gt;</a>&nbsp;&nbsp;&nbsp;_TerminalAndCardActionAnalysis
<LI><a href="#[381]">&gt;&gt;</a>&nbsp;&nbsp;&nbsp;_ProcIssuerDef
<LI><a href="#[167]">&gt;&gt;</a>&nbsp;&nbsp;&nbsp;_OnlineProcessing
<LI><a href="#[175]">&gt;&gt;</a>&nbsp;&nbsp;&nbsp;SelectApp
<LI><a href="#[23a]">&gt;&gt;</a>&nbsp;&nbsp;&nbsp;IssuertoCardScriptProcessing
<LI><a href="#[179]">&gt;&gt;</a>&nbsp;&nbsp;&nbsp;InitApp
<LI><a href="#[17b]">&gt;&gt;</a>&nbsp;&nbsp;&nbsp;FinalSelectForLog
<LI><a href="#[177]">&gt;&gt;</a>&nbsp;&nbsp;&nbsp;FinalSelect
<LI><a href="#[168]">&gt;&gt;</a>&nbsp;&nbsp;&nbsp;EMV_ProcessRestrictions
<LI><a href="#[166]">&gt;&gt;</a>&nbsp;&nbsp;&nbsp;EMV_OnlineProcessing
<LI><a href="#[15d]">&gt;&gt;</a>&nbsp;&nbsp;&nbsp;EMV_EC_Inquiry
<LI><a href="#[61]">&gt;&gt;</a>&nbsp;&nbsp;&nbsp;EmvSelect
<LI><a href="#[18e]">&gt;&gt;</a>&nbsp;&nbsp;&nbsp;EmvReadRecord
<LI><a href="#[14f]">&gt;&gt;</a>&nbsp;&nbsp;&nbsp;EMVGetProcessingOptions
<LI><a href="#[14b]">&gt;&gt;</a>&nbsp;&nbsp;&nbsp;EMVGenerateAC
<LI><a href="#[149]">&gt;&gt;</a>&nbsp;&nbsp;&nbsp;EMVExternalAuthenticate
<LI><a href="#[133]">&gt;&gt;</a>&nbsp;&nbsp;&nbsp;DispartGetProcOp
<LI><a href="#[132]">&gt;&gt;</a>&nbsp;&nbsp;&nbsp;DispartGenAC
<LI><a href="#[153]">&gt;&gt;</a>&nbsp;&nbsp;&nbsp;EMVSignVeri
<LI><a href="#[152]">&gt;&gt;</a>&nbsp;&nbsp;&nbsp;EMVInternalAuthenticate
<LI><a href="#[14e]">&gt;&gt;</a>&nbsp;&nbsp;&nbsp;EMVGetData
<LI><a href="#[14d]">&gt;&gt;</a>&nbsp;&nbsp;&nbsp;EMVGetChallenge
<LI><a href="#[29e]">&gt;&gt;</a>&nbsp;&nbsp;&nbsp;_OfflinePINProcessing
<LI><a href="#[29a]">&gt;&gt;</a>&nbsp;&nbsp;&nbsp;TMS_terminal_parameter_information_processing
<LI><a href="#[135]">&gt;&gt;</a>&nbsp;&nbsp;&nbsp;Display_RetCode
<LI><a href="#[fe]">&gt;&gt;</a>&nbsp;&nbsp;&nbsp;Code_DigitVerify_Calculate
<LI><a href="#[2cf]">&gt;&gt;</a>&nbsp;&nbsp;&nbsp;_cl_EmvReadRecord
<LI><a href="#[2c9]">&gt;&gt;</a>&nbsp;&nbsp;&nbsp;_cl_EmvGetProcessingOptions
<LI><a href="#[27e]">&gt;&gt;</a>&nbsp;&nbsp;&nbsp;_cl_EMVSignVeri
<LI><a href="#[2cd]">&gt;&gt;</a>&nbsp;&nbsp;&nbsp;QPboc_ReadAppData
<LI><a href="#[19a]">&gt;&gt;</a>&nbsp;&nbsp;&nbsp;_cl_EmvSelect
<LI><a href="#[10a]">&gt;&gt;</a>&nbsp;&nbsp;&nbsp;ContactlessAddCandidateList
<LI><a href="#[19c]">&gt;&gt;</a>&nbsp;&nbsp;&nbsp;Entry_FinalSelect
<LI><a href="#[199]">&gt;&gt;</a>&nbsp;&nbsp;&nbsp;Entry_AppSlt
<LI><a href="#[f6]">&gt;&gt;</a>&nbsp;&nbsp;&nbsp;Clss_transmit
<LI><a href="#[99]">&gt;&gt;</a>&nbsp;&nbsp;&nbsp;ResetflashSection4
<LI><a href="#[94]">&gt;&gt;</a>&nbsp;&nbsp;&nbsp;ResetflashSection1
<LI><a href="#[d0]">&gt;&gt;</a>&nbsp;&nbsp;&nbsp;CheckCVMCondition
</UL>

<P><STRONG><a name="[7c]"></a>strcpy</STRONG> (Thumb, 18 bytes, Stack size 0 bytes, strcpy.o(.text))
<BR><BR>[Called By]<UL><LI><a href="#[281]">&gt;&gt;</a>&nbsp;&nbsp;&nbsp;ProcEmvTran
<LI><a href="#[33c]">&gt;&gt;</a>&nbsp;&nbsp;&nbsp;Set8583Packet
<LI><a href="#[2d3]">&gt;&gt;</a>&nbsp;&nbsp;&nbsp;QProcEmvTran
<LI><a href="#[1f9]">&gt;&gt;</a>&nbsp;&nbsp;&nbsp;LCD_Display
<LI><a href="#[1ed]">&gt;&gt;</a>&nbsp;&nbsp;&nbsp;GetEmvTrackData
<LI><a href="#[77]">&gt;&gt;</a>&nbsp;&nbsp;&nbsp;Api_DispString
<LI><a href="#[10f]">&gt;&gt;</a>&nbsp;&nbsp;&nbsp;ConvBcdAmount
</UL>

<P><STRONG><a name="[42]"></a>__aeabi_uread4</STRONG> (Thumb, 20 bytes, Stack size 0 bytes, uread4.o(.text))
<BR><BR>[Called By]<UL><LI><a href="#[18c]">&gt;&gt;</a>&nbsp;&nbsp;&nbsp;EmvLib_ReadAppData
<LI><a href="#[174]">&gt;&gt;</a>&nbsp;&nbsp;&nbsp;EmvLib_AppSel
<LI><a href="#[fa]">&gt;&gt;</a>&nbsp;&nbsp;&nbsp;EmvLib_SetTLV
<LI><a href="#[170]">&gt;&gt;</a>&nbsp;&nbsp;&nbsp;EmvLib_GetTLV
<LI><a href="#[121]">&gt;&gt;</a>&nbsp;&nbsp;&nbsp;scc_command_APDU
<LI><a href="#[338]">&gt;&gt;</a>&nbsp;&nbsp;&nbsp;SelectListAID
<LI><a href="#[22d]">&gt;&gt;</a>&nbsp;&nbsp;&nbsp;IsExistEcSupportIndicator
<LI><a href="#[62]">&gt;&gt;</a>&nbsp;&nbsp;&nbsp;GetSFI
<LI><a href="#[65]">&gt;&gt;</a>&nbsp;&nbsp;&nbsp;FillADFEntry
<LI><a href="#[43]">&gt;&gt;</a>&nbsp;&nbsp;&nbsp;CheckICTI
<LI><a href="#[ab]">&gt;&gt;</a>&nbsp;&nbsp;&nbsp;AppMoveToTerminal
<LI><a href="#[5d]">&gt;&gt;</a>&nbsp;&nbsp;&nbsp;AnalysePSEDir
<LI><a href="#[3e]">&gt;&gt;</a>&nbsp;&nbsp;&nbsp;AddCandidateList
<LI><a href="#[18f]">&gt;&gt;</a>&nbsp;&nbsp;&nbsp;TruncatePad
<LI><a href="#[1ab]">&gt;&gt;</a>&nbsp;&nbsp;&nbsp;offlineCombineDSV
<LI><a href="#[16a]">&gt;&gt;</a>&nbsp;&nbsp;&nbsp;_TerminalAndCardActionAnalysis
<LI><a href="#[381]">&gt;&gt;</a>&nbsp;&nbsp;&nbsp;_ProcIssuerDef
<LI><a href="#[167]">&gt;&gt;</a>&nbsp;&nbsp;&nbsp;_OnlineProcessing
<LI><a href="#[175]">&gt;&gt;</a>&nbsp;&nbsp;&nbsp;SelectApp
<LI><a href="#[23a]">&gt;&gt;</a>&nbsp;&nbsp;&nbsp;IssuertoCardScriptProcessing
<LI><a href="#[179]">&gt;&gt;</a>&nbsp;&nbsp;&nbsp;InitApp
<LI><a href="#[17b]">&gt;&gt;</a>&nbsp;&nbsp;&nbsp;FinalSelectForLog
<LI><a href="#[177]">&gt;&gt;</a>&nbsp;&nbsp;&nbsp;FinalSelect
<LI><a href="#[16b]">&gt;&gt;</a>&nbsp;&nbsp;&nbsp;EMV_TerminalRiskManagement
<LI><a href="#[168]">&gt;&gt;</a>&nbsp;&nbsp;&nbsp;EMV_ProcessRestrictions
<LI><a href="#[15a]">&gt;&gt;</a>&nbsp;&nbsp;&nbsp;EMV_CardholderVerification
<LI><a href="#[b6]">&gt;&gt;</a>&nbsp;&nbsp;&nbsp;BuildTDOL
<LI><a href="#[169]">&gt;&gt;</a>&nbsp;&nbsp;&nbsp;EMV_TerminalAndCardActionAnalysis
<LI><a href="#[166]">&gt;&gt;</a>&nbsp;&nbsp;&nbsp;EMV_OnlineProcessing
<LI><a href="#[ad]">&gt;&gt;</a>&nbsp;&nbsp;&nbsp;EMV_EC_SetParameter
<LI><a href="#[15c]">&gt;&gt;</a>&nbsp;&nbsp;&nbsp;EMV_ClearALLTLVData
<LI><a href="#[61]">&gt;&gt;</a>&nbsp;&nbsp;&nbsp;EmvSelect
<LI><a href="#[14f]">&gt;&gt;</a>&nbsp;&nbsp;&nbsp;EMVGetProcessingOptions
<LI><a href="#[14b]">&gt;&gt;</a>&nbsp;&nbsp;&nbsp;EMVGenerateAC
<LI><a href="#[153]">&gt;&gt;</a>&nbsp;&nbsp;&nbsp;EMVSignVeri
<LI><a href="#[152]">&gt;&gt;</a>&nbsp;&nbsp;&nbsp;EMVInternalAuthenticate
<LI><a href="#[29e]">&gt;&gt;</a>&nbsp;&nbsp;&nbsp;_OfflinePINProcessing
<LI><a href="#[1f8]">&gt;&gt;</a>&nbsp;&nbsp;&nbsp;GetIccPK
<LI><a href="#[1f6]">&gt;&gt;</a>&nbsp;&nbsp;&nbsp;GetIccPINPK
<LI><a href="#[e9]">&gt;&gt;</a>&nbsp;&nbsp;&nbsp;CheckStaticData
<LI><a href="#[e2]">&gt;&gt;</a>&nbsp;&nbsp;&nbsp;CheckPINData
<LI><a href="#[180]">&gt;&gt;</a>&nbsp;&nbsp;&nbsp;OfflineStaticDataAuth
<LI><a href="#[17f]">&gt;&gt;</a>&nbsp;&nbsp;&nbsp;OfflineDynamicDataAuth
<LI><a href="#[1f7]">&gt;&gt;</a>&nbsp;&nbsp;&nbsp;GetIssuerPK
<LI><a href="#[d2]">&gt;&gt;</a>&nbsp;&nbsp;&nbsp;CheckDynamicData
<LI><a href="#[b8]">&gt;&gt;</a>&nbsp;&nbsp;&nbsp;buildDOL
<LI><a href="#[5c]">&gt;&gt;</a>&nbsp;&nbsp;&nbsp;NoConstructAllSeparateBER_TLV
<LI><a href="#[ea]">&gt;&gt;</a>&nbsp;&nbsp;&nbsp;CheckTagLen
<LI><a href="#[bb]">&gt;&gt;</a>&nbsp;&nbsp;&nbsp;Buildcdol1
<LI><a href="#[bc]">&gt;&gt;</a>&nbsp;&nbsp;&nbsp;_InputAmt
<LI><a href="#[2c9]">&gt;&gt;</a>&nbsp;&nbsp;&nbsp;_cl_EmvGetProcessingOptions
<LI><a href="#[c9]">&gt;&gt;</a>&nbsp;&nbsp;&nbsp;DolGetByTag
<LI><a href="#[27e]">&gt;&gt;</a>&nbsp;&nbsp;&nbsp;_cl_EMVSignVeri
<LI><a href="#[2c5]">&gt;&gt;</a>&nbsp;&nbsp;&nbsp;__QPboc_CardAuth
<LI><a href="#[2cc]">&gt;&gt;</a>&nbsp;&nbsp;&nbsp;_CheckAllSFI
<LI><a href="#[2cd]">&gt;&gt;</a>&nbsp;&nbsp;&nbsp;QPboc_ReadAppData
<LI><a href="#[2c7]">&gt;&gt;</a>&nbsp;&nbsp;&nbsp;QPboc_InitApp
<LI><a href="#[2d1]">&gt;&gt;</a>&nbsp;&nbsp;&nbsp;TruncatePad
<LI><a href="#[27d]">&gt;&gt;</a>&nbsp;&nbsp;&nbsp;OfflineDynamicDataAuth
<LI><a href="#[388]">&gt;&gt;</a>&nbsp;&nbsp;&nbsp;_cl_NoConstructAllSeparateBER_TLV
<LI><a href="#[19a]">&gt;&gt;</a>&nbsp;&nbsp;&nbsp;_cl_EmvSelect
<LI><a href="#[10c]">&gt;&gt;</a>&nbsp;&nbsp;&nbsp;Contactless_AnalysePSEDir
<LI><a href="#[10a]">&gt;&gt;</a>&nbsp;&nbsp;&nbsp;ContactlessAddCandidateList
<LI><a href="#[2d2]">&gt;&gt;</a>&nbsp;&nbsp;&nbsp;QPboc_SetTransData
<LI><a href="#[2ca]">&gt;&gt;</a>&nbsp;&nbsp;&nbsp;QPboc_Proctrans
<LI><a href="#[2c6]">&gt;&gt;</a>&nbsp;&nbsp;&nbsp;QPboc_GetCvmType
<LI><a href="#[2c4]">&gt;&gt;</a>&nbsp;&nbsp;&nbsp;QPboc_CardAuth
<LI><a href="#[19f]">&gt;&gt;</a>&nbsp;&nbsp;&nbsp;Entry_PreTransProc
<LI><a href="#[19d]">&gt;&gt;</a>&nbsp;&nbsp;&nbsp;Entry_GetPreProcInterFlg
<LI><a href="#[19c]">&gt;&gt;</a>&nbsp;&nbsp;&nbsp;Entry_FinalSelect
<LI><a href="#[199]">&gt;&gt;</a>&nbsp;&nbsp;&nbsp;Entry_AppSlt
<LI><a href="#[2a0]">&gt;&gt;</a>&nbsp;&nbsp;&nbsp;Picc_command_APDU_sim
<LI><a href="#[27f]">&gt;&gt;</a>&nbsp;&nbsp;&nbsp;OnlinePINProcessing
<LI><a href="#[29f]">&gt;&gt;</a>&nbsp;&nbsp;&nbsp;SignatureProcessing
<LI><a href="#[15b]">&gt;&gt;</a>&nbsp;&nbsp;&nbsp;PerformCVM
<LI><a href="#[d0]">&gt;&gt;</a>&nbsp;&nbsp;&nbsp;CheckCVMCondition
<LI><a href="#[bf]">&gt;&gt;</a>&nbsp;&nbsp;&nbsp;CalcAmountUl
<LI><a href="#[1a9]">&gt;&gt;</a>&nbsp;&nbsp;&nbsp;ForcedOnline
<LI><a href="#[280]">&gt;&gt;</a>&nbsp;&nbsp;&nbsp;OnlinePINProcessing_EC
<LI><a href="#[375]">&gt;&gt;</a>&nbsp;&nbsp;&nbsp;TerminalAction
</UL>

<P><STRONG><a name="[3b2]"></a>__rt_uread4</STRONG> (Thumb, 0 bytes, Stack size 0 bytes, uread4.o(.text), UNUSED)

<P><STRONG><a name="[3b3]"></a>_uread4</STRONG> (Thumb, 0 bytes, Stack size 0 bytes, uread4.o(.text), UNUSED)

<P><STRONG><a name="[60]"></a>__aeabi_uwrite4</STRONG> (Thumb, 18 bytes, Stack size 0 bytes, uwrite4.o(.text))
<BR><BR>[Called By]<UL><LI><a href="#[2d3]">&gt;&gt;</a>&nbsp;&nbsp;&nbsp;QProcEmvTran
<LI><a href="#[18c]">&gt;&gt;</a>&nbsp;&nbsp;&nbsp;EmvLib_ReadAppData
<LI><a href="#[174]">&gt;&gt;</a>&nbsp;&nbsp;&nbsp;EmvLib_AppSel
<LI><a href="#[fa]">&gt;&gt;</a>&nbsp;&nbsp;&nbsp;EmvLib_SetTLV
<LI><a href="#[5]">&gt;&gt;</a>&nbsp;&nbsp;&nbsp;SaveAppParamItem
<LI><a href="#[5f]">&gt;&gt;</a>&nbsp;&nbsp;&nbsp;ClearDDFADFEntry
<LI><a href="#[f3]">&gt;&gt;</a>&nbsp;&nbsp;&nbsp;ClearADFEntry
<LI><a href="#[ab]">&gt;&gt;</a>&nbsp;&nbsp;&nbsp;AppMoveToTerminal
<LI><a href="#[5d]">&gt;&gt;</a>&nbsp;&nbsp;&nbsp;AnalysePSEDir
<LI><a href="#[18f]">&gt;&gt;</a>&nbsp;&nbsp;&nbsp;TruncatePad
<LI><a href="#[1ab]">&gt;&gt;</a>&nbsp;&nbsp;&nbsp;offlineCombineDSV
<LI><a href="#[167]">&gt;&gt;</a>&nbsp;&nbsp;&nbsp;_OnlineProcessing
<LI><a href="#[175]">&gt;&gt;</a>&nbsp;&nbsp;&nbsp;SelectApp
<LI><a href="#[179]">&gt;&gt;</a>&nbsp;&nbsp;&nbsp;InitApp
<LI><a href="#[17b]">&gt;&gt;</a>&nbsp;&nbsp;&nbsp;FinalSelectForLog
<LI><a href="#[177]">&gt;&gt;</a>&nbsp;&nbsp;&nbsp;FinalSelect
<LI><a href="#[15a]">&gt;&gt;</a>&nbsp;&nbsp;&nbsp;EMV_CardholderVerification
<LI><a href="#[b6]">&gt;&gt;</a>&nbsp;&nbsp;&nbsp;BuildTDOL
<LI><a href="#[ad]">&gt;&gt;</a>&nbsp;&nbsp;&nbsp;EMV_EC_SetParameter
<LI><a href="#[15c]">&gt;&gt;</a>&nbsp;&nbsp;&nbsp;EMV_ClearALLTLVData
<LI><a href="#[61]">&gt;&gt;</a>&nbsp;&nbsp;&nbsp;EmvSelect
<LI><a href="#[14b]">&gt;&gt;</a>&nbsp;&nbsp;&nbsp;EMVGenerateAC
<LI><a href="#[133]">&gt;&gt;</a>&nbsp;&nbsp;&nbsp;DispartGetProcOp
<LI><a href="#[132]">&gt;&gt;</a>&nbsp;&nbsp;&nbsp;DispartGenAC
<LI><a href="#[152]">&gt;&gt;</a>&nbsp;&nbsp;&nbsp;EMVInternalAuthenticate
<LI><a href="#[29e]">&gt;&gt;</a>&nbsp;&nbsp;&nbsp;_OfflinePINProcessing
<LI><a href="#[1f8]">&gt;&gt;</a>&nbsp;&nbsp;&nbsp;GetIccPK
<LI><a href="#[1f6]">&gt;&gt;</a>&nbsp;&nbsp;&nbsp;GetIccPINPK
<LI><a href="#[180]">&gt;&gt;</a>&nbsp;&nbsp;&nbsp;OfflineStaticDataAuth
<LI><a href="#[17f]">&gt;&gt;</a>&nbsp;&nbsp;&nbsp;OfflineDynamicDataAuth
<LI><a href="#[b8]">&gt;&gt;</a>&nbsp;&nbsp;&nbsp;buildDOL
<LI><a href="#[5c]">&gt;&gt;</a>&nbsp;&nbsp;&nbsp;NoConstructAllSeparateBER_TLV
<LI><a href="#[bc]">&gt;&gt;</a>&nbsp;&nbsp;&nbsp;_InputAmt
<LI><a href="#[2cd]">&gt;&gt;</a>&nbsp;&nbsp;&nbsp;QPboc_ReadAppData
<LI><a href="#[2c7]">&gt;&gt;</a>&nbsp;&nbsp;&nbsp;QPboc_InitApp
<LI><a href="#[2d1]">&gt;&gt;</a>&nbsp;&nbsp;&nbsp;TruncatePad
<LI><a href="#[27d]">&gt;&gt;</a>&nbsp;&nbsp;&nbsp;OfflineDynamicDataAuth
<LI><a href="#[388]">&gt;&gt;</a>&nbsp;&nbsp;&nbsp;_cl_NoConstructAllSeparateBER_TLV
<LI><a href="#[19a]">&gt;&gt;</a>&nbsp;&nbsp;&nbsp;_cl_EmvSelect
<LI><a href="#[10d]">&gt;&gt;</a>&nbsp;&nbsp;&nbsp;Contactless_ClearADFEntry
<LI><a href="#[2d2]">&gt;&gt;</a>&nbsp;&nbsp;&nbsp;QPboc_SetTransData
<LI><a href="#[19f]">&gt;&gt;</a>&nbsp;&nbsp;&nbsp;Entry_PreTransProc
<LI><a href="#[19c]">&gt;&gt;</a>&nbsp;&nbsp;&nbsp;Entry_FinalSelect
<LI><a href="#[199]">&gt;&gt;</a>&nbsp;&nbsp;&nbsp;Entry_AppSlt
<LI><a href="#[27f]">&gt;&gt;</a>&nbsp;&nbsp;&nbsp;OnlinePINProcessing
<LI><a href="#[1a9]">&gt;&gt;</a>&nbsp;&nbsp;&nbsp;ForcedOnline
<LI><a href="#[280]">&gt;&gt;</a>&nbsp;&nbsp;&nbsp;OnlinePINProcessing_EC
<LI><a href="#[1c5]">&gt;&gt;</a>&nbsp;&nbsp;&nbsp;GenIssuerResult
<LI><a href="#[375]">&gt;&gt;</a>&nbsp;&nbsp;&nbsp;TerminalAction
</UL>

<P><STRONG><a name="[3b4]"></a>__rt_uwrite4</STRONG> (Thumb, 0 bytes, Stack size 0 bytes, uwrite4.o(.text), UNUSED)

<P><STRONG><a name="[3b5]"></a>_uwrite4</STRONG> (Thumb, 0 bytes, Stack size 0 bytes, uwrite4.o(.text), UNUSED)

<P><STRONG><a name="[20]"></a>atoi</STRONG> (Thumb, 26 bytes, Stack size 16 bytes, atoi.o(.text))
<BR><BR>[Stack]<UL><LI>Max Depth = 88<LI>Call Chain = atoi &rArr; strtol &rArr; _strtoul
</UL>
<BR>[Calls]<UL><LI><a href="#[22]">&gt;&gt;</a>&nbsp;&nbsp;&nbsp;strtol
<LI><a href="#[21]">&gt;&gt;</a>&nbsp;&nbsp;&nbsp;__aeabi_errno_addr
</UL>
<BR>[Called By]<UL><LI><a href="#[233]">&gt;&gt;</a>&nbsp;&nbsp;&nbsp;InputOldVoucher
<LI><a href="#[2ba]">&gt;&gt;</a>&nbsp;&nbsp;&nbsp;Print_TradeTicket
<LI><a href="#[23d]">&gt;&gt;</a>&nbsp;&nbsp;&nbsp;JSON_packet
<LI><a href="#[db]">&gt;&gt;</a>&nbsp;&nbsp;&nbsp;CheckFreeSign
<LI><a href="#[d7]">&gt;&gt;</a>&nbsp;&nbsp;&nbsp;CheckFreePsw
<LI><a href="#[2f8]">&gt;&gt;</a>&nbsp;&nbsp;&nbsp;SendBufToTerm
<LI><a href="#[1c8]">&gt;&gt;</a>&nbsp;&nbsp;&nbsp;Get8583Field
<LI><a href="#[37a]">&gt;&gt;</a>&nbsp;&nbsp;&nbsp;TradeOtherSwitch
<LI><a href="#[356]">&gt;&gt;</a>&nbsp;&nbsp;&nbsp;SysParSet
<LI><a href="#[2c2]">&gt;&gt;</a>&nbsp;&nbsp;&nbsp;VlpBalFromIssuerAppData
<LI><a href="#[355]">&gt;&gt;</a>&nbsp;&nbsp;&nbsp;SweepParameterSet
<LI><a href="#[5]">&gt;&gt;</a>&nbsp;&nbsp;&nbsp;SaveAppParamItem
<LI><a href="#[29a]">&gt;&gt;</a>&nbsp;&nbsp;&nbsp;TMS_terminal_parameter_information_processing
</UL>

<P><STRONG><a name="[23]"></a>atol</STRONG> (Thumb, 26 bytes, Stack size 16 bytes, atol.o(.text))
<BR><BR>[Stack]<UL><LI>Max Depth = 88<LI>Call Chain = atol &rArr; strtol &rArr; _strtoul
</UL>
<BR>[Calls]<UL><LI><a href="#[22]">&gt;&gt;</a>&nbsp;&nbsp;&nbsp;strtol
<LI><a href="#[21]">&gt;&gt;</a>&nbsp;&nbsp;&nbsp;__aeabi_errno_addr
</UL>
<BR>[Called By]<UL><LI><a href="#[2f8]">&gt;&gt;</a>&nbsp;&nbsp;&nbsp;SendBufToTerm
<LI><a href="#[1ca]">&gt;&gt;</a>&nbsp;&nbsp;&nbsp;Get8583MsgID
<LI><a href="#[2d3]">&gt;&gt;</a>&nbsp;&nbsp;&nbsp;QProcEmvTran
</UL>

<P><STRONG><a name="[24]"></a>atoll</STRONG> (Thumb, 26 bytes, Stack size 16 bytes, atoll.o(.text))
<BR><BR>[Stack]<UL><LI>Max Depth = 168<LI>Call Chain = atoll &rArr; __strtoll &rArr; _strtoull &rArr; __aeabi_lmul &rArr; __aeabi_llsl
</UL>
<BR>[Calls]<UL><LI><a href="#[25]">&gt;&gt;</a>&nbsp;&nbsp;&nbsp;__strtoll
<LI><a href="#[21]">&gt;&gt;</a>&nbsp;&nbsp;&nbsp;__aeabi_errno_addr
</UL>
<BR>[Called By]<UL><LI><a href="#[2f8]">&gt;&gt;</a>&nbsp;&nbsp;&nbsp;SendBufToTerm
</UL>

<P><STRONG><a name="[26]"></a>__aeabi_dadd</STRONG> (Thumb, 328 bytes, Stack size 48 bytes, dadd.o(.text), UNUSED)
<BR><BR>[Calls]<UL><LI><a href="#[28]">&gt;&gt;</a>&nbsp;&nbsp;&nbsp;__aeabi_lasr
<LI><a href="#[27]">&gt;&gt;</a>&nbsp;&nbsp;&nbsp;__aeabi_llsl
<LI><a href="#[2a]">&gt;&gt;</a>&nbsp;&nbsp;&nbsp;_double_round
<LI><a href="#[29]">&gt;&gt;</a>&nbsp;&nbsp;&nbsp;_double_epilogue
</UL>
<BR>[Called By]<UL><LI><a href="#[2c]">&gt;&gt;</a>&nbsp;&nbsp;&nbsp;__aeabi_drsub
<LI><a href="#[2b]">&gt;&gt;</a>&nbsp;&nbsp;&nbsp;__aeabi_dsub
<LI><a href="#[38c]">&gt;&gt;</a>&nbsp;&nbsp;&nbsp;_fp_digits
</UL>

<P><STRONG><a name="[2b]"></a>__aeabi_dsub</STRONG> (Thumb, 12 bytes, Stack size 8 bytes, dadd.o(.text), UNUSED)
<BR><BR>[Calls]<UL><LI><a href="#[26]">&gt;&gt;</a>&nbsp;&nbsp;&nbsp;__aeabi_dadd
</UL>

<P><STRONG><a name="[2c]"></a>__aeabi_drsub</STRONG> (Thumb, 12 bytes, Stack size 8 bytes, dadd.o(.text), UNUSED)
<BR><BR>[Calls]<UL><LI><a href="#[26]">&gt;&gt;</a>&nbsp;&nbsp;&nbsp;__aeabi_dadd
</UL>

<P><STRONG><a name="[2d]"></a>__aeabi_dmul</STRONG> (Thumb, 202 bytes, Stack size 72 bytes, dmul.o(.text), UNUSED)
<BR><BR>[Calls]<UL><LI><a href="#[29]">&gt;&gt;</a>&nbsp;&nbsp;&nbsp;_double_epilogue
</UL>
<BR>[Called By]<UL><LI><a href="#[38c]">&gt;&gt;</a>&nbsp;&nbsp;&nbsp;_fp_digits
</UL>

<P><STRONG><a name="[2e]"></a>__aeabi_ddiv</STRONG> (Thumb, 234 bytes, Stack size 40 bytes, ddiv.o(.text))
<BR><BR>[Stack]<UL><LI>Max Depth = 48<LI>Call Chain = __aeabi_ddiv &rArr; _double_round
</UL>
<BR>[Calls]<UL><LI><a href="#[2a]">&gt;&gt;</a>&nbsp;&nbsp;&nbsp;_double_round
</UL>
<BR>[Called By]<UL><LI><a href="#[2b2]">&gt;&gt;</a>&nbsp;&nbsp;&nbsp;RPrintWantonlyTrade
<LI><a href="#[2ba]">&gt;&gt;</a>&nbsp;&nbsp;&nbsp;Print_TradeTicket
<LI><a href="#[2b4]">&gt;&gt;</a>&nbsp;&nbsp;&nbsp;Print_SweepCodeTicket
<LI><a href="#[2b3]">&gt;&gt;</a>&nbsp;&nbsp;&nbsp;PrintTradeList
<LI><a href="#[2ae]">&gt;&gt;</a>&nbsp;&nbsp;&nbsp;PrintBatchTicket
<LI><a href="#[128]">&gt;&gt;</a>&nbsp;&nbsp;&nbsp;DisTradeInfor
<LI><a href="#[127]">&gt;&gt;</a>&nbsp;&nbsp;&nbsp;DisSweepCodeTradeInfor
<LI><a href="#[126]">&gt;&gt;</a>&nbsp;&nbsp;&nbsp;DisSummary
<LI><a href="#[354]">&gt;&gt;</a>&nbsp;&nbsp;&nbsp;scanCode
<LI><a href="#[f9]">&gt;&gt;</a>&nbsp;&nbsp;&nbsp;InputPassWordFun
<LI><a href="#[198]">&gt;&gt;</a>&nbsp;&nbsp;&nbsp;GetInputAmount
<LI><a href="#[197]">&gt;&gt;</a>&nbsp;&nbsp;&nbsp;EnterTradeAmountFun
<LI><a href="#[292]">&gt;&gt;</a>&nbsp;&nbsp;&nbsp;TRANS_Query
<LI><a href="#[276]">&gt;&gt;</a>&nbsp;&nbsp;&nbsp;SweepCode_phoneTopos
<LI><a href="#[124]">&gt;&gt;</a>&nbsp;&nbsp;&nbsp;DisSaleList
<LI><a href="#[2d3]">&gt;&gt;</a>&nbsp;&nbsp;&nbsp;QProcEmvTran
<LI><a href="#[251]">&gt;&gt;</a>&nbsp;&nbsp;&nbsp;MMI_ReadCard_Dsp
<LI><a href="#[234]">&gt;&gt;</a>&nbsp;&nbsp;&nbsp;InputPassWordFun_offline
<LI><a href="#[38c]">&gt;&gt;</a>&nbsp;&nbsp;&nbsp;_fp_digits
</UL>

<P><STRONG><a name="[2f]"></a>__aeabi_ui2d</STRONG> (Thumb, 24 bytes, Stack size 16 bytes, dfltui.o(.text))
<BR><BR>[Stack]<UL><LI>Max Depth = 72<LI>Call Chain = __aeabi_ui2d &rArr; _double_epilogue &rArr; __aeabi_llsr
</UL>
<BR>[Calls]<UL><LI><a href="#[29]">&gt;&gt;</a>&nbsp;&nbsp;&nbsp;_double_epilogue
</UL>
<BR>[Called By]<UL><LI><a href="#[2b2]">&gt;&gt;</a>&nbsp;&nbsp;&nbsp;RPrintWantonlyTrade
<LI><a href="#[2ba]">&gt;&gt;</a>&nbsp;&nbsp;&nbsp;Print_TradeTicket
<LI><a href="#[2b4]">&gt;&gt;</a>&nbsp;&nbsp;&nbsp;Print_SweepCodeTicket
<LI><a href="#[2b3]">&gt;&gt;</a>&nbsp;&nbsp;&nbsp;PrintTradeList
<LI><a href="#[2ae]">&gt;&gt;</a>&nbsp;&nbsp;&nbsp;PrintBatchTicket
<LI><a href="#[128]">&gt;&gt;</a>&nbsp;&nbsp;&nbsp;DisTradeInfor
<LI><a href="#[127]">&gt;&gt;</a>&nbsp;&nbsp;&nbsp;DisSweepCodeTradeInfor
<LI><a href="#[126]">&gt;&gt;</a>&nbsp;&nbsp;&nbsp;DisSummary
<LI><a href="#[354]">&gt;&gt;</a>&nbsp;&nbsp;&nbsp;scanCode
<LI><a href="#[f9]">&gt;&gt;</a>&nbsp;&nbsp;&nbsp;InputPassWordFun
<LI><a href="#[198]">&gt;&gt;</a>&nbsp;&nbsp;&nbsp;GetInputAmount
<LI><a href="#[197]">&gt;&gt;</a>&nbsp;&nbsp;&nbsp;EnterTradeAmountFun
<LI><a href="#[276]">&gt;&gt;</a>&nbsp;&nbsp;&nbsp;SweepCode_phoneTopos
<LI><a href="#[124]">&gt;&gt;</a>&nbsp;&nbsp;&nbsp;DisSaleList
<LI><a href="#[2d3]">&gt;&gt;</a>&nbsp;&nbsp;&nbsp;QProcEmvTran
<LI><a href="#[251]">&gt;&gt;</a>&nbsp;&nbsp;&nbsp;MMI_ReadCard_Dsp
<LI><a href="#[234]">&gt;&gt;</a>&nbsp;&nbsp;&nbsp;InputPassWordFun_offline
</UL>

<P><STRONG><a name="[30]"></a>__aeabi_ul2d</STRONG> (Thumb, 22 bytes, Stack size 16 bytes, dfltul.o(.text))
<BR><BR>[Stack]<UL><LI>Max Depth = 72<LI>Call Chain = __aeabi_ul2d &rArr; _double_epilogue &rArr; __aeabi_llsr
</UL>
<BR>[Calls]<UL><LI><a href="#[29]">&gt;&gt;</a>&nbsp;&nbsp;&nbsp;_double_epilogue
</UL>
<BR>[Called By]<UL><LI><a href="#[292]">&gt;&gt;</a>&nbsp;&nbsp;&nbsp;TRANS_Query
</UL>

<P><STRONG><a name="[31]"></a>__aeabi_uldivmod</STRONG> (Thumb, 96 bytes, Stack size 48 bytes, uldiv.o(.text), UNUSED)
<BR><BR>[Calls]<UL><LI><a href="#[32]">&gt;&gt;</a>&nbsp;&nbsp;&nbsp;__aeabi_llsr
<LI><a href="#[27]">&gt;&gt;</a>&nbsp;&nbsp;&nbsp;__aeabi_llsl
</UL>
<BR>[Called By]<UL><LI><a href="#[385]">&gt;&gt;</a>&nbsp;&nbsp;&nbsp;_printf_core
<LI><a href="#[38c]">&gt;&gt;</a>&nbsp;&nbsp;&nbsp;_fp_digits
</UL>

<P><STRONG><a name="[27]"></a>__aeabi_llsl</STRONG> (Thumb, 32 bytes, Stack size 8 bytes, llshl.o(.text))
<BR><BR>[Stack]<UL><LI>Max Depth = 8<LI>Call Chain = __aeabi_llsl
</UL>
<BR>[Called By]<UL><LI><a href="#[26]">&gt;&gt;</a>&nbsp;&nbsp;&nbsp;__aeabi_dadd
<LI><a href="#[3a]">&gt;&gt;</a>&nbsp;&nbsp;&nbsp;__aeabi_lmul
<LI><a href="#[31]">&gt;&gt;</a>&nbsp;&nbsp;&nbsp;__aeabi_uldivmod
<LI><a href="#[29]">&gt;&gt;</a>&nbsp;&nbsp;&nbsp;_double_epilogue
<LI><a href="#[37]">&gt;&gt;</a>&nbsp;&nbsp;&nbsp;__aeabi_d2ulz
</UL>

<P><STRONG><a name="[3b6]"></a>_ll_shift_l</STRONG> (Thumb, 0 bytes, Stack size 8 bytes, llshl.o(.text), UNUSED)

<P><STRONG><a name="[28]"></a>__aeabi_lasr</STRONG> (Thumb, 38 bytes, Stack size 8 bytes, llsshr.o(.text), UNUSED)
<BR><BR>[Called By]<UL><LI><a href="#[26]">&gt;&gt;</a>&nbsp;&nbsp;&nbsp;__aeabi_dadd
</UL>

<P><STRONG><a name="[3b7]"></a>_ll_sshift_r</STRONG> (Thumb, 0 bytes, Stack size 8 bytes, llsshr.o(.text), UNUSED)

<P><STRONG><a name="[22]"></a>strtol</STRONG> (Thumb, 108 bytes, Stack size 32 bytes, strtol.o(.text))
<BR><BR>[Stack]<UL><LI>Max Depth = 72<LI>Call Chain = strtol &rArr; _strtoul
</UL>
<BR>[Calls]<UL><LI><a href="#[34]">&gt;&gt;</a>&nbsp;&nbsp;&nbsp;_strtoul
<LI><a href="#[33]">&gt;&gt;</a>&nbsp;&nbsp;&nbsp;__rt_ctype_table
<LI><a href="#[21]">&gt;&gt;</a>&nbsp;&nbsp;&nbsp;__aeabi_errno_addr
</UL>
<BR>[Called By]<UL><LI><a href="#[23]">&gt;&gt;</a>&nbsp;&nbsp;&nbsp;atol
<LI><a href="#[20]">&gt;&gt;</a>&nbsp;&nbsp;&nbsp;atoi
</UL>

<P><STRONG><a name="[25]"></a>__strtoll</STRONG> (Thumb, 138 bytes, Stack size 32 bytes, __strtoll.o(.text))
<BR><BR>[Stack]<UL><LI>Max Depth = 152<LI>Call Chain = __strtoll &rArr; _strtoull &rArr; __aeabi_lmul &rArr; __aeabi_llsl
</UL>
<BR>[Calls]<UL><LI><a href="#[35]">&gt;&gt;</a>&nbsp;&nbsp;&nbsp;_strtoull
<LI><a href="#[33]">&gt;&gt;</a>&nbsp;&nbsp;&nbsp;__rt_ctype_table
<LI><a href="#[21]">&gt;&gt;</a>&nbsp;&nbsp;&nbsp;__aeabi_errno_addr
</UL>
<BR>[Called By]<UL><LI><a href="#[24]">&gt;&gt;</a>&nbsp;&nbsp;&nbsp;atoll
</UL>

<P><STRONG><a name="[3b8]"></a>__I$use$fp</STRONG> (Thumb, 0 bytes, Stack size 8 bytes, iusefp.o(.text), UNUSED)

<P><STRONG><a name="[2a]"></a>_double_round</STRONG> (Thumb, 26 bytes, Stack size 8 bytes, depilogue.o(.text))
<BR><BR>[Stack]<UL><LI>Max Depth = 8<LI>Call Chain = _double_round
</UL>
<BR>[Called By]<UL><LI><a href="#[2e]">&gt;&gt;</a>&nbsp;&nbsp;&nbsp;__aeabi_ddiv
<LI><a href="#[26]">&gt;&gt;</a>&nbsp;&nbsp;&nbsp;__aeabi_dadd
<LI><a href="#[29]">&gt;&gt;</a>&nbsp;&nbsp;&nbsp;_double_epilogue
</UL>

<P><STRONG><a name="[29]"></a>_double_epilogue</STRONG> (Thumb, 164 bytes, Stack size 48 bytes, depilogue.o(.text))
<BR><BR>[Stack]<UL><LI>Max Depth = 56<LI>Call Chain = _double_epilogue &rArr; __aeabi_llsr
</UL>
<BR>[Calls]<UL><LI><a href="#[32]">&gt;&gt;</a>&nbsp;&nbsp;&nbsp;__aeabi_llsr
<LI><a href="#[36]">&gt;&gt;</a>&nbsp;&nbsp;&nbsp;__ARM_clz
<LI><a href="#[27]">&gt;&gt;</a>&nbsp;&nbsp;&nbsp;__aeabi_llsl
<LI><a href="#[2a]">&gt;&gt;</a>&nbsp;&nbsp;&nbsp;_double_round
</UL>
<BR>[Called By]<UL><LI><a href="#[2f]">&gt;&gt;</a>&nbsp;&nbsp;&nbsp;__aeabi_ui2d
<LI><a href="#[30]">&gt;&gt;</a>&nbsp;&nbsp;&nbsp;__aeabi_ul2d
<LI><a href="#[2d]">&gt;&gt;</a>&nbsp;&nbsp;&nbsp;__aeabi_dmul
<LI><a href="#[26]">&gt;&gt;</a>&nbsp;&nbsp;&nbsp;__aeabi_dadd
</UL>

<P><STRONG><a name="[37]"></a>__aeabi_d2ulz</STRONG> (Thumb, 54 bytes, Stack size 8 bytes, dfixul.o(.text), UNUSED)
<BR><BR>[Calls]<UL><LI><a href="#[32]">&gt;&gt;</a>&nbsp;&nbsp;&nbsp;__aeabi_llsr
<LI><a href="#[27]">&gt;&gt;</a>&nbsp;&nbsp;&nbsp;__aeabi_llsl
</UL>
<BR>[Called By]<UL><LI><a href="#[38c]">&gt;&gt;</a>&nbsp;&nbsp;&nbsp;_fp_digits
</UL>

<P><STRONG><a name="[38d]"></a>__aeabi_cdrcmple</STRONG> (Thumb, 38 bytes, Stack size 0 bytes, cdrcmple.o(.text), UNUSED)
<BR><BR>[Called By]<UL><LI><a href="#[38c]">&gt;&gt;</a>&nbsp;&nbsp;&nbsp;_fp_digits
</UL>

<P><STRONG><a name="[19]"></a>__scatterload</STRONG> (Thumb, 28 bytes, Stack size 0 bytes, init.o(.text))
<BR><BR>[Calls]<UL><LI><a href="#[38]">&gt;&gt;</a>&nbsp;&nbsp;&nbsp;__main_after_scatterload
</UL>
<BR>[Called By]<UL><LI><a href="#[18]">&gt;&gt;</a>&nbsp;&nbsp;&nbsp;_main_scatterload
</UL>

<P><STRONG><a name="[3b9]"></a>__scatterload_rt2</STRONG> (Thumb, 0 bytes, Stack size 0 bytes, init.o(.text), UNUSED)

<P><STRONG><a name="[32]"></a>__aeabi_llsr</STRONG> (Thumb, 34 bytes, Stack size 8 bytes, llushr.o(.text))
<BR><BR>[Stack]<UL><LI>Max Depth = 8<LI>Call Chain = __aeabi_llsr
</UL>
<BR>[Called By]<UL><LI><a href="#[31]">&gt;&gt;</a>&nbsp;&nbsp;&nbsp;__aeabi_uldivmod
<LI><a href="#[29]">&gt;&gt;</a>&nbsp;&nbsp;&nbsp;_double_epilogue
<LI><a href="#[37]">&gt;&gt;</a>&nbsp;&nbsp;&nbsp;__aeabi_d2ulz
</UL>

<P><STRONG><a name="[3ba]"></a>_ll_ushift_r</STRONG> (Thumb, 0 bytes, Stack size 8 bytes, llushr.o(.text), UNUSED)

<P><STRONG><a name="[33]"></a>__rt_ctype_table</STRONG> (Thumb, 4 bytes, Stack size 0 bytes, ctype_o.o(.text))
<BR><BR>[Called By]<UL><LI><a href="#[25]">&gt;&gt;</a>&nbsp;&nbsp;&nbsp;__strtoll
<LI><a href="#[22]">&gt;&gt;</a>&nbsp;&nbsp;&nbsp;strtol
</UL>

<P><STRONG><a name="[34]"></a>_strtoul</STRONG> (Thumb, 166 bytes, Stack size 40 bytes, _strtoul.o(.text))
<BR><BR>[Stack]<UL><LI>Max Depth = 40<LI>Call Chain = _strtoul
</UL>
<BR>[Calls]<UL><LI><a href="#[39]">&gt;&gt;</a>&nbsp;&nbsp;&nbsp;_chval
<LI><a href="#[21]">&gt;&gt;</a>&nbsp;&nbsp;&nbsp;__aeabi_errno_addr
</UL>
<BR>[Called By]<UL><LI><a href="#[22]">&gt;&gt;</a>&nbsp;&nbsp;&nbsp;strtol
</UL>

<P><STRONG><a name="[35]"></a>_strtoull</STRONG> (Thumb, 214 bytes, Stack size 48 bytes, _strtoull.o(.text))
<BR><BR>[Stack]<UL><LI>Max Depth = 120<LI>Call Chain = _strtoull &rArr; __aeabi_lmul &rArr; __aeabi_llsl
</UL>
<BR>[Calls]<UL><LI><a href="#[39]">&gt;&gt;</a>&nbsp;&nbsp;&nbsp;_chval
<LI><a href="#[3a]">&gt;&gt;</a>&nbsp;&nbsp;&nbsp;__aeabi_lmul
<LI><a href="#[21]">&gt;&gt;</a>&nbsp;&nbsp;&nbsp;__aeabi_errno_addr
</UL>
<BR>[Called By]<UL><LI><a href="#[25]">&gt;&gt;</a>&nbsp;&nbsp;&nbsp;__strtoll
</UL>

<P><STRONG><a name="[3a]"></a>__aeabi_lmul</STRONG> (Thumb, 122 bytes, Stack size 64 bytes, llmul.o(.text))
<BR><BR>[Stack]<UL><LI>Max Depth = 72<LI>Call Chain = __aeabi_lmul &rArr; __aeabi_llsl
</UL>
<BR>[Calls]<UL><LI><a href="#[27]">&gt;&gt;</a>&nbsp;&nbsp;&nbsp;__aeabi_llsl
</UL>
<BR>[Called By]<UL><LI><a href="#[35]">&gt;&gt;</a>&nbsp;&nbsp;&nbsp;_strtoull
</UL>

<P><STRONG><a name="[3bb]"></a>_ll_mul</STRONG> (Thumb, 0 bytes, Stack size 64 bytes, llmul.o(.text), UNUSED)

<P><STRONG><a name="[39]"></a>_chval</STRONG> (Thumb, 30 bytes, Stack size 0 bytes, _chval.o(.text))
<BR><BR>[Called By]<UL><LI><a href="#[35]">&gt;&gt;</a>&nbsp;&nbsp;&nbsp;_strtoull
<LI><a href="#[34]">&gt;&gt;</a>&nbsp;&nbsp;&nbsp;_strtoul
</UL>

<P><STRONG><a name="[3bc]"></a>__decompress</STRONG> (Thumb, 0 bytes, Stack size unknown bytes, __dczerorl2.o(.text), UNUSED)

<P><STRONG><a name="[3bd]"></a>__decompress1</STRONG> (Thumb, 86 bytes, Stack size unknown bytes, __dczerorl2.o(.text), UNUSED)

<P><STRONG><a name="[3b]"></a>AddBatch</STRONG> (Thumb, 22 bytes, Stack size 8 bytes, p8583_trade.o(i.AddBatch))
<BR><BR>[Stack]<UL><LI>Max Depth = 32<LI>Call Chain = AddBatch &rArr; GetCurrentBatchNum &rArr; Lib_FlashGet_Str
</UL>
<BR>[Calls]<UL><LI><a href="#[3c]">&gt;&gt;</a>&nbsp;&nbsp;&nbsp;GetCurrentBatchNum
<LI><a href="#[3d]">&gt;&gt;</a>&nbsp;&nbsp;&nbsp;SaveCurrentBatchNum
</UL>
<BR>[Called By]<UL><LI><a href="#[262]">&gt;&gt;</a>&nbsp;&nbsp;&nbsp;TRANS_Logoff
</UL>

<P><STRONG><a name="[2a6]"></a>AddBitmapField</STRONG> (Thumb, 32 bytes, Stack size 8 bytes, p8583_proc.o(i.AddBitmapField))
<BR><BR>[Stack]<UL><LI>Max Depth = 8<LI>Call Chain = AddBitmapField
</UL>
<BR>[Called By]<UL><LI><a href="#[2a5]">&gt;&gt;</a>&nbsp;&nbsp;&nbsp;Pre8583Packet
</UL>

<P><STRONG><a name="[3e]"></a>AddCandidateList</STRONG> (Thumb, 544 bytes, Stack size 88 bytes, appselect.o(i.AddCandidateList))
<BR><BR>[Stack]<UL><LI>Max Depth = 128<LI>Call Chain = AddCandidateList &rArr; EmvLib_GetApp &rArr; GetICCardAidIndex &rArr; Lib_FlashGet_Str
</UL>
<BR>[Calls]<UL><LI><a href="#[3f]">&gt;&gt;</a>&nbsp;&nbsp;&nbsp;EmvLib_GetApp
<LI><a href="#[43]">&gt;&gt;</a>&nbsp;&nbsp;&nbsp;CheckICTI
<LI><a href="#[42]">&gt;&gt;</a>&nbsp;&nbsp;&nbsp;__aeabi_uread4
<LI><a href="#[44]">&gt;&gt;</a>&nbsp;&nbsp;&nbsp;__2sprintf
<LI><a href="#[40]">&gt;&gt;</a>&nbsp;&nbsp;&nbsp;memcmp
<LI><a href="#[45]">&gt;&gt;</a>&nbsp;&nbsp;&nbsp;strlen
<LI><a href="#[1d]">&gt;&gt;</a>&nbsp;&nbsp;&nbsp;__aeabi_memclr
<LI><a href="#[41]">&gt;&gt;</a>&nbsp;&nbsp;&nbsp;__aeabi_memcpy
</UL>
<BR>[Called By]<UL><LI><a href="#[338]">&gt;&gt;</a>&nbsp;&nbsp;&nbsp;SelectListAID
<LI><a href="#[5d]">&gt;&gt;</a>&nbsp;&nbsp;&nbsp;AnalysePSEDir
</UL>

<P><STRONG><a name="[46]"></a>AddOperFuntion</STRONG> (Thumb, 334 bytes, Stack size 96 bytes, loginfun.o(i.AddOperFuntion))
<BR><BR>[Stack]<UL><LI>Max Depth = 840<LI>Call Chain = AddOperFuntion &rArr; Api_KbInputFuntion &rArr; EnterSequenceNumber &rArr; Lib_ScrPrintxy &rArr; __c89vsprintf
</UL>
[...]
</UL>

<P><STRONG><a name="[366]"></a>set_byte</STRONG> (Thumb, 16 bytes, Stack size 16 bytes, flash_oper.o(i.set_byte))
<BR><BR>[Stack]<UL><LI>Max Depth = 32<LI>Call Chain = set_byte &rArr; Lib_FlashSet_Str
</UL>
<BR>[Calls]<UL><LI><a href="#[4f]">&gt;&gt;</a>&nbsp;&nbsp;&nbsp;Lib_FlashSet_Str
</UL>
<BR>[Called By]<UL><LI><a href="#[265]">&gt;&gt;</a>&nbsp;&nbsp;&nbsp;TMS_Update
</UL>

<P><STRONG><a name="[101]"></a>sha4_finish</STRONG> (Thumb, 676 bytes, Stack size 40 bytes, sha4.o(i.sha4_finish))
<BR><BR>[Stack]<UL><LI>Max Depth = 1072<LI>Call Chain = sha4_finish &rArr; sha4_update &rArr; sha4_process
</UL>
<BR>[Calls]<UL><LI><a href="#[100]">&gt;&gt;</a>&nbsp;&nbsp;&nbsp;sha4_update
</UL>
<BR>[Called By]<UL><LI><a href="#[fe]">&gt;&gt;</a>&nbsp;&nbsp;&nbsp;Code_DigitVerify_Calculate
</UL>

<P><STRONG><a name="[ff]"></a>sha4_starts</STRONG> (Thumb, 152 bytes, Stack size 0 bytes, sha4.o(i.sha4_starts))
<BR><BR>[Called By]<UL><LI><a href="#[fe]">&gt;&gt;</a>&nbsp;&nbsp;&nbsp;Code_DigitVerify_Calculate
</UL>

<P><STRONG><a name="[100]"></a>sha4_update</STRONG> (Thumb, 150 bytes, Stack size 40 bytes, sha4.o(i.sha4_update))
<BR><BR>[Stack]<UL><LI>Max Depth = 1032<LI>Call Chain = sha4_update &rArr; sha4_process
</UL>
<BR>[Calls]<UL><LI><a href="#[3a3]">&gt;&gt;</a>&nbsp;&nbsp;&nbsp;sha4_process
<LI><a href="#[41]">&gt;&gt;</a>&nbsp;&nbsp;&nbsp;__aeabi_memcpy
</UL>
<BR>[Called By]<UL><LI><a href="#[101]">&gt;&gt;</a>&nbsp;&nbsp;&nbsp;sha4_finish
<LI><a href="#[fe]">&gt;&gt;</a>&nbsp;&nbsp;&nbsp;Code_DigitVerify_Calculate
</UL>

<P><STRONG><a name="[352]"></a>sweepCodeInit</STRONG> (Thumb, 68 bytes, Stack size 16 bytes, p8583_trade.o(i.sweepCodeInit))
<BR><BR>[Stack]<UL><LI>Max Depth = 28<LI>Call Chain = sweepCodeInit &rArr; dat_bcdtoasc
</UL>
<BR>[Calls]<UL><LI><a href="#[155]">&gt;&gt;</a>&nbsp;&nbsp;&nbsp;dat_bcdtoasc
<LI><a href="#[73]">&gt;&gt;</a>&nbsp;&nbsp;&nbsp;Lib_GetTime
<LI><a href="#[70]">&gt;&gt;</a>&nbsp;&nbsp;&nbsp;__aeabi_memclr4
<LI><a href="#[41]">&gt;&gt;</a>&nbsp;&nbsp;&nbsp;__aeabi_memcpy
</UL>
<BR>[Called By]<UL><LI><a href="#[275]">&gt;&gt;</a>&nbsp;&nbsp;&nbsp;SweepCode_posTophone
<LI><a href="#[276]">&gt;&gt;</a>&nbsp;&nbsp;&nbsp;SweepCode_phoneTopos
<LI><a href="#[2dc]">&gt;&gt;</a>&nbsp;&nbsp;&nbsp;SweepCode_Query
</UL>

<P><STRONG><a name="[b4]"></a>toasc</STRONG> (Thumb, 132 bytes, Stack size 0 bytes, dev_math.o(i.toasc))
<BR><BR>[Called By]<UL><LI><a href="#[b3]">&gt;&gt;</a>&nbsp;&nbsp;&nbsp;BcdToAsciiString
</UL>

<P><STRONG><a name="[67]"></a>tohex</STRONG> (Thumb, 92 bytes, Stack size 0 bytes, dev_math.o(i.tohex))
<BR><BR>[Called By]<UL><LI><a href="#[49]">&gt;&gt;</a>&nbsp;&nbsp;&nbsp;AsciiStrToBcd
<LI><a href="#[66]">&gt;&gt;</a>&nbsp;&nbsp;&nbsp;Api_AscToBcd
<LI><a href="#[ae]">&gt;&gt;</a>&nbsp;&nbsp;&nbsp;AsciiStrToBcd2
<LI><a href="#[b5]">&gt;&gt;</a>&nbsp;&nbsp;&nbsp;BcdToHex
</UL>

<P><STRONG><a name="[267]"></a>view_ver</STRONG> (Thumb, 358 bytes, Stack size 184 bytes, menu.o(i.view_ver))
<BR><BR>[Stack]<UL><LI>Max Depth = 808<LI>Call Chain = view_ver &rArr; DspTile &rArr; Lib_MmiDisplay &rArr; Lib_ScrPrintxy &rArr; __c89vsprintf
</UL>
<BR>[Calls]<UL><LI><a href="#[225]">&gt;&gt;</a>&nbsp;&nbsp;&nbsp;GetUnitNum
<LI><a href="#[202]">&gt;&gt;</a>&nbsp;&nbsp;&nbsp;GetPosId
<LI><a href="#[8e]">&gt;&gt;</a>&nbsp;&nbsp;&nbsp;Lib_ScrBackLight
<LI><a href="#[4c]">&gt;&gt;</a>&nbsp;&nbsp;&nbsp;Lib_MmiDisplay
<LI><a href="#[6c]">&gt;&gt;</a>&nbsp;&nbsp;&nbsp;Lib_Kbhit
<LI><a href="#[6d]">&gt;&gt;</a>&nbsp;&nbsp;&nbsp;Lib_KbGetKey
<LI><a href="#[7f]">&gt;&gt;</a>&nbsp;&nbsp;&nbsp;DspTile
<LI><a href="#[253]">&gt;&gt;</a>&nbsp;&nbsp;&nbsp;Lib_ReadSN
<LI><a href="#[70]">&gt;&gt;</a>&nbsp;&nbsp;&nbsp;__aeabi_memclr4
<LI><a href="#[83]">&gt;&gt;</a>&nbsp;&nbsp;&nbsp;__aeabi_memcpy4
</UL>
<BR>[Called By]<UL><LI><a href="#[260]">&gt;&gt;</a>&nbsp;&nbsp;&nbsp;ManageMenu
</UL>
<P>
<H3>
Local Symbols
</H3>
<P><STRONG><a name="[397]"></a>byte_parity</STRONG> (Thumb, 32 bytes, Stack size 0 bytes, emvproc.o(i.byte_parity))
<BR><BR>[Called By]<UL><LI><a href="#[1c7]">&gt;&gt;</a>&nbsp;&nbsp;&nbsp;get_random_number
</UL>

<P><STRONG><a name="[1c7]"></a>get_random_number</STRONG> (Thumb, 70 bytes, Stack size 24 bytes, emvproc.o(i.get_random_number))
<BR><BR>[Stack]<UL><LI>Max Depth = 56<LI>Call Chain = get_random_number &rArr; Lib_PEDGetRand &rArr; Pci_GetRnd
</UL>
<BR>[Calls]<UL><LI><a href="#[397]">&gt;&gt;</a>&nbsp;&nbsp;&nbsp;byte_parity
<LI><a href="#[151]">&gt;&gt;</a>&nbsp;&nbsp;&nbsp;Lib_PEDGetRand
</UL>
<BR>[Called By]<UL><LI><a href="#[1c6]">&gt;&gt;</a>&nbsp;&nbsp;&nbsp;GenMKAndEnc
</UL>

<P><STRONG><a name="[3a3]"></a>sha4_process</STRONG> (Thumb, 2800 bytes, Stack size 992 bytes, sha4.o(i.sha4_process))
<BR><BR>[Stack]<UL><LI>Max Depth = 992<LI>Call Chain = sha4_process
</UL>
<BR>[Called By]<UL><LI><a href="#[100]">&gt;&gt;</a>&nbsp;&nbsp;&nbsp;sha4_update
</UL>

<P><STRONG><a name="[37f]"></a>_CheckDate</STRONG> (Thumb, 174 bytes, Stack size 40 bytes, emvpublic.o(i._CheckDate))
<BR><BR>[Stack]<UL><LI>Max Depth = 68<LI>Call Chain = _CheckDate &rArr; __aeabi_idivmod &rArr; __aeabi_uidivmod
</UL>
<BR>[Calls]<UL><LI><a href="#[27b]">&gt;&gt;</a>&nbsp;&nbsp;&nbsp;datebcdtobin
<LI><a href="#[1a]">&gt;&gt;</a>&nbsp;&nbsp;&nbsp;__aeabi_idivmod
</UL>
<BR>[Called By]<UL><LI><a href="#[156]">&gt;&gt;</a>&nbsp;&nbsp;&nbsp;_ChangeDateYear
</UL>

<P><STRONG><a name="[d2]"></a>CheckDynamicData</STRONG> (Thumb, 354 bytes, Stack size 16 bytes, offlinedataauth.o(i.CheckDynamicData))
<BR><BR>[Stack]<UL><LI>Max Depth = 16<LI>Call Chain = CheckDynamicData
</UL>
<BR>[Calls]<UL><LI><a href="#[d3]">&gt;&gt;</a>&nbsp;&nbsp;&nbsp;my_printf
<LI><a href="#[42]">&gt;&gt;</a>&nbsp;&nbsp;&nbsp;__aeabi_uread4
</UL>
<BR>[Called By]<UL><LI><a href="#[1f8]">&gt;&gt;</a>&nbsp;&nbsp;&nbsp;GetIccPK
</UL>

<P><STRONG><a name="[1f7]"></a>GetIssuerPK</STRONG> (Thumb, 232 bytes, Stack size 440 bytes, offlinedataauth.o(i.GetIssuerPK))
<BR><BR>[Stack]<UL><LI>Max Depth = 3428<LI>Call Chain = GetIssuerPK &rArr; EMVSignVeri &rArr; FromTimeToY4MMDD &rArr; _ChangeDateYear &rArr; _CheckDate &rArr; __aeabi_idivmod &rArr; __aeabi_uidivmod
</UL>
<BR>[Calls]<UL><LI><a href="#[161]">&gt;&gt;</a>&nbsp;&nbsp;&nbsp;EMV_FindRevocList
<LI><a href="#[153]">&gt;&gt;</a>&nbsp;&nbsp;&nbsp;EMVSignVeri
<LI><a href="#[42]">&gt;&gt;</a>&nbsp;&nbsp;&nbsp;__aeabi_uread4
<LI><a href="#[41]">&gt;&gt;</a>&nbsp;&nbsp;&nbsp;__aeabi_memcpy
</UL>
<BR>[Called By]<UL><LI><a href="#[1f8]">&gt;&gt;</a>&nbsp;&nbsp;&nbsp;GetIccPK
<LI><a href="#[1f6]">&gt;&gt;</a>&nbsp;&nbsp;&nbsp;GetIccPINPK
</UL>

<P><STRONG><a name="[17f]"></a>OfflineDynamicDataAuth</STRONG> (Thumb, 454 bytes, Stack size 2384 bytes, offlinedataauth.o(i.OfflineDynamicDataAuth))
<BR><BR>[Stack]<UL><LI>Max Depth = 7548<LI>Call Chain = OfflineDynamicDataAuth &rArr; GetIccPK &rArr; GetIssuerPK &rArr; EMVSignVeri &rArr; FromTimeToY4MMDD &rArr; _ChangeDateYear &rArr; _CheckDate &rArr; __aeabi_idivmod &rArr; __aeabi_uidivmod
</UL>
<BR>[Calls]<UL><LI><a href="#[d3]">&gt;&gt;</a>&nbsp;&nbsp;&nbsp;my_printf
<LI><a href="#[17e]">&gt;&gt;</a>&nbsp;&nbsp;&nbsp;DebugTraceDisp
<LI><a href="#[153]">&gt;&gt;</a>&nbsp;&nbsp;&nbsp;EMVSignVeri
<LI><a href="#[152]">&gt;&gt;</a>&nbsp;&nbsp;&nbsp;EMVInternalAuthenticate
<LI><a href="#[1f8]">&gt;&gt;</a>&nbsp;&nbsp;&nbsp;GetIccPK
<LI><a href="#[b8]">&gt;&gt;</a>&nbsp;&nbsp;&nbsp;buildDOL
<LI><a href="#[60]">&gt;&gt;</a>&nbsp;&nbsp;&nbsp;__aeabi_uwrite4
<LI><a href="#[42]">&gt;&gt;</a>&nbsp;&nbsp;&nbsp;__aeabi_uread4
<LI><a href="#[1d]">&gt;&gt;</a>&nbsp;&nbsp;&nbsp;__aeabi_memclr
<LI><a href="#[41]">&gt;&gt;</a>&nbsp;&nbsp;&nbsp;__aeabi_memcpy
</UL>
<BR>[Called By]<UL><LI><a href="#[17c]">&gt;&gt;</a>&nbsp;&nbsp;&nbsp;EmvLib_CardAuth
</UL>

<P><STRONG><a name="[180]"></a>OfflineStaticDataAuth</STRONG> (Thumb, 836 bytes, Stack size 1392 bytes, offlinedataauth.o(i.OfflineStaticDataAuth))
<BR><BR>[Stack]<UL><LI>Max Depth = 4380<LI>Call Chain = OfflineStaticDataAuth &rArr; EMVSignVeri &rArr; FromTimeToY4MMDD &rArr; _ChangeDateYear &rArr; _CheckDate &rArr; __aeabi_idivmod &rArr; __aeabi_uidivmod
</UL>
<BR>[Calls]<UL><LI><a href="#[d3]">&gt;&gt;</a>&nbsp;&nbsp;&nbsp;my_printf
<LI><a href="#[161]">&gt;&gt;</a>&nbsp;&nbsp;&nbsp;EMV_FindRevocList
<LI><a href="#[15e]">&gt;&gt;</a>&nbsp;&nbsp;&nbsp;EMV_FindCAPK
<LI><a href="#[153]">&gt;&gt;</a>&nbsp;&nbsp;&nbsp;EMVSignVeri
<LI><a href="#[e9]">&gt;&gt;</a>&nbsp;&nbsp;&nbsp;CheckStaticData
<LI><a href="#[60]">&gt;&gt;</a>&nbsp;&nbsp;&nbsp;__aeabi_uwrite4
<LI><a href="#[42]">&gt;&gt;</a>&nbsp;&nbsp;&nbsp;__aeabi_uread4
<LI><a href="#[70]">&gt;&gt;</a>&nbsp;&nbsp;&nbsp;__aeabi_memclr4
<LI><a href="#[1d]">&gt;&gt;</a>&nbsp;&nbsp;&nbsp;__aeabi_memclr
<LI><a href="#[41]">&gt;&gt;</a>&nbsp;&nbsp;&nbsp;__aeabi_memcpy
</UL>
<BR>[Called By]<UL><LI><a href="#[17c]">&gt;&gt;</a>&nbsp;&nbsp;&nbsp;EmvLib_CardAuth
</UL>

<P><STRONG><a name="[17d]"></a>offlineCombinedDDA</STRONG> (Thumb, 52 bytes, Stack size 264 bytes, offlinedataauth.o(i.offlineCombinedDDA))
<BR><BR>[Stack]<UL><LI>Max Depth = 5428<LI>Call Chain = offlineCombinedDDA &rArr; GetIccPK &rArr; GetIssuerPK &rArr; EMVSignVeri &rArr; FromTimeToY4MMDD &rArr; _ChangeDateYear &rArr; _CheckDate &rArr; __aeabi_idivmod &rArr; __aeabi_uidivmod
</UL>
<BR>[Calls]<UL><LI><a href="#[d3]">&gt;&gt;</a>&nbsp;&nbsp;&nbsp;my_printf
<LI><a href="#[1f8]">&gt;&gt;</a>&nbsp;&nbsp;&nbsp;GetIccPK
</UL>
<BR>[Called By]<UL><LI><a href="#[17c]">&gt;&gt;</a>&nbsp;&nbsp;&nbsp;EmvLib_CardAuth
</UL>

<P><STRONG><a name="[11c]"></a>DeleteFromtSortAppList</STRONG> (Thumb, 114 bytes, Stack size 16 bytes, appselect.o(i.DeleteFromtSortAppList))
<BR><BR>[Stack]<UL><LI>Max Depth = 24<LI>Call Chain = DeleteFromtSortAppList &rArr; __aeabi_memcpy
</UL>
<BR>[Calls]<UL><LI><a href="#[41]">&gt;&gt;</a>&nbsp;&nbsp;&nbsp;__aeabi_memcpy
</UL>
<BR>[Called By]<UL><LI><a href="#[179]">&gt;&gt;</a>&nbsp;&nbsp;&nbsp;InitApp
<LI><a href="#[17b]">&gt;&gt;</a>&nbsp;&nbsp;&nbsp;FinalSelectForLog
<LI><a href="#[177]">&gt;&gt;</a>&nbsp;&nbsp;&nbsp;FinalSelect
</UL>

<P><STRONG><a name="[18f]"></a>TruncatePad</STRONG> (Thumb, 108 bytes, Stack size 24 bytes, appselect.o(i.TruncatePad))
<BR><BR>[Stack]<UL><LI>Max Depth = 24<LI>Call Chain = TruncatePad
</UL>
<BR>[Calls]<UL><LI><a href="#[60]">&gt;&gt;</a>&nbsp;&nbsp;&nbsp;__aeabi_uwrite4
<LI><a href="#[42]">&gt;&gt;</a>&nbsp;&nbsp;&nbsp;__aeabi_uread4
</UL>
<BR>[Called By]<UL><LI><a href="#[18c]">&gt;&gt;</a>&nbsp;&nbsp;&nbsp;EmvLib_ReadAppData
</UL>

<P><STRONG><a name="[38a]"></a>FindRedundantdataofPrivate</STRONG> (Thumb, 52 bytes, Stack size 12 bytes, entry.o(i.FindRedundantdataofPrivate))
<BR><BR>[Stack]<UL><LI>Max Depth = 12<LI>Call Chain = FindRedundantdataofPrivate
</UL>
<BR>[Called By]<UL><LI><a href="#[388]">&gt;&gt;</a>&nbsp;&nbsp;&nbsp;_cl_NoConstructAllSeparateBER_TLV
</UL>

<P><STRONG><a name="[389]"></a>FindRedundantdataofUndefined</STRONG> (Thumb, 64 bytes, Stack size 8 bytes, entry.o(i.FindRedundantdataofUndefined))
<BR><BR>[Stack]<UL><LI>Max Depth = 8<LI>Call Chain = FindRedundantdataofUndefined
</UL>
<BR>[Called By]<UL><LI><a href="#[388]">&gt;&gt;</a>&nbsp;&nbsp;&nbsp;_cl_NoConstructAllSeparateBER_TLV
</UL>

<P><STRONG><a name="[19e]"></a>TermOnline</STRONG> (Thumb, 42 bytes, Stack size 0 bytes, entry.o(i.TermOnline))
<BR><BR>[Called By]<UL><LI><a href="#[19f]">&gt;&gt;</a>&nbsp;&nbsp;&nbsp;Entry_PreTransProc
<LI><a href="#[19d]">&gt;&gt;</a>&nbsp;&nbsp;&nbsp;Entry_GetPreProcInterFlg
</UL>

<P><STRONG><a name="[2ce]"></a>CheckSFI</STRONG> (Thumb, 42 bytes, Stack size 12 bytes, qpboc.o(i.CheckSFI))
<BR><BR>[Stack]<UL><LI>Max Depth = 12<LI>Call Chain = CheckSFI
</UL>
<BR>[Called By]<UL><LI><a href="#[2cc]">&gt;&gt;</a>&nbsp;&nbsp;&nbsp;_CheckAllSFI
<LI><a href="#[2cd]">&gt;&gt;</a>&nbsp;&nbsp;&nbsp;QPboc_ReadAppData
</UL>

<P><STRONG><a name="[27d]"></a>OfflineDynamicDataAuth</STRONG> (Thumb, 298 bytes, Stack size 1088 bytes, qpboc.o(i.OfflineDynamicDataAuth))
<BR><BR>[Stack]<UL><LI>Max Depth = 6252<LI>Call Chain = OfflineDynamicDataAuth &rArr; GetIccPK &rArr; GetIssuerPK &rArr; EMVSignVeri &rArr; FromTimeToY4MMDD &rArr; _ChangeDateYear &rArr; _CheckDate &rArr; __aeabi_idivmod &rArr; __aeabi_uidivmod
</UL>
<BR>[Calls]<UL><LI><a href="#[d3]">&gt;&gt;</a>&nbsp;&nbsp;&nbsp;my_printf
<LI><a href="#[1f8]">&gt;&gt;</a>&nbsp;&nbsp;&nbsp;GetIccPK
<LI><a href="#[27e]">&gt;&gt;</a>&nbsp;&nbsp;&nbsp;_cl_EMVSignVeri
<LI><a href="#[60]">&gt;&gt;</a>&nbsp;&nbsp;&nbsp;__aeabi_uwrite4
<LI><a href="#[42]">&gt;&gt;</a>&nbsp;&nbsp;&nbsp;__aeabi_uread4
<LI><a href="#[1d]">&gt;&gt;</a>&nbsp;&nbsp;&nbsp;__aeabi_memclr
<LI><a href="#[41]">&gt;&gt;</a>&nbsp;&nbsp;&nbsp;__aeabi_memcpy
</UL>
<BR>[Called By]<UL><LI><a href="#[2c5]">&gt;&gt;</a>&nbsp;&nbsp;&nbsp;__QPboc_CardAuth
</UL>

<P><STRONG><a name="[2d1]"></a>TruncatePad</STRONG> (Thumb, 108 bytes, Stack size 24 bytes, qpboc.o(i.TruncatePad))
<BR><BR>[Stack]<UL><LI>Max Depth = 24<LI>Call Chain = TruncatePad
</UL>
<BR>[Calls]<UL><LI><a href="#[60]">&gt;&gt;</a>&nbsp;&nbsp;&nbsp;__aeabi_uwrite4
<LI><a href="#[42]">&gt;&gt;</a>&nbsp;&nbsp;&nbsp;__aeabi_uread4
</UL>
<BR>[Called By]<UL><LI><a href="#[2cd]">&gt;&gt;</a>&nbsp;&nbsp;&nbsp;QPboc_ReadAppData
</UL>

<P><STRONG><a name="[340]"></a>SeparateScript</STRONG> (Thumb, 124 bytes, Stack size 48 bytes, terminalandcardaction.o(i.SeparateScript))
<BR><BR>[Stack]<UL><LI>Max Depth = 64<LI>Call Chain = SeparateScript &rArr; SeparateBER_TLV
</UL>
<BR>[Calls]<UL><LI><a href="#[5e]">&gt;&gt;</a>&nbsp;&nbsp;&nbsp;SeparateBER_TLV
<LI><a href="#[41]">&gt;&gt;</a>&nbsp;&nbsp;&nbsp;__aeabi_memcpy
</UL>
<BR>[Called By]<UL><LI><a href="#[167]">&gt;&gt;</a>&nbsp;&nbsp;&nbsp;_OnlineProcessing
</UL>

<P><STRONG><a name="[375]"></a>TerminalAction</STRONG> (Thumb, 408 bytes, Stack size 72 bytes, terminalandcardaction.o(i.TerminalAction))
<BR><BR>[Stack]<UL><LI>Max Depth = 4460<LI>Call Chain = TerminalAction &rArr; ForcedOnline &rArr; offlineCombineDSV &rArr; EMVSignVeri &rArr; FromTimeToY4MMDD &rArr; _ChangeDateYear &rArr; _CheckDate &rArr; __aeabi_idivmod &rArr; __aeabi_uidivmod
</UL>
<BR>[Calls]<UL><LI><a href="#[b6]">&gt;&gt;</a>&nbsp;&nbsp;&nbsp;BuildTDOL
<LI><a href="#[60]">&gt;&gt;</a>&nbsp;&nbsp;&nbsp;__aeabi_uwrite4
<LI><a href="#[42]">&gt;&gt;</a>&nbsp;&nbsp;&nbsp;__aeabi_uread4
<LI><a href="#[41]">&gt;&gt;</a>&nbsp;&nbsp;&nbsp;__aeabi_memcpy
<LI><a href="#[1a9]">&gt;&gt;</a>&nbsp;&nbsp;&nbsp;ForcedOnline
<LI><a href="#[376]">&gt;&gt;</a>&nbsp;&nbsp;&nbsp;somememcmp
</UL>
<BR>[Called By]<UL><LI><a href="#[16a]">&gt;&gt;</a>&nbsp;&nbsp;&nbsp;_TerminalAndCardActionAnalysis
</UL>

<P><STRONG><a name="[376]"></a>somememcmp</STRONG> (Thumb, 70 bytes, Stack size 16 bytes, terminalandcardaction.o(i.somememcmp))
<BR><BR>[Stack]<UL><LI>Max Depth = 16<LI>Call Chain = somememcmp
</UL>
<BR>[Called By]<UL><LI><a href="#[381]">&gt;&gt;</a>&nbsp;&nbsp;&nbsp;_ProcIssuerDef
<LI><a href="#[375]">&gt;&gt;</a>&nbsp;&nbsp;&nbsp;TerminalAction
</UL>

<P><STRONG><a name="[bf]"></a>CalcAmountUl</STRONG> (Thumb, 80 bytes, Stack size 16 bytes, cardholderverify.o(i.CalcAmountUl))
<BR><BR>[Stack]<UL><LI>Max Depth = 24<LI>Call Chain = CalcAmountUl &rArr; dat_hextoul
</UL>
<BR>[Calls]<UL><LI><a href="#[c0]">&gt;&gt;</a>&nbsp;&nbsp;&nbsp;dat_hextoul
<LI><a href="#[42]">&gt;&gt;</a>&nbsp;&nbsp;&nbsp;__aeabi_uread4
</UL>
<BR>[Called By]<UL><LI><a href="#[d0]">&gt;&gt;</a>&nbsp;&nbsp;&nbsp;CheckCVMCondition
</UL>

<P><STRONG><a name="[d0]"></a>CheckCVMCondition</STRONG> (Thumb, 438 bytes, Stack size 56 bytes, cardholderverify.o(i.CheckCVMCondition))
<BR><BR>[Stack]<UL><LI>Max Depth = 80<LI>Call Chain = CheckCVMCondition &rArr; CalcAmountUl &rArr; dat_hextoul
</UL>
<BR>[Calls]<UL><LI><a href="#[7e]">&gt;&gt;</a>&nbsp;&nbsp;&nbsp;__ARM_common_switch8
<LI><a href="#[c0]">&gt;&gt;</a>&nbsp;&nbsp;&nbsp;dat_hextoul
<LI><a href="#[42]">&gt;&gt;</a>&nbsp;&nbsp;&nbsp;__aeabi_uread4
<LI><a href="#[40]">&gt;&gt;</a>&nbsp;&nbsp;&nbsp;memcmp
<LI><a href="#[bf]">&gt;&gt;</a>&nbsp;&nbsp;&nbsp;CalcAmountUl
</UL>
<BR>[Called By]<UL><LI><a href="#[15a]">&gt;&gt;</a>&nbsp;&nbsp;&nbsp;EMV_CardholderVerification
</UL>

<P><STRONG><a name="[15b]"></a>PerformCVM</STRONG> (Thumb, 610 bytes, Stack size 32 bytes, cardholderverify.o(i.PerformCVM))
<BR><BR>[Stack]<UL><LI>Max Depth = 6876<LI>Call Chain = PerformCVM &rArr; _OfflinePINProcessing &rArr; GetIccPINPK &rArr; GetIssuerPK &rArr; EMVSignVeri &rArr; FromTimeToY4MMDD &rArr; _ChangeDateYear &rArr; _CheckDate &rArr; __aeabi_idivmod &rArr; __aeabi_uidivmod
</UL>
<BR>[Calls]<UL><LI><a href="#[d3]">&gt;&gt;</a>&nbsp;&nbsp;&nbsp;my_printf
<LI><a href="#[10]">&gt;&gt;</a>&nbsp;&nbsp;&nbsp;cEmvLib_VerifyPINOK
<LI><a href="#[b]">&gt;&gt;</a>&nbsp;&nbsp;&nbsp;cEmvLib_VerifyCert
<LI><a href="#[29e]">&gt;&gt;</a>&nbsp;&nbsp;&nbsp;_OfflinePINProcessing
<LI><a href="#[42]">&gt;&gt;</a>&nbsp;&nbsp;&nbsp;__aeabi_uread4
<LI><a href="#[27f]">&gt;&gt;</a>&nbsp;&nbsp;&nbsp;OnlinePINProcessing
<LI><a href="#[29f]">&gt;&gt;</a>&nbsp;&nbsp;&nbsp;SignatureProcessing
</UL>
<BR>[Called By]<UL><LI><a href="#[15a]">&gt;&gt;</a>&nbsp;&nbsp;&nbsp;EMV_CardholderVerification
</UL>

<P><STRONG><a name="[29f]"></a>SignatureProcessing</STRONG> (Thumb, 52 bytes, Stack size 8 bytes, cardholderverify.o(i.SignatureProcessing))
<BR><BR>[Stack]<UL><LI>Max Depth = 8<LI>Call Chain = SignatureProcessing
</UL>
<BR>[Calls]<UL><LI><a href="#[351]">&gt;&gt;</a>&nbsp;&nbsp;&nbsp;EMVIF_PrintSignature
<LI><a href="#[42]">&gt;&gt;</a>&nbsp;&nbsp;&nbsp;__aeabi_uread4
</UL>
<BR>[Called By]<UL><LI><a href="#[15b]">&gt;&gt;</a>&nbsp;&nbsp;&nbsp;PerformCVM
</UL>

<P><STRONG><a name="[38c]"></a>_fp_digits</STRONG> (Thumb, 316 bytes, Stack size 56 bytes, printfa.o(i._fp_digits), UNUSED)
<BR><BR>[Calls]<UL><LI><a href="#[2e]">&gt;&gt;</a>&nbsp;&nbsp;&nbsp;__aeabi_ddiv
<LI><a href="#[2d]">&gt;&gt;</a>&nbsp;&nbsp;&nbsp;__aeabi_dmul
<LI><a href="#[26]">&gt;&gt;</a>&nbsp;&nbsp;&nbsp;__aeabi_dadd
<LI><a href="#[31]">&gt;&gt;</a>&nbsp;&nbsp;&nbsp;__aeabi_uldivmod
<LI><a href="#[37]">&gt;&gt;</a>&nbsp;&nbsp;&nbsp;__aeabi_d2ulz
<LI><a href="#[38d]">&gt;&gt;</a>&nbsp;&nbsp;&nbsp;__aeabi_cdrcmple
</UL>
<BR>[Called By]<UL><LI><a href="#[385]">&gt;&gt;</a>&nbsp;&nbsp;&nbsp;_printf_core
</UL>

<P><STRONG><a name="[385]"></a>_printf_core</STRONG> (Thumb, 1754 bytes, Stack size 128 bytes, printfa.o(i._printf_core), UNUSED)
<BR><BR>[Calls]<UL><LI><a href="#[31]">&gt;&gt;</a>&nbsp;&nbsp;&nbsp;__aeabi_uldivmod
<LI><a href="#[38e]">&gt;&gt;</a>&nbsp;&nbsp;&nbsp;_printf_pre_padding
<LI><a href="#[38f]">&gt;&gt;</a>&nbsp;&nbsp;&nbsp;_printf_post_padding
<LI><a href="#[38c]">&gt;&gt;</a>&nbsp;&nbsp;&nbsp;_fp_digits
<LI><a href="#[1b]">&gt;&gt;</a>&nbsp;&nbsp;&nbsp;__aeabi_uidivmod
</UL>
<BR>[Called By]<UL><LI><a href="#[387]">&gt;&gt;</a>&nbsp;&nbsp;&nbsp;__0vsprintf
<LI><a href="#[386]">&gt;&gt;</a>&nbsp;&nbsp;&nbsp;__0vsnprintf
<LI><a href="#[384]">&gt;&gt;</a>&nbsp;&nbsp;&nbsp;__0sprintf
</UL>

<P><STRONG><a name="[38f]"></a>_printf_post_padding</STRONG> (Thumb, 32 bytes, Stack size 24 bytes, printfa.o(i._printf_post_padding), UNUSED)
<BR><BR>[Called By]<UL><LI><a href="#[385]">&gt;&gt;</a>&nbsp;&nbsp;&nbsp;_printf_core
</UL>

<P><STRONG><a name="[38e]"></a>_printf_pre_padding</STRONG> (Thumb, 44 bytes, Stack size 40 bytes, printfa.o(i._printf_pre_padding), UNUSED)
<BR><BR>[Called By]<UL><LI><a href="#[385]">&gt;&gt;</a>&nbsp;&nbsp;&nbsp;_printf_core
</UL>

<P><STRONG><a name="[15]"></a>_snputc</STRONG> (Thumb, 22 bytes, Stack size 0 bytes, printfa.o(i._snputc))
<BR>[Address Reference Count : 1]<UL><LI> printfa.o(i.__0vsnprintf)
</UL>
<P><STRONG><a name="[14]"></a>_sputc</STRONG> (Thumb, 10 bytes, Stack size 0 bytes, printfa.o(i._sputc))
<BR><BR>[Called By]<UL><LI><a href="#[387]">&gt;&gt;</a>&nbsp;&nbsp;&nbsp;__0vsprintf
<LI><a href="#[384]">&gt;&gt;</a>&nbsp;&nbsp;&nbsp;__0sprintf
</UL>
<BR>[Address Reference Count : 2]<UL><LI> printfa.o(i.__0sprintf)
<LI> printfa.o(i.__0vsprintf)
</UL><P>
<H3>
Undefined Global Symbols
</H3><HR></body></html>
