<html>
<body>
<pre>
<h1>µVision Build Log</h1>
<h2>Project:</h2>
E:\svn\JHL_SF\CUSPOS\THM3100\APP\ZhongFu_THM3100\debug\make\THM3100_HID.uvprojx
Project File Date:  09/29/2019

<h2>Output:</h2>
Build target 'THM3100_MNT'
linking...
..\src\App\src\scat.sct(17): warning: L6314W: No section matches pattern //MAG_RAMCode.o(RO).
Program Size: Code=209964 RO-data=53848 RW-data=3256 ZI-data=51176  
Finished: 0 information, 1 warning and 0 error messages.
FromELF: creating hex file...
After Build - User command #1: C:\Keil_v5\ARM\ARMCC\bin\fromelf.exe --bin -o ../Obj/ZhongF_HM5-T1.04_20191023_00000001.bin  ../Obj/THM3100_MNT.axf
"..\Obj\THM3100_MNT.axf" - 0 Error(s), 1 Warning(s).
</pre>
</body>
</html>

ng var.c...
compiling qpbocTran.c...
compiling ic_test_app.c...
compiling uart_test_app.c...
compiling TMS.c...
linking...
..\src\App\src\scat.sct(17): warning: L6314W: No section matches pattern //MAG_RAMCode.o(RO).
Program Size: Code=209948 RO-data=53848 RW-data=3256 ZI-data=51176  
Finished: 0 information, 1 warning and 0 error messages.
FromELF: creating hex file...
After Build - User command #1: C:\Keil_v5\ARM\ARMCC\bin\fromelf.exe --bin -o ../Obj/ZhongF_HM5-T1.03_20191022_00000001.bin  ../Obj/THM3100_MNT.axf
"..\Obj\THM3100_MNT.axf" - 0 Error(s), 1 Warning(s).
