Product: MDK-ARM Standard 5.10
Component: ARM Compiler 5.04 update 1 (build 49)
Tool: armlink [5040049]

==============================================================================

Section Cross References

    main.o(i.main) refers to memseta.o(.text) for __aeabi_memclr4
    main.o(i.main) refers to dll.o(i.Lib_AppInit) for Lib_AppInit
    main.o(i.main) refers to flash_oper.o(i.Api_flash_init) for Api_flash_init
    main.o(i.main) refers to p8583_trade.o(i.ParaInit) for ParaInit
    main.o(i.main) refers to emvproc.o(i.emv_InitSystem) for emv_InitSystem
    main.o(i.main) refers to dll.o(i.Lib_GetHW_VER) for Lib_GetHW_VER
    main.o(i.main) refers to p8583_proc.o(i.ChargingTips) for ChargingTips
    main.o(i.main) refers to flash_oper.o(i.GetKeyTone) for GetKeyTone
    main.o(i.main) refers to dll.o(i.Lib_KbMute) for Lib_KbMute
    main.o(i.main) refers to dll.o(i.Lib_ReadAppVerInfor) for Lib_ReadAppVerInfor
    main.o(i.main) refers to memcmp.o(.text) for memcmp
    main.o(i.main) refers to dll.o(i.Los_ReadAppUpdataFlag) for Los_ReadAppUpdataFlag
    main.o(i.main) refers to menu.o(i.ResetFlash) for ResetFlash
    main.o(i.main) refers to flash_oper.o(i.GetPOSLockInfor) for GetPOSLockInfor
    main.o(i.main) refers to loginfun.o(i.TermLockFuntion) for TermLockFuntion
    main.o(i.main) refers to flash_oper.o(i.GetPrintDegree) for GetPrintDegree
    main.o(i.main) refers to flash_oper.o(i.SavePrintDegree) for SavePrintDegree
    main.o(i.main) refers to dll.o(i.Lib_PrnGraySet) for Lib_PrnGraySet
    main.o(i.main) refers to dll.o(i.Lib_KbFlush) for Lib_KbFlush
    main.o(i.main) refers to p8583_proc.o(i.SetDormancy_BacklightTime) for SetDormancy_BacklightTime
    main.o(i.main) refers to flash_oper.o(i.GetSignNameSwitch) for GetSignNameSwitch
    main.o(i.main) refers to flash_oper.o(i.SaveSignNameSwitch) for SaveSignNameSwitch
    main.o(i.main) refers to flash_oper.o(i.GetSaleSwitch) for GetSaleSwitch
    main.o(i.main) refers to dll.o(i.Lib_TimerSet) for Lib_TimerSet
    main.o(i.main) refers to flash_oper.o(i.GetUnitName) for GetUnitName
    main.o(i.main) refers to dll.o(i.Lib_GetTime) for Lib_GetTime
    main.o(i.main) refers to emvport.o(i.dat_bcdtoasc) for dat_bcdtoasc
    main.o(i.main) refers to dll.o(i.Lib_FlashGet_Str) for Lib_FlashGet_Str
    main.o(i.main) refers to dll.o(i.Lib_FlashSet_Str) for Lib_FlashSet_Str
    main.o(i.main) refers to flash_oper.o(i.ResetflashSection16) for ResetflashSection16
    main.o(i.main) refers to dll.o(i.Lib_MagOpen) for Lib_MagOpen
    main.o(i.main) refers to flash_oper.o(i.GetICSaleSwitch) for GetICSaleSwitch
    main.o(i.main) refers to dll.o(i.Lib_IccDetect) for Lib_IccDetect
    main.o(i.main) refers to dll.o(i.Lib_MagSwiped) for Lib_MagSwiped
    main.o(i.main) refers to dll.o(i.Lib_IccOpen) for Lib_IccOpen
    main.o(i.main) refers to emvproc.o(i.CheckCAPKParam) for CheckCAPKParam
    main.o(i.main) refers to emvport.o(i.inserted_card) for inserted_card
    main.o(i.main) refers to appapi.o(i.LcdClear) for LcdClear
    main.o(i.main) refers to appapi.o(i.DspTile) for DspTile
    main.o(i.main) refers to var.o(i.Lib_MmiDisplay) for Lib_MmiDisplay
    main.o(i.main) refers to dll.o(i.Lib_Kbhit) for Lib_Kbhit
    main.o(i.main) refers to dll.o(i.Lib_ScrBackLight) for Lib_ScrBackLight
    main.o(i.main) refers to p8583_trade.o(i.TRANS_Sale) for TRANS_Sale
    main.o(i.main) refers to emvproc.o(i.CancelTrans) for CancelTrans
    main.o(i.main) refers to dll.o(i.Lib_KbGetKey) for Lib_KbGetKey
    main.o(i.main) refers to menu.o(i.MianMenu) for MianMenu
    main.o(i.main) refers to dll.o(i.Lib_WNetTcpClose) for Lib_WNetTcpClose
    main.o(i.main) refers to p8583_proc.o(i.SelfSelected_Merchants_Inquiries) for SelfSelected_Merchants_Inquiries
    main.o(i.main) refers to dll.o(i.Lib_TimerCheck) for Lib_TimerCheck
    main.o(i.main) refers to appapi.o(i.Api_DStandbyScreen) for Api_DStandbyScreen
    main.o(i.main) refers to appapi.o(i.WaitUserAck1) for WaitUserAck1
    main.o(i.main) refers to tradeassistfun.o(i.Api_StandbyBrushCard) for Api_StandbyBrushCard
    main.o(i.main) refers to dll.o(i.Lib_MagReset) for Lib_MagReset
    main.o(i.main) refers to flash_oper.o(i.GetDefaultTrade) for GetDefaultTrade
    main.o(i.main) refers to main.o(.data) for .data
    main.o(i.main) refers to var.o(.data) for WIFIFLAG
    main.o(i.main) refers to var.o(.data) for MiNiPOSFlag
    main.o(i.main) refers to p8583_proc.o(.data) for Optional_Merchant_Flg
    main.o(i.main) refers to p8583_proc.o(.bss) for TransCom
    main.o(i.main) refers to emvvar.o(.bss) for stTemp
    main.o(i.main) refers to var.o(.data) for DispFlag
    main.o(i.main) refers to p8583_trade.o(i.TRANS_AuTH) for TRANS_AuTH
    startup_mps_cm0.o(STARTUP) refers to dll.o(i.V32P_StartUp) for V32P_StartUp
    startup_mps_cm0.o(STARTUP) refers to main.o(.constdata) for App_Msg
    startup_mps_cm0.o(CODE) refers to main.o(i.main) for main
[...]
    0x000511e4   0x00000074   Code   RO         1031    i.CheckFreePsw      p8583_trade.o
    0x00051258   0x00000060   Code   RO         1032    i.CheckFreeSign     p8583_trade.o
    0x000512b8   0x00000022   Code   RO         1351    i.CheckGanDataLen   tradeassistfun.o
    0x000512da   0x00000028   Code   RO        10143    i.CheckHead         emvcore.lib(emvrsa.o)
    0x00051302   0x00000002   PAD
    0x00051304   0x0000001c   Code   RO         7186    i.CheckICTI         emvcore.lib(appselect.o)
    0x00051320   0x00000084   Code   RO         3653    i.CheckInitState    flash_oper.o
    0x000513a4   0x000000dc   Code   RO         6870    i.CheckPINData      emvcore.lib(offlinedataauth.o)
    0x00051480   0x000000b8   Code   RO         1033    i.CheckPosLogin     p8583_trade.o
    0x00051538   0x000000a8   Code   RO          330    i.CheckReverseInfor  p8583_assist.o
    0x000515e0   0x0000002a   Code   RO         7187    i.CheckSFI          emvcore.lib(appselect.o)
    0x0005160a   0x0000002a   Code   RO         7493    i.CheckSFI          emvcore.lib(qpboc.o)
    0x00051634   0x000000cc   Code   RO         6871    i.CheckStaticData   emvcore.lib(offlinedataauth.o)
    0x00051700   0x000000f0   Code   RO         6800    i.CheckTagLen       emvcore.lib(emvpublic.o)
    0x000517f0   0x000000a8   Code   RO          331    i.CheckTradeExist   p8583_assist.o
    0x00051898   0x00000028   Code   RO         7188    i.ClearADFEntry     emvcore.lib(appselect.o)
    0x000518c0   0x00000048   Code   RO         7189    i.ClearDDFADFEntry  emvcore.lib(appselect.o)
    0x00051908   0x0000004c   Code   RO         3654    i.ClearTradeLog     flash_oper.o
    0x00051954   0x0000002e   Code   RO         6801    i.ClearZeroAndFF    emvcore.lib(emvpublic.o)
    0x00051982   0x00000002   PAD
    0x00051984   0x00000028   Code   RO         2504    i.ClrBelow          emvport.o
    0x000519ac   0x000000fc   Code   RO         6133    i.Clss_transmit     qpboctran.o
    0x00051aa8   0x000000a4   Code   RO         6483    i.Code_Crc_Calculate  tms.o
    0x00051b4c   0x00000150   Code   RO         6484    i.Code_DigitVerify_Calculate  tms.o
    0x00051c9c   0x00000084   Code   RO         1847    i.CommunicationMenu  menu.o
    0x00051d20   0x0000002c   Code   RO         7190    i.Compare           emvcore.lib(appselect.o)
    0x00051d4c   0x00000220   Code   RO         7372    i.ContactlessAddCandidateList  emvcore.lib(entry.o)
    0x00051f6c   0x000000c8   Code   RO         7373    i.Contactless_AnalysePSEDir  emvcore.lib(entry.o)
    0x00052034   0x00000034   Code   RO         7374    i.Contactless_ClearADFEntry  emvcore.lib(entry.o)
    0x00052068   0x000000cc   Code   RO         7375    i.Contactless_GetHighestPriority  emvcore.lib(entry.o)
    0x00052134   0x00000058   Code   RO         6134    i.ConvBcdAmount     qpboctran.o
    0x0005218c   0x0000001e   Code   RO         2506    i.ConvBcdToBin      emvport.o
    0x000521aa   0x0000001a   Code   RO         7191    i.Conv_CharToDisp   emvcore.lib(appselect.o)
    0x000521c4   0x00001070   Code   RO         1570    i.CtlParFuntion     loginfun.o
    0x00053234   0x00000002   Code   RO         2507    i.DebugTraceDisp    emvport.o
    0x00053236   0x00000020   Code   RO          707    i.DelBitmapField    p8583_proc.o
    0x00053256   0x00000002   PAD
    0x00053258   0x000001c4   Code   RO         1571    i.DelOperFuntion    loginfun.o
    0x0005341c   0x00000068   Code   RO         3658    i.DelOperInfor      flash_oper.o
    0x00053484   0x0000007c   Code   RO         7192    i.DeleteFromtSortAppList  emvcore.lib(appselect.o)
    0x00053500   0x0000002c   Code   RO         1572    i.DesSetFuntion     loginfun.o
    0x0005352c   0x0000009c   Code   RO        10183    i.DirectSendToCard  emvcore.lib(terminalandcardaction.o)
    0x000535c8   0x00000134   Code   RO         1574    i.DirectorVerifyPasswrod  loginfun.o
    0x000536fc   0x00000320   Code   RO          709    i.DisSaleList       p8583_proc.o
    0x00053a1c   0x0000015c   Code   RO          332    i.DisSummary        p8583_assist.o
    0x00053b78   0x00000364   Code   RO          333    i.DisSweepCodeTradeInfor  p8583_assist.o
    0x00053edc   0x00000698   Code   RO          335    i.DisTradeInfor     p8583_assist.o
    0x00054574   0x00000038   Code   RO          658    i.DispErrInfoFun    p8583_error.o
    0x000545ac   0x00000138   Code   RO         3203    i.DispLog           appapi.o
    0x000546e4   0x00000168   Code   RO          660    i.DispRetCode       p8583_error.o
    0x0005484c   0x00000138   Code   RO         1353    i.DispTrackPANFun   tradeassistfun.o
    0x00054984   0x000000f8   Code   RO         1354    i.DispTradeInfo     tradeassistfun.o
    0x00054a7c   0x0000023c   Code   RO         2426    i.DispTransName     emvinsertcard.o
    0x00054cb8   0x000000ac   Code   RO         1575    i.Disp_InputMode    loginfun.o
    0x00054d64   0x000000bc   Code   RO         6942    i.DispartGenAC      emvcore.lib(emviccomm.o)
    0x00054e20   0x00000070   Code   RO         6943    i.DispartGetProcOp  emvcore.lib(emviccomm.o)
    0x00054e90   0x00000024   Code   RO         7193    i.DispartSelect     emvcore.lib(appselect.o)
    0x00054eb4   0x00000044   Code   RO         2427    i.DisplayICCProcessing  emvinsertcard.o
    0x00054ef8   0x00000430   Code   RO         6485    i.Display_RetCode   tms.o
    0x00055328   0x0000005c   Code   RO        10184    i.DolGetByTag       emvcore.lib(terminalandcardaction.o)
    0x00055384   0x000001c4   Code   RO         2946    i.DownLoadCAPK      emvproc.o
    0x00055548   0x00000220   Code   RO         2947    i.DownLoadEmvParam  emvproc.o
    0x00055768   0x00000070   Code   RO         1852    i.DownloadMenu      menu.o
    0x000557d8   0x00000002   Code   RO         1576    i.DrawCursor        loginfun.o
    0x000557da   0x0000027a   Code   RO         3204    i.DspOperateInfo    appapi.o
    0x00055a54   0x00000058   Code   RO          710    i.DspRedAmount      p8583_proc.o
    0x00055aac   0x00000028   Code   RO         3206    i.DspSetMmi         appapi.o
    0x00055ad4   0x00000094   Code   RO         3207    i.DspSwitchMmi      appapi.o
    0x00055b68   0x00000058   Code   RO         3208    i.DspTile           appapi.o
    0x00055bc0   0x000000a4   Code   RO         6947    i.EMVExternalAuthenticate  emvcore.lib(emviccomm.o)
    0x00055c64   0x00000424   Code   RO         6948    i.EMVGenerateAC     emvcore.lib(emviccomm.o)
    0x00056088   0x00000080   Code   RO         6949    i.EMVGetChallenge   emvcore.lib(emviccomm.o)
    0x00056108   0x000001ac   Code   RO         6950    i.EMVGetData        emvcore.lib(emviccomm.o)
    0x000562b4   0x000001dc   Code   RO         6951    i.EMVGetProcessingOptions  emvcore.lib(emviccomm.o)
    0x00056490   0x00000004   Code   RO         2509    i.EMVIF_FileSize    emvport.o
    0x00056494   0x0000000c   Code   RO         2510    i.EMVIF_GetRandNumber  emvport.o
    0x000564a0   0x00000002   Code   RO         2511    i.EMVIF_GetRandNumberByNum  emvport.o
    0x000564a2   0x00000004   Code   RO         2512    i.EMVIF_GetsumLogByPAN  emvport.o
    0x000564a6   0x00000002   Code   RO         2513    i.EMVIF_PrintSignature  emvport.o
    0x000564a8   0x00000004   Code   RO         2270    i.EMVIF_SearchBlackList  emvif.o
    0x000564ac   0x00000004   Code   RO         2514    i.EMVIF_SearchExceptionList  emvport.o
    0x000564b0   0x00000170   Code   RO         6952    i.EMVInternalAuthenticate  emvcore.lib(emviccomm.o)
    0x00056620   0x00000004   Code   RO         7494    i.EMVMMI_InputAmount  emvcore.lib(qpboc.o)
    0x00056624   0x0000055c   Code   RO        10144    i.EMVSignVeri       emvcore.lib(emvrsa.o)
    0x00056b80   0x000000c0   Code   RO         6954    i.EMVVerify         emvcore.lib(emviccomm.o)
    0x00056c40   0x000002e0   Code   RO        10325    i.EMV_CardholderVerification  emvcore.lib(cardholderverify.o)
    0x00056f20   0x00000054   Code   RO         7050    i.EMV_ClearALLTLVData  emvcore.lib(emvlib.o)
    0x00056f74   0x00000064   Code   RO         7051    i.EMV_EC_Inquiry    emvcore.lib(emvlib.o)
    0x00056fd8   0x00000070   Code   RO         7052    i.EMV_EC_SetParameter  emvcore.lib(emvlib.o)
    0x00057048   0x00000082   Code   RO         2123    i.EMV_FindCAPK      emvfile.o
    0x000570ca   0x00000002   PAD
    0x000570cc   0x00000098   Code   RO         2124    i.EMV_FindRevocList  emvfile.o
    0x00057164   0x00000064   Code   RO         7054    i.EMV_OnlineProcessing  emvcore.lib(emvlib.o)
    0x000571c8   0x00000264   Code   RO        10167    i.EMV_ProcessRestrictions  emvcore.lib(processrestrict.o)
    0x0005742c   0x00000034   Code   RO         7056    i.EMV_TerminalAndCardActionAnalysis  emvcore.lib(emvlib.o)
    0x00057460   0x000003d4   Code   RO        10299    i.EMV_TerminalRiskManagement  emvcore.lib(terminalrisk.o)
    0x00057834   0x00000040   Code   RO         2428    i.EcAppQue          emvinsertcard.o
    0x00057874   0x000000c0   Code   RO          711    i.ElectricQuantityDetection  p8583_proc.o
    0x00057934   0x00000068   Code   RO         2271    i.EmvFuncInit       emvif.o
    0x0005799c   0x0000000a   Code   RO         2126    i.EmvLib_AddApp     emvfile.o
    0x000579a6   0x00000020   Code   RO         2127    i.EmvLib_AddCapk    emvfile.o
    0x000579c6   0x00000002   PAD
    0x000579c8   0x000000cc   Code   RO         7057    i.EmvLib_AppSel     emvcore.lib(emvlib.o)
    0x00057a94   0x00000064   Code   RO         7058    i.EmvLib_AppSelForLog  emvcore.lib(emvlib.o)
    0x00057af8   0x00000208   Code   RO         6872    i.EmvLib_CardAuth   emvcore.lib(offlinedataauth.o)
    0x00057d00   0x00000048   Code   RO         2131    i.EmvLib_GetApp     emvfile.o
    0x00057d48   0x0000000c   Code   RO         7059    i.EmvLib_GetBalance  emvcore.lib(emvlib.o)
    0x00057d54   0x0000001c   Code   RO         2133    i.EmvLib_GetParam   emvfile.o
    0x00057d70   0x00000030   Code   RO         7061    i.EmvLib_GetScriptResult  emvcore.lib(emvlib.o)
    0x00057da0   0x00000088   Code   RO         7062    i.EmvLib_GetTLV     emvcore.lib(emvlib.o)
    0x00057e28   0x00000038   Code   RO         2134    i.EmvLib_Init       emvfile.o
    0x00057e60   0x000000dc   Code   RO         7063    i.EmvLib_ProcTrans  emvcore.lib(emvlib.o)
    0x00057f3c   0x000005ac   Code   RO         7194    i.EmvLib_ReadAppData  emvcore.lib(appselect.o)
    0x000584e8   0x0000001c   Code   RO         2135    i.EmvLib_SetParam   emvfile.o
    0x00058504   0x00000078   Code   RO         7067    i.EmvLib_SetTLV     emvcore.lib(emvlib.o)
    0x0005857c   0x000001b8   Code   RO         6955    i.EmvReadRecord     emvcore.lib(emviccomm.o)
    0x00058734   0x000001d0   Code   RO         6956    i.EmvSelect         emvcore.lib(emviccomm.o)
    0x00058904   0x00000034   Code   RO         1355    i.EncodePasswordFun  tradeassistfun.o
    0x00058938   0x0000015c   Code   RO         1356    i.EnterSequenceNumber  tradeassistfun.o
    0x00058a94   0x00000138   Code   RO         1357    i.EnterTradeAmountFun  tradeassistfun.o
    0x00058bcc   0x00000138   Code   RO         7376    i.Entry_AppSlt      emvcore.lib(entry.o)
    0x00058d04   0x00000084   Code   RO         7377    i.Entry_DelCurCandApp  emvcore.lib(entry.o)
    0x00058d88   0x000001e8   Code   RO         7378    i.Entry_FinalSelect  emvcore.lib(entry.o)
    0x00058f70   0x00000128   Code   RO         7379    i.Entry_GetPreProcInterFlg  emvcore.lib(entry.o)
    0x00059098   0x00000260   Code   RO         7380    i.Entry_PreTransProc  emvcore.lib(entry.o)
    0x000592f8   0x000000c4   Code   RO         7195    i.FillADFEntry      emvcore.lib(appselect.o)
    0x000593bc   0x000003bc   Code   RO         7196    i.FinalSelect       emvcore.lib(appselect.o)
    0x00059778   0x00000388   Code   RO         7197    i.FinalSelectForLog  emvcore.lib(appselect.o)
    0x00059b00   0x00000038   Code   RO         7381    i.FindRedundantdataofPrivate  emvcore.lib(entry.o)
    0x00059b38   0x00000048   Code   RO         7382    i.FindRedundantdataofUndefined  emvcore.lib(entry.o)
    0x00059b80   0x00000046   Code   RO        10185    i.FindSeparate      emvcore.lib(terminalandcardaction.o)
    0x00059bc6   0x00000054   Code   RO        10186    i.FindTLVSeparate   emvcore.lib(terminalandcardaction.o)
    0x00059c1a   0x00000002   PAD
    0x00059c1c   0x000001f4   Code   RO         2951    i.FinishDownLoad    emvproc.o
    0x00059e10   0x00000018   Code   RO         3659    i.FirstRun1         flash_oper.o
    0x00059e28   0x0000006c   Code   RO         3661    i.FirstSetRun1      flash_oper.o
    0x00059e94   0x0000002c   Code   RO         3663    i.FlashWriteErrorWarn  flash_oper.o
    0x00059ec0   0x00000168   Code   RO        10300    i.ForcedOnline      emvcore.lib(terminalrisk.o)
    0x0005a028   0x00000032   Code   RO         1359    i.FormatDataMoney   tradeassistfun.o
    0x0005a05a   0x00000028   Code   RO         6802    i.FromTimeToY4MMDD  emvcore.lib(emvpublic.o)
    0x0005a082   0x00000002   PAD
    0x0005a084   0x000003ac   Code   RO         1581    i.GPRSSetFuntion    loginfun.o
    0x0005a430   0x00000088   Code   RO        10187    i.GenIssuerResult   emvcore.lib(terminalandcardaction.o)
    0x0005a4b8   0x000000d4   Code   RO         2952    i.GenMKAndEnc       emvproc.o
    0x0005a58c   0x00000024   Code   RO        10301    i.GenRandValue      emvcore.lib(terminalrisk.o)
    0x0005a5b0   0x0000012c   Code   RO          712    i.Get8583Field      p8583_proc.o
    0x0005a6dc   0x00000088   Code   RO          713    i.Get8583MsgID      p8583_proc.o
    0x0005a764   0x0000001c   Code   RO         3664    i.GetAidData        flash_oper.o
    0x0005a780   0x0000001c   Code   RO         3665    i.GetAidListData    flash_oper.o
    0x0005a79c   0x00000014   Code   RO         3667    i.GetAuTHSwitch     flash_oper.o
    0x0005a7b0   0x00000014   Code   RO         3668    i.GetAuthCancelPwordSwitch  flash_oper.o
    0x0005a7c4   0x00000014   Code   RO         3669    i.GetAuthCancelSwitch  flash_oper.o
    0x0005a7d8   0x00000014   Code   RO         3670    i.GetAuthCompleteBrushSwitch  flash_oper.o
    0x0005a7ec   0x00000014   Code   RO         3672    i.GetAuthCompleteSwitch  flash_oper.o
    0x0005a800   0x00000014   Code   RO         3673    i.GetAuthCompleteVoidPwordSwitch  flash_oper.o
    0x0005a814   0x00000014   Code   RO         3674    i.GetAuthCompleteVoidSwitch  flash_oper.o
    0x0005a828   0x00000014   Code   RO         3676    i.GetAuthCount      flash_oper.o
    0x0005a83c   0x0000001c   Code   RO         3677    i.GetAuthData       flash_oper.o
    0x0005a858   0x0000001c   Code   RO         3678    i.GetAuthIndex      flash_oper.o
    0x0005a874   0x000000d0   Code   RO         6957    i.GetBER_TLVByTag   emvcore.lib(emviccomm.o)
    0x0005a944   0x00000014   Code   RO         3680    i.GetBalanceSwitch  flash_oper.o
    0x0005a958   0x00000040   Code   RO          661    i.GetBankName       p8583_error.o
    0x0005a998   0x00000324   Code   RO          336    i.GetBatchUpList    p8583_assist.o
    0x0005acbc   0x00000128   Code   RO          337    i.GetBatchUpList1   p8583_assist.o
    0x0005ade4   0x000000ec   Code   RO          338    i.GetBatchUpNum     p8583_assist.o
    0x0005aed0   0x0000000e   Code   RO         3682    i.GetCCIDNum        flash_oper.o
    0x0005aede   0x00000012   Code   RO         3683    i.GetCDCVMSwitch    flash_oper.o
    0x0005aef0   0x00000012   Code   RO         3684    i.GetCFreeSigntSwitch  flash_oper.o
    0x0005af02   0x00000002   PAD
    0x0005af04   0x00000014   Code   RO         3686    i.GetCancelCount    flash_oper.o
    0x0005af18   0x0000001c   Code   RO         3687    i.GetCancelData     flash_oper.o
    0x0005af34   0x0000001c   Code   RO         3688    i.GetCancelIndex    flash_oper.o
    0x0005af50   0x00000044   Code   RO         7198    i.GetCandidateListAttr  emvcore.lib(appselect.o)
    0x0005af94   0x0000001c   Code   RO         3689    i.GetCapkData       flash_oper.o
    0x0005afb0   0x00000118   Code   RO         2517    i.GetCard           emvport.o
    0x0005b0c8   0x00000096   Code   RO         2518    i.GetCardFromTrack  emvport.o
    0x0005b15e   0x00000002   PAD
    0x0005b160   0x00000014   Code   RO         3697    i.GetCompleteCount  flash_oper.o
    0x0005b174   0x0000001c   Code   RO         3698    i.GetCompleteData   flash_oper.o
    0x0005b190   0x0000001c   Code   RO         3699    i.GetCompleteIndex  flash_oper.o
    0x0005b1ac   0x00000014   Code   RO         3700    i.GetCompleteVoidCount  flash_oper.o
    0x0005b1c0   0x0000001c   Code   RO         3701    i.GetCompleteVoidData  flash_oper.o
    0x0005b1dc   0x0000001c   Code   RO         3702    i.GetCompleteVoidIndex  flash_oper.o
    0x0005b1f8   0x0000000e   Code   RO         3703    i.GetCountryCode    flash_oper.o
    0x0005b206   0x00000012   Code   RO         3704    i.GetCurrentBatchNum  flash_oper.o
    0x0005b218   0x00000014   Code   RO         3705    i.GetCurrentTraceNo  flash_oper.o
    0x0005b22c   0x00000010   Code   RO         3706    i.GetCurrentTradeData  flash_oper.o
    0x0005b23c   0x00000014   Code   RO         3707    i.GetDefaultTrade   flash_oper.o
    0x0005b250   0x000001ec   Code   RO         2429    i.GetEmvTrackData   emvinsertcard.o
    0x0005b43c   0x00000024   Code   RO         3711    i.GetEndPrintInfor  flash_oper.o
    0x0005b460   0x00000012   Code   RO         3715    i.GetFirstDownLoadFlag  flash_oper.o
    0x0005b472   0x00000012   Code   RO         3716    i.GetFirstPlaycardsSwitch  flash_oper.o
    0x0005b484   0x00000012   Code   RO         3717    i.GetFreePswAmount  flash_oper.o
    0x0005b496   0x00000012   Code   RO         3718    i.GetFreePswSwitch  flash_oper.o
    0x0005b4a8   0x00000012   Code   RO         3719    i.GetFreeSignAmount  flash_oper.o
    0x0005b4ba   0x00000002   PAD
    0x0005b4bc   0x00000014   Code   RO         3721    i.GetICCardAidCount  flash_oper.o
    0x0005b4d0   0x0000001c   Code   RO         3722    i.GetICCardAidIndex  flash_oper.o
    0x0005b4ec   0x00000014   Code   RO         3723    i.GetICCardAidListCount  flash_oper.o
    0x0005b500   0x0000001c   Code   RO         3724    i.GetICCardAidListIndex  flash_oper.o
    0x0005b51c   0x00000014   Code   RO         3725    i.GetICCardCapkCount  flash_oper.o
    0x0005b530   0x0000001c   Code   RO         3726    i.GetICCardCapkIndex  flash_oper.o
    0x0005b54c   0x00000014   Code   RO         3730    i.GetICCardParam    flash_oper.o
    0x0005b560   0x00000014   Code   RO         3732    i.GetICSaleSwitch   flash_oper.o
    0x0005b574   0x000002dc   Code   RO         6874    i.GetIccPINPK       emvcore.lib(offlinedataauth.o)
    0x0005b850   0x00000420   Code   RO         6875    i.GetIccPK          emvcore.lib(offlinedataauth.o)
    0x0005bc70   0x000004a0   Code   RO         1361    i.GetInputAmount    tradeassistfun.o
    0x0005c110   0x0000000e   Code   RO         3734    i.GetInsertAdd      flash_oper.o
    0x0005c11e   0x00000010   Code   RO         3735    i.GetInsertMode     flash_oper.o
    0x0005c12e   0x00000002   PAD
    0x0005c130   0x000000f4   Code   RO         6876    i.GetIssuerPK       emvcore.lib(offlinedataauth.o)
    0x0005c224   0x00000014   Code   RO         3738    i.GetJieShuanLogoffSwitch  flash_oper.o
    0x0005c238   0x00000014   Code   RO         3739    i.GetJieShuanPrintDetailSwitch  flash_oper.o
    0x0005c24c   0x00000010   Code   RO         3740    i.GetKeyTone        flash_oper.o
    0x0005c25c   0x00000014   Code   RO         3741    i.GetLastPrintTraceNo  flash_oper.o
    0x0005c270   0x00000014   Code   RO         3742    i.GetLimitMoney     flash_oper.o
    0x0005c284   0x0000000e   Code   RO         3747    i.GetNetAPN         flash_oper.o
    0x0005c292   0x00000002   PAD
    0x0005c294   0x00000014   Code   RO         3748    i.GetNetworkSelection  flash_oper.o
    0x0005c2a8   0x00000014   Code   RO         3762    i.GetPBOCDemotion   flash_oper.o
    0x0005c2bc   0x00000014   Code   RO         3763    i.GetPOSLockInfor   flash_oper.o
    0x0005c2d0   0x0000000e   Code   RO         3775    i.GetPosId          flash_oper.o
    0x0005c2de   0x00000012   Code   RO         3777    i.GetPrintCardNumSwitch  flash_oper.o
    0x0005c2f0   0x00000014   Code   RO         3778    i.GetPrintDegree    flash_oper.o
    0x0005c304   0x00000014   Code   RO         3781    i.GetPrintPageCnt   flash_oper.o
    0x0005c318   0x00000010   Code   RO         3783    i.GetPrintTitle     flash_oper.o
    0x0005c328   0x00000014   Code   RO         3786    i.GetQrCodePrintPageCnt  flash_oper.o
    0x0005c33c   0x00000014   Code   RO         3788    i.GetReSendCnt      flash_oper.o
    0x0005c350   0x00000014   Code   RO         3789    i.GetRecvTimeOutReverseSwitch  flash_oper.o
    0x0005c364   0x00000014   Code   RO         3790    i.GetRefundCount    flash_oper.o
    0x0005c378   0x0000001c   Code   RO         3791    i.GetRefundData     flash_oper.o
    0x0005c394   0x0000001c   Code   RO         3792    i.GetRefundIndex    flash_oper.o
    0x0005c3b0   0x00000014   Code   RO         3793    i.GetRefundSwitch   flash_oper.o
    0x0005c3c4   0x00000014   Code   RO         3794    i.GetReverseInfor   flash_oper.o
    0x0005c3d8   0x00000048   Code   RO         7199    i.GetSFI            emvcore.lib(appselect.o)
    0x0005c420   0x00000014   Code   RO         3796    i.GetSaleCancelPwordSwitch  flash_oper.o
    0x0005c434   0x00000014   Code   RO         3797    i.GetSaleCount      flash_oper.o
    0x0005c448   0x00000012   Code   RO         3798    i.GetSaleD0Switch   flash_oper.o
    0x0005c45a   0x00000002   PAD
    0x0005c45c   0x0000001c   Code   RO         3799    i.GetSaleData       flash_oper.o
    0x0005c478   0x00000014   Code   RO         3800    i.GetSaleFailCount  flash_oper.o
    0x0005c48c   0x0000001a   Code   RO         3801    i.GetSaleFailData   flash_oper.o
    0x0005c4a6   0x00000002   PAD
    0x0005c4a8   0x0000001c   Code   RO         3802    i.GetSaleFailIndex  flash_oper.o
    0x0005c4c4   0x0000001c   Code   RO         3803    i.GetSaleIndex      flash_oper.o
    0x0005c4e0   0x00000014   Code   RO         3804    i.GetSaleSwitch     flash_oper.o
    0x0005c4f4   0x00000014   Code   RO         3805    i.GetSaleVoidBrushSwitch  flash_oper.o
    0x0005c508   0x00000014   Code   RO         3806    i.GetSaleVoidSwitch  flash_oper.o
    0x0005c51c   0x0000000e   Code   RO         3809    i.GetServerIP       flash_oper.o
    0x0005c52a   0x0000000e   Code   RO         3810    i.GetServerIP1      flash_oper.o
    0x0005c538   0x0000000e   Code   RO         3811    i.GetServerIPPort   flash_oper.o
    0x0005c546   0x0000000e   Code   RO         3812    i.GetServerIPPort1  flash_oper.o
    0x0005c554   0x00000012   Code   RO         3814    i.GetSignNameSwitch  flash_oper.o
    0x0005c566   0x00000010   Code   RO         3815    i.GetSubAppName     flash_oper.o
    0x0005c576   0x00000002   PAD
    0x0005c578   0x00000014   Code   RO         3818    i.GetSweepCodeTriggerWay  flash_oper.o
    0x0005c58c   0x00000014   Code   RO         3819    i.GetSweepCodeWay   flash_oper.o
    0x0005c5a0   0x00000014   Code   RO         3820    i.GetSweepcodePayCount  flash_oper.o
    0x0005c5b4   0x0000001a   Code   RO         3821    i.GetSweepcodePayData  flash_oper.o
    0x0005c5ce   0x00000002   PAD
    0x0005c5d0   0x0000001c   Code   RO         3822    i.GetSweepcodePayIndex  flash_oper.o
    0x0005c5ec   0x00000014   Code   RO         3823    i.GetSweepcodeUndoCount  flash_oper.o
    0x0005c600   0x0000001c   Code   RO         3824    i.GetSweepcodeUndoData  flash_oper.o
    0x0005c61c   0x0000001c   Code   RO         3825    i.GetSweepcodeUndoIndex  flash_oper.o
    0x0005c638   0x000000c6   Code   RO         2954    i.GetTLVItem        emvproc.o
    0x0005c6fe   0x00000002   PAD
    0x0005c700   0x00000014   Code   RO         3826    i.GetTMSServerIP1   flash_oper.o
    0x0005c714   0x00000010   Code   RO         3827    i.GetTMSServerIP2   flash_oper.o
    0x0005c724   0x00000014   Code   RO         3828    i.GetTMSServerIPPort1  flash_oper.o
    0x0005c738   0x00000014   Code   RO         3829    i.GetTMSServerIPPort2  flash_oper.o
    0x0005c74c   0x00000010   Code   RO         3830    i.GetTPDUName       flash_oper.o
    0x0005c75c   0x00000014   Code   RO         3832    i.GetTmsAppVer      flash_oper.o
    0x0005c770   0x00000014   Code   RO         3835    i.GetTmsDownFlg     flash_oper.o
    0x0005c784   0x000004b4   Code   RO          339    i.GetTotleList      p8583_assist.o
    0x0005cc38   0x00000012   Code   RO         3841    i.GetTransModeSwitch  flash_oper.o
    0x0005cc4a   0x00000002   PAD
    0x0005cc4c   0x00000084   Code   RO          715    i.GetTxnTableIndex  p8583_proc.o
    0x0005ccd0   0x00000010   Code   RO         3846    i.GetUnitName       flash_oper.o
    0x0005cce0   0x00000010   Code   RO         3847    i.GetUnitNameEnglish  flash_oper.o
    0x0005ccf0   0x0000000e   Code   RO         3848    i.GetUnitNum        flash_oper.o
    0x0005ccfe   0x00000002   PAD
    0x0005cd00   0x00000014   Code   RO         3850    i.GetVOIDCount      flash_oper.o
    0x0005cd14   0x0000001c   Code   RO         3851    i.GetVOIDData       flash_oper.o
    0x0005cd30   0x0000001c   Code   RO         3852    i.GetVOIDIndex      flash_oper.o
    0x0005cd4c   0x00000010   Code   RO         3854    i.GetWaitTime       flash_oper.o
    0x0005cd5c   0x00000014   Code   RO         3858    i.GetZMangPwordSwitch  flash_oper.o
    0x0005cd70   0x00000018   Code   RO         6486    i.Get_LRC           tms.o
    0x0005cd88   0x000001f8   Code   RO         1582    i.HandSetKeyFuntion  loginfun.o
    0x0005cf80   0x00000010   Code   RO         3383    i.Hex_to_Bcd        dev_math.o
    0x0005cf90   0x00000002   Code   RO         2519    i.InceaseTraceNo    emvport.o
    0x0005cf92   0x00000002   PAD
    0x0005cf94   0x00000010   Code   RO          716    i.Init8583Packet    p8583_proc.o
    0x0005cfa4   0x00000038   Code   RO         3859    i.Init88OperInfor   flash_oper.o
    0x0005cfdc   0x00000274   Code   RO         7200    i.InitApp           emvcore.lib(appselect.o)
    0x0005d250   0x00000002   Code   RO         2520    i.InitCommData      emvport.o
    0x0005d252   0x00000002   PAD
    0x0005d254   0x00000038   Code   RO         3860    i.InitDirectorInfor  flash_oper.o
    0x0005d28c   0x0000003c   Code   RO         3861    i.InitSystemInfor   flash_oper.o
    0x0005d2c8   0x0000003c   Code   RO         3862    i.InitSystemSafety  flash_oper.o
    0x0005d304   0x00000044   Code   RO         6675    i.InputAmtExt       emvcore.lib(cllbckfunc.o)
    0x0005d348   0x00000064   Code   RO         1362    i.InputAuthorizeCode  tradeassistfun.o
    0x0005d3ac   0x00000054   Code   RO         1363    i.InputCardValid    tradeassistfun.o
    0x0005d400   0x00000058   Code   RO         1364    i.InputOldReference  tradeassistfun.o
    0x0005d458   0x00000058   Code   RO         1365    i.InputOldTradeDate  tradeassistfun.o
    0x0005d4b0   0x0000005c   Code   RO         1366    i.InputOldVoucher   tradeassistfun.o
    0x0005d50c   0x00000438   Code   RO         1367    i.InputPassWordFun  tradeassistfun.o
    0x0005d944   0x000002c8   Code   RO         1368    i.InputPassWordFun_offline  tradeassistfun.o
    0x0005dc0c   0x00000040   Code   RO         3863    i.InquiryIDOperInfor  flash_oper.o
    0x0005dc4c   0x00000064   Code   RO         3864    i.InquiryOperIDCnt  flash_oper.o
    0x0005dcb0   0x000003ac   Code   RO         2430    i.InsertCardProc    emvinsertcard.o
    0x0005e05c   0x00000018   Code   RO         2957    i.IsConstructedTag  emvproc.o
    0x0005e074   0x00000060   Code   RO         7201    i.IsExistEcSupportIndicator  emvcore.lib(appselect.o)
    0x0005e0d4   0x0000048c   Code   RO        10188    i.IssuertoCardScriptProcessing  emvcore.lib(terminalandcardaction.o)
    0x0005e560   0x00000430   Code   RO         1037    i.JSON_packet       p8583_trade.o
    0x0005e990   0x00000134   Code   RO         1370    i.LCD_Display       tradeassistfun.o
    0x0005eac4   0x00000014   Code   RO         3209    i.Lcd234etClear     appapi.o
    0x0005ead8   0x00000020   Code   RO         3210    i.LcdClear          appapi.o
    0x0005eaf8   0x00000074   Code   RO         3211    i.LcdClearline      appapi.o
    0x0005eb6c   0x00000050   Code   RO         7623    i.Lib_3Des          dll.lib(dll.o)
    0x0005ebbc   0x00000024   Code   RO         7624    i.Lib_AppInit       dll.lib(dll.o)
    0x0005ebe0   0x00000034   Code   RO         7630    i.Lib_BattVol       dll.lib(dll.o)
    0x0005ec14   0x00000020   Code   RO         7632    i.Lib_Beep          dll.lib(dll.o)
    0x0005ec34   0x00000040   Code   RO         7634    i.Lib_BkpWrite      dll.lib(dll.o)
    0x0005ec74   0x00000034   Code   RO         7637    i.Lib_CheckNetwordMode  dll.lib(dll.o)
    0x0005eca8   0x0000002c   Code   RO         7647    i.Lib_DelICCardAidListRecordAll  dll.lib(dll.o)
    0x0005ecd4   0x0000002c   Code   RO         7648    i.Lib_DelICCardAidRecordAll  dll.lib(dll.o)
    0x0005ed00   0x0000002c   Code   RO         7649    i.Lib_DelICCardCapkRecordAll  dll.lib(dll.o)
    0x0005ed2c   0x0000002c   Code   RO         7650    i.Lib_DelayMs       dll.lib(dll.o)
    0x0005ed58   0x0000001e   Code   RO         7651    i.Lib_Des           dll.lib(dll.o)
    0x0005ed76   0x00000002   PAD
    0x0005ed78   0x00000024   Code   RO         7652    i.Lib_DownLoadPara  dll.lib(dll.o)
    0x0005ed9c   0x0000005c   Code   RO         7653    i.Lib_DspQRcode     dll.lib(dll.o)
    0x0005edf8   0x00000034   Code   RO         7654    i.Lib_EleSignature  dll.lib(dll.o)
    0x0005ee2c   0x00000048   Code   RO         7657    i.Lib_Erase_pFlash_Sector  dll.lib(dll.o)
    0x0005ee74   0x00000004   Code   RO         2521    i.Lib_FileClose     emvport.o
    0x0005ee78   0x00000004   Code   RO         2523    i.Lib_FileOpen      emvport.o
    0x0005ee7c   0x00000004   Code   RO         2524    i.Lib_FileRead      emvport.o
    0x0005ee80   0x000000f4   Code   RO          340    i.Lib_FileRemove    p8583_assist.o
    0x0005ef74   0x00000004   Code   RO         2525    i.Lib_FileRemove_EMV  emvport.o
    0x0005ef78   0x00000004   Code   RO         2526    i.Lib_FileSeek      emvport.o
    0x0005ef7c   0x00000034   Code   RO         7663    i.Lib_FlashGet_Byte  dll.lib(dll.o)
    0x0005efb0   0x00000040   Code   RO         7665    i.Lib_FlashGet_Str  dll.lib(dll.o)
    0x0005eff0   0x00000070   Code   RO         7668    i.Lib_FlashMess_Save  dll.lib(dll.o)
    0x0005f060   0x00000040   Code   RO         7670    i.Lib_FlashSet_Byte  dll.lib(dll.o)
    0x0005f0a0   0x00000048   Code   RO         7672    i.Lib_FlashSet_Str  dll.lib(dll.o)
    0x0005f0e8   0x00000034   Code   RO         7678    i.Lib_GetHW_VER     dll.lib(dll.o)
    0x0005f11c   0x00000034   Code   RO         7679    i.Lib_GetTime       dll.lib(dll.o)
    0x0005f150   0x00000034   Code   RO         7680    i.Lib_GunOff        dll.lib(dll.o)
    0x0005f184   0x00000034   Code   RO         7681    i.Lib_GunOpen       dll.lib(dll.o)
    0x0005f1b8   0x00000034   Code   RO         7682    i.Lib_GunOver       dll.lib(dll.o)
    0x0005f1ec   0x0000003c   Code   RO         7683    i.Lib_GunRead       dll.lib(dll.o)
    0x0005f228   0x00000034   Code   RO         7684    i.Lib_GunStart      dll.lib(dll.o)
    0x0005f25c   0x0000003c   Code   RO         7685    i.Lib_Hash          dll.lib(dll.o)
    0x0005f298   0x00000038   Code   RO         7686    i.Lib_IFlashInit    dll.lib(dll.o)
    0x0005f2d0   0x0000002c   Code   RO         7688    i.Lib_IccClose      dll.lib(dll.o)
    0x0005f2fc   0x00000044   Code   RO         7689    i.Lib_IccCommand    dll.lib(dll.o)
    0x0005f340   0x00000034   Code   RO         7690    i.Lib_IccDetect     dll.lib(dll.o)
    0x0005f374   0x00000048   Code   RO         7691    i.Lib_IccOpen       dll.lib(dll.o)
    0x0005f3bc   0x00000004   Code   RO         2530    i.Lib_IccSetAutoResp  emvport.o
    0x0005f3c0   0x00000020   Code   RO         7694    i.Lib_KbFlush       dll.lib(dll.o)
    0x0005f3e0   0x0000002c   Code   RO         7696    i.Lib_KbGetKey      dll.lib(dll.o)
    0x0005f40c   0x00000088   Code   RO         7698    i.Lib_KbInputFuntion  dll.lib(dll.o)
    0x0005f494   0x00000074   Code   RO         7699    i.Lib_KbInputFuntionHz  dll.lib(dll.o)
    0x0005f508   0x0000002c   Code   RO         7700    i.Lib_KbMute        dll.lib(dll.o)
    0x0005f534   0x0000002c   Code   RO         7703    i.Lib_Kbhit         dll.lib(dll.o)
    0x0005f560   0x00000008   Code   RO         2531    i.Lib_LcdDrawBox    emvport.o
    0x0005f568   0x0000002c   Code   RO         7705    i.Lib_LedOff        dll.lib(dll.o)
    0x0005f594   0x0000002c   Code   RO         7706    i.Lib_LedOn         dll.lib(dll.o)
    0x0005f5c0   0x00000024   Code   RO         7707    i.Lib_MagClose      dll.lib(dll.o)
    0x0005f5e4   0x00000024   Code   RO         7708    i.Lib_MagOpen       dll.lib(dll.o)
    0x0005f608   0x00000040   Code   RO         7709    i.Lib_MagRead       dll.lib(dll.o)
    0x0005f648   0x00000024   Code   RO         7710    i.Lib_MagReset      dll.lib(dll.o)
    0x0005f66c   0x0000002c   Code   RO         7711    i.Lib_MagSwiped     dll.lib(dll.o)
    0x0005f698   0x00000016   Code   RO         6081    i.Lib_MmiDisplay    var.o
    0x0005f6ae   0x00000002   PAD
    0x0005f6b0   0x00000034   Code   RO         7712    i.Lib_NetwordSelection  dll.lib(dll.o)
    0x0005f6e4   0x00000068   Code   RO         7713    i.Lib_PEDDes        dll.lib(dll.o)
    0x0005f74c   0x00000068   Code   RO         7714    i.Lib_PEDGetMac     dll.lib(dll.o)
    0x0005f7b4   0x00000012   Code   RO         7716    i.Lib_PEDGetRand    dll.lib(dll.o)
    0x0005f7c6   0x00000002   PAD
    0x0005f7c8   0x00000038   Code   RO         7717    i.Lib_PEDReadMkeyID  dll.lib(dll.o)
    0x0005f800   0x00000038   Code   RO         7718    i.Lib_PEDReadMkeyMode  dll.lib(dll.o)
    0x0005f838   0x0000003c   Code   RO         7720    i.Lib_PEDWriteMKeyID  dll.lib(dll.o)
    0x0005f874   0x0000003c   Code   RO         7721    i.Lib_PEDWriteMkeyMode  dll.lib(dll.o)
    0x0005f8b0   0x00000078   Code   RO         7722    i.Lib_PEDWriteWorkKey  dll.lib(dll.o)
    0x0005f928   0x00000070   Code   RO         7723    i.Lib_PEDWriteWorkMKey  dll.lib(dll.o)
    0x0005f998   0x00000094   Code   RO         2532    i.Lib_PciGetPin     emvport.o
    0x0005fa2c   0x000000b4   Code   RO         2533    i.Lib_PciOffLineEncPin  emvport.o
    0x0005fae0   0x00000044   Code   RO         2534    i.Lib_PciOffLinePlainPin  emvport.o
    0x0005fb24   0x00000044   Code   RO         7724    i.Lib_PiccCheck     dll.lib(dll.o)
    0x0005fb68   0x00000028   Code   RO         7725    i.Lib_PiccClose     dll.lib(dll.o)
    0x0005fb90   0x00000038   Code   RO         7726    i.Lib_PiccCommand   dll.lib(dll.o)
    0x0005fbc8   0x00000028   Code   RO         7728    i.Lib_PiccOpen      dll.lib(dll.o)
    0x0005fbf0   0x0000005c   Code   RO         7730    i.Lib_PictureCompress  dll.lib(dll.o)
    0x0005fc4c   0x00000048   Code   RO         7731    i.Lib_PictureUnCompress  dll.lib(dll.o)
    0x0005fc94   0x00000048   Code   RO         7733    i.Lib_PrnFontSet    dll.lib(dll.o)
    0x0005fcdc   0x0000002c   Code   RO         7734    i.Lib_PrnGraySet    dll.lib(dll.o)
    0x0005fd08   0x0000002c   Code   RO         7735    i.Lib_PrnInit       dll.lib(dll.o)
    0x0005fd34   0x00000064   Code   RO         7743    i.Lib_PrnStart      dll.lib(dll.o)
    0x0005fd98   0x0000002c   Code   RO         7744    i.Lib_PrnStatus     dll.lib(dll.o)
    0x0005fdc4   0x0000007c   Code   RO         7746    i.Lib_PrnStr        dll.lib(dll.o)
    0x0005fe40   0x00000054   Code   RO         7747    i.Lib_PrnZoomSet    dll.lib(dll.o)
    0x0005fe94   0x00000054   Code   RO         7751    i.Lib_RSAPublicKeyDecrypt  dll.lib(dll.o)
    0x0005fee8   0x00000048   Code   RO         7754    i.Lib_ReadAppVerInfor  dll.lib(dll.o)
    0x0005ff30   0x00000034   Code   RO         7755    i.Lib_ReadSN        dll.lib(dll.o)
    0x0005ff64   0x00000050   Code   RO         7759    i.Lib_Read_pFlash   dll.lib(dll.o)
    0x0005ffb4   0x00000024   Code   RO         7760    i.Lib_RemoteUpdate  dll.lib(dll.o)
    0x0005ffd8   0x00000060   Code   RO         7768    i.Lib_SM4HardSn_Encryption  dll.lib(dll.o)
    0x00060038   0x00000034   Code   RO         7776    i.Lib_SaveICCardAidListRecord  dll.lib(dll.o)
    0x0006006c   0x00000034   Code   RO         7777    i.Lib_SaveICCardAidRecord  dll.lib(dll.o)
    0x000600a0   0x00000034   Code   RO         7778    i.Lib_SaveICCardCapkRecord  dll.lib(dll.o)
    0x000600d4   0x0000002c   Code   RO         7780    i.Lib_ScrAttrSet    dll.lib(dll.o)
    0x00060100   0x00000038   Code   RO         7781    i.Lib_ScrBackLight  dll.lib(dll.o)
    0x00060138   0x00000084   Code   RO         7782    i.Lib_ScrClrArea    dll.lib(dll.o)
    0x000601bc   0x0000004c   Code   RO         7784    i.Lib_ScrClrLine    dll.lib(dll.o)
    0x00060208   0x0000004c   Code   RO         7785    i.Lib_ScrClrOneLine  dll.lib(dll.o)
    0x00060254   0x0000002c   Code   RO         7786    i.Lib_ScrCls        dll.lib(dll.o)
    0x00060280   0x00000054   Code   RO         7787    i.Lib_ScrDrawLine   dll.lib(dll.o)
    0x000602d4   0x00000048   Code   RO         7788    i.Lib_ScrDrawLogo   dll.lib(dll.o)
    0x0006031c   0x0000005c   Code   RO         7789    i.Lib_ScrDrawLogoxy  dll.lib(dll.o)
    0x00060378   0x0000002c   Code   RO         7790    i.Lib_ScrFontSet    dll.lib(dll.o)
    0x000603a4   0x00000040   Code   RO         7791    i.Lib_ScrGotoxy     dll.lib(dll.o)
    0x000603e4   0x0000004c   Code   RO         7793    i.Lib_ScrPLot       dll.lib(dll.o)
    0x00060430   0x00000080   Code   RO         7794    i.Lib_ScrPrintf     dll.lib(dll.o)
    0x000604b0   0x00000088   Code   RO         7795    i.Lib_ScrPrintxy    dll.lib(dll.o)
    0x00060538   0x00000040   Code   RO         7801    i.Lib_SetFontBlack  dll.lib(dll.o)
    0x00060578   0x00000040   Code   RO         7802    i.Lib_SetFontColr   dll.lib(dll.o)
    0x000605b8   0x00000034   Code   RO         7804    i.Lib_SetTime       dll.lib(dll.o)
    0x000605ec   0x00000038   Code   RO         7809    i.Lib_SleepCtl      dll.lib(dll.o)
    0x00060624   0x00000024   Code   RO         7811    i.Lib_SystemTimeInit  dll.lib(dll.o)
    0x00060648   0x00000034   Code   RO         7812    i.Lib_TimerCheck    dll.lib(dll.o)
    0x0006067c   0x00000038   Code   RO         7813    i.Lib_TimerSet      dll.lib(dll.o)
    0x000606b4   0x0000003c   Code   RO         7815    i.Lib_TradeFeatureCode  dll.lib(dll.o)
    0x000606f0   0x00000034   Code   RO         7817    i.Lib_UpdataTerm_MK_COM  dll.lib(dll.o)
    0x00060724   0x0000002c   Code   RO         7818    i.Lib_UpdataTerm_MK_USB  dll.lib(dll.o)
    0x00060750   0x0000002c   Code   RO         7827    i.Lib_WNetCheckSim  dll.lib(dll.o)
    0x0006077c   0x00000034   Code   RO         7833    i.Lib_WNetGetLocation  dll.lib(dll.o)
    0x000607b0   0x0000002c   Code   RO         7839    i.Lib_WNetTcpClose  dll.lib(dll.o)
    0x000607dc   0x00000054   Code   RO         7840    i.Lib_WNetTcpConnect  dll.lib(dll.o)
    0x00060830   0x00000050   Code   RO         7842    i.Lib_WNetTcpRecv   dll.lib(dll.o)
    0x00060880   0x0000003c   Code   RO         7843    i.Lib_WNetTcpSend   dll.lib(dll.o)
    0x000608bc   0x00000024   Code   RO         7846    i.Lib_WakeUp        dll.lib(dll.o)
    0x000608e0   0x00000040   Code   RO         7847    i.Lib_WiFiModeInterface  dll.lib(dll.o)
    0x00060920   0x00000040   Code   RO         7851    i.Lib_WriteAPP      dll.lib(dll.o)
    0x00060960   0x00000034   Code   RO         7852    i.Lib_WriteRemoteFlag  dll.lib(dll.o)
    0x00060994   0x00000034   Code   RO         7853    i.Lib_WriteRemoteInfor  dll.lib(dll.o)
    0x000609c8   0x0000005c   Code   RO         7856    i.Lib_Write_pFlash  dll.lib(dll.o)
    0x00060a24   0x0000004c   Code   RO         7857    i.Lib_des           dll.lib(dll.o)
    0x00060a70   0x00000024   Code   RO         7867    i.Lib_wait_keytone_over  dll.lib(dll.o)
    0x00060a94   0x0000010c   Code   RO          719    i.LogonInitKey      p8583_proc.o
    0x00060ba0   0x000000a8   Code   RO         6138    i.LongToDec         qpboctran.o
    0x00060c48   0x0000003c   Code   RO         7868    i.Los_ReadAppUpdataFlag  dll.lib(dll.o)
    0x00060c84   0x00000040   Code   RO         7869    i.Los_WriteAppUpdataFlag  dll.lib(dll.o)
    0x00060cc4   0x000002f0   Code   RO         1371    i.MMI_ReadCard_Dsp  tradeassistfun.o
    0x00060fb4   0x00000080   Code   RO          720    i.MackField21       p8583_proc.o
    0x00061034   0x00000064   Code   RO          721    i.MackField46       p8583_proc.o
    0x00061098   0x000001b8   Code   RO          722    i.MackField48       p8583_proc.o
    0x00061250   0x00000488   Code   RO          723    i.MackField55       p8583_proc.o
    0x000616d8   0x000000e0   Code   RO          724    i.MackField56       p8583_proc.o
    0x000617b8   0x00000150   Code   RO          725    i.MackField59       p8583_proc.o
    0x00061908   0x00000350   Code   RO          726    i.MackField60       p8583_proc.o
    0x00061c58   0x000000d4   Code   RO          727    i.MackField61       p8583_proc.o
    0x00061d2c   0x00000120   Code   RO          728    i.MackField62       p8583_proc.o
    0x00061e4c   0x0000008c   Code   RO          729    i.MackField63       p8583_proc.o
    0x00061ed8   0x00000234   Code   RO         1856    i.ManageMenu        menu.o
    0x0006210c   0x00000130   Code   RO         1583    i.ManageVerifyPasswrod  loginfun.o
    0x0006223c   0x00000034   Code   RO         2535    i.MatchTrack2AndPan  emvport.o
    0x00062270   0x00000182   Code   RO         1584    i.MerchantsParaSet  loginfun.o
    0x000623f2   0x00000002   PAD
    0x000623f4   0x000001d0   Code   RO         1858    i.MianMenu          menu.o
    0x000625c4   0x000000c0   Code   RO         2431    i.ModifyTermCapForApp  emvinsertcard.o
    0x00062684   0x00000002   Code   RO          730    i.My_printf         p8583_proc.o
    0x00062686   0x00000002   PAD
    0x00062688   0x000002e0   Code   RO         1859    i.NetworkSelectionFunction  menu.o
    0x00062968   0x00000308   Code   RO         6803    i.NoConstructAllSeparateBER_TLV  emvcore.lib(emvpublic.o)
    0x00062c70   0x00000034   Code   RO          341    i.ObtTimeData       p8583_assist.o
    0x00062ca4   0x00000218   Code   RO         6877    i.OfflineDynamicDataAuth  emvcore.lib(offlinedataauth.o)
    0x00062ebc   0x00000144   Code   RO         7495    i.OfflineDynamicDataAuth  emvcore.lib(qpboc.o)
    0x00063000   0x000003b0   Code   RO         6878    i.OfflineStaticDataAuth  emvcore.lib(offlinedataauth.o)
    0x000633b0   0x00000002   Code   RO         2536    i.OnlineDownOrUp    emvport.o
    0x000633b2   0x00000002   PAD
    0x000633b4   0x000002b4   Code   RO         2958    i.OnlineLoadMk      emvproc.o
    0x00063668   0x000000e0   Code   RO        10326    i.OnlinePINProcessing  emvcore.lib(cardholderverify.o)
    0x00063748   0x000000c0   Code   RO        10189    i.OnlinePINProcessing_EC  emvcore.lib(terminalandcardaction.o)
    0x00063808   0x00000288   Code   RO          731    i.OnlineTransProc   p8583_proc.o
    0x00063a90   0x000001ec   Code   RO         1585    i.OperRegisterFuntion  loginfun.o
    0x00063c7c   0x000001f8   Code   RO         1586    i.OperVerifyPasswrod  loginfun.o
    0x00063e74   0x0000029c   Code   RO          732    i.Optional_Merchant_Menu_Processing  p8583_proc.o
    0x00064110   0x000001ac   Code   RO         1861    i.OtherFunSetMenu   menu.o
    0x000642bc   0x00000258   Code   RO         1862    i.OtherMenu         menu.o
    0x00064514   0x00000230   Code   RO         2537    i.Pane              emvport.o
    0x00064744   0x00000128   Code   RO         1040    i.ParaInit          p8583_trade.o
    0x0006486c   0x00000090   Code   RO         6488    i.ParmDownload_Request  tms.o
    0x000648fc   0x0000008c   Code   RO         6489    i.ParmDownload_RequestEnd  tms.o
    0x00064988   0x00000038   Code   RO         1864    i.PasswordMangeMenu  menu.o
    0x000649c0   0x00000048   Code   RO         7884    i.Pci_GetRnd        dll.lib(dll.o)
    0x00064a08   0x000002bc   Code   RO        10327    i.PerformCVM        emvcore.lib(cardholderverify.o)
    0x00064cc4   0x000000f0   Code   RO         6118    i.Picc_command_APDU_sim  qpbocport.o
    0x00064db4   0x00000038   Code   RO         1865    i.Pospara_download  menu.o
    0x00064dec   0x0000035c   Code   RO          733    i.Pre8583Packet     p8583_proc.o
    0x00065148   0x0000004c   Code   RO         1866    i.Preauthorization  menu.o
    0x00065194   0x000000c8   Code   RO          342    i.PrestoreSweepCodeLogFile  p8583_assist.o
    0x0006525c   0x00000f88   Code   RO          343    i.PrintBatchTicket  p8583_assist.o
    0x000661e4   0x00000084   Code   RO         1867    i.PrintMenu         menu.o
    0x00066268   0x000009e0   Code   RO          346    i.PrintTradeList    p8583_assist.o
    0x00066c48   0x00000ae4   Code   RO          348    i.Print_SweepCodeTicket  p8583_assist.o
    0x0006772c   0x00001b28   Code   RO          349    i.Print_TradeTicket  p8583_assist.o
    0x00069254   0x000000a8   Code   RO         2432    i.ProcEmvTran       emvinsertcard.o
    0x000692fc   0x00000014   Code   RO        10190    i.ProcReasonAdvice  emvcore.lib(terminalandcardaction.o)
    0x00069310   0x00000010   Code   RO         6139    i.PubAsc2Bcd        qpboctran.o
    0x00069320   0x00000010   Code   RO         6140    i.PubBcd2Asc        qpboctran.o
    0x00069330   0x00000158   Code   RO         2538    i.PubDispString     emvport.o
    0x00069488   0x000000b0   Code   RO         2540    i.PubShowTitle      emvport.o
    0x00069538   0x00000084   Code   RO         7496    i.QPboc_CardAuth    emvcore.lib(qpboc.o)
    0x000695bc   0x00000074   Code   RO         7497    i.QPboc_GetCvmType  emvcore.lib(qpboc.o)
    0x00069630   0x0000026c   Code   RO         7498    i.QPboc_InitApp     emvcore.lib(qpboc.o)
    0x0006989c   0x000000c8   Code   RO         7499    i.QPboc_Proctrans   emvcore.lib(qpboc.o)
    0x00069964   0x00000478   Code   RO         7500    i.QPboc_ReadAppData  emvcore.lib(qpboc.o)
    0x00069ddc   0x00000006   Code   RO         7501    i.QPboc_SearchExceptionList  emvcore.lib(qpboc.o)
    0x00069de2   0x00000002   PAD
    0x00069de4   0x000000ac   Code   RO         7502    i.QPboc_SetTransData  emvcore.lib(qpboc.o)
    0x00069e90   0x000006c4   Code   RO         6141    i.QProcEmvTran      qpboctran.o
    0x0006a554   0x0000011c   Code   RO         2961    i.QueryEmvCapk      emvproc.o
    0x0006a670   0x00000100   Code   RO         2962    i.QueryEmvParam     emvproc.o
    0x0006a770   0x00000194   Code   RO         1591    i.QueryOperFuntion  loginfun.o
    0x0006a904   0x00000b04   Code   RO          350    i.QueryTradeList    p8583_assist.o
    0x0006b408   0x00000174   Code   RO          351    i.QueryTradePool    p8583_assist.o
    0x0006b57c   0x00000150   Code   RO          734    i.QueryTrans_Sale   p8583_proc.o
    0x0006b6cc   0x00000054   Code   RO          352    i.RPrintLastTrade   p8583_assist.o
    0x0006b720   0x00000090   Code   RO          353    i.RPrintSweepCodeTicket  p8583_assist.o
    0x0006b7b0   0x00001960   Code   RO          354    i.RPrintWantonlyTrade  p8583_assist.o
    0x0006d110   0x00000014   Code   RO         3865    i.ReadBkpRam        flash_oper.o
    0x0006d124   0x00000688   Code   RO         1372    i.ReadMagCardTrack  tradeassistfun.o
    0x0006d7ac   0x000000b4   Code   RO          355    i.ReadReversalData  p8583_assist.o
    0x0006d860   0x00000048   Code   RO         2963    i.ReadTermAidList   emvproc.o
    0x0006d8a8   0x00000008   Code   RO         6490    i.RecvPacket_POSP   tms.o
    0x0006d8b0   0x00000030   Code   RO         1868    i.RegisterMenu      menu.o
    0x0006d8e0   0x00000022   Code   RO         2542    i.RemoveTailChars   emvport.o
    0x0006d902   0x00000002   PAD
    0x0006d904   0x00000294   Code   RO         1869    i.ResetFlash        menu.o
    0x0006db98   0x00000238   Code   RO         3867    i.ResetflashSection1  flash_oper.o
    0x0006ddd0   0x0000004a   Code   RO         3868    i.ResetflashSection10  flash_oper.o
    0x0006de1a   0x00000002   PAD
    0x0006de1c   0x0000004c   Code   RO         3869    i.ResetflashSection12  flash_oper.o
    0x0006de68   0x0000004a   Code   RO         3870    i.ResetflashSection13  flash_oper.o
    0x0006deb2   0x00000002   PAD
    0x0006deb4   0x0000004c   Code   RO         3871    i.ResetflashSection14  flash_oper.o
    0x0006df00   0x0000004a   Code   RO         3872    i.ResetflashSection15  flash_oper.o
    0x0006df4a   0x00000048   Code   RO         3873    i.ResetflashSection16  flash_oper.o
    0x0006df92   0x00000002   PAD
    0x0006df94   0x0000004c   Code   RO         3874    i.ResetflashSection171  flash_oper.o
    0x0006dfe0   0x0000004c   Code   RO         3875    i.ResetflashSection172  flash_oper.o
    0x0006e02c   0x00000044   Code   RO         3876    i.ResetflashSection2  flash_oper.o
    0x0006e070   0x000001ec   Code   RO         3877    i.ResetflashSection4  flash_oper.o
    0x0006e25c   0x00000028   Code   RO         3878    i.ResetflashSection5  flash_oper.o
    0x0006e284   0x00000044   Code   RO         3879    i.ResetflashSection7  flash_oper.o
    0x0006e2c8   0x0000004c   Code   RO         3880    i.ResetflashSection71  flash_oper.o
    0x0006e314   0x0000004a   Code   RO         3881    i.ResetflashSection8  flash_oper.o
    0x0006e35e   0x0000004a   Code   RO         3882    i.ResetflashSection9  flash_oper.o
    0x0006e3a8   0x00000050   Code   RO          735    i.ResolveHostPacket  p8583_proc.o
    0x0006e3f8   0x00000140   Code   RO         1041    i.ResumeTitleDisplay  p8583_trade.o
    0x0006e538   0x0000000c   Code   RO         7202    i.RetglCandidateListNum  emvcore.lib(appselect.o)
    0x0006e544   0x00000070   Code   RO          736    i.ReverseFuntion    p8583_proc.o
    0x0006e5b4   0x00000148   Code   RO         1042    i.ReverseProc       p8583_trade.o
    0x0006e6fc   0x00000218   Code   RO         2964    i.SaveAppParamItem  emvproc.o
    0x0006e914   0x00000014   Code   RO         3883    i.SaveAppVer        flash_oper.o
    0x0006e928   0x00000010   Code   RO         3884    i.SaveAuTHSwitch    flash_oper.o
    0x0006e938   0x00000010   Code   RO         3885    i.SaveAuthCancelPwordSwitch  flash_oper.o
    0x0006e948   0x00000010   Code   RO         3886    i.SaveAuthCancelSwitch  flash_oper.o
    0x0006e958   0x00000010   Code   RO         3889    i.SaveAuthCompleteSwitch  flash_oper.o
    0x0006e968   0x00000010   Code   RO         3890    i.SaveAuthCompleteVoidPwordSwitch  flash_oper.o
    0x0006e978   0x00000010   Code   RO         3891    i.SaveAuthCompleteVoidSwitch  flash_oper.o
    0x0006e988   0x0000002c   Code   RO         3893    i.SaveAuthRecord    flash_oper.o
    0x0006e9b4   0x00000010   Code   RO         3896    i.SaveBalanceSwitch  flash_oper.o
    0x0006e9c4   0x0000002c   Code   RO         3900    i.SaveCancelRecord  flash_oper.o
    0x0006e9f0   0x000000a0   Code   RO         2965    i.SaveCapkInfoItem  emvproc.o
    0x0006ea90   0x0000002c   Code   RO         3908    i.SaveCompleteRecord  flash_oper.o
    0x0006eabc   0x0000002c   Code   RO         3909    i.SaveCompleteVoidRecord  flash_oper.o
    0x0006eae8   0x00000012   Code   RO         3911    i.SaveCurrentBatchNum  flash_oper.o
    0x0006eafa   0x00000002   PAD
    0x0006eafc   0x00000014   Code   RO         3912    i.SaveCurrentTraceNo  flash_oper.o
    0x0006eb10   0x00000026   Code   RO         3913    i.SaveCurrentTradeData  flash_oper.o
    0x0006eb36   0x00000002   PAD
    0x0006eb38   0x00000010   Code   RO         3914    i.SaveDefaultTrade  flash_oper.o
    0x0006eb48   0x000000b8   Code   RO         2967    i.SaveEmvCapkItem   emvproc.o
    0x0006ec00   0x000000b0   Code   RO         2276    i.SaveEmvData       emvif.o
    0x0006ecb0   0x00000024   Code   RO         3918    i.SaveEndPrintInfor  flash_oper.o
    0x0006ecd4   0x0000000e   Code   RO         3922    i.SaveFirstDownLoadFlag  flash_oper.o
    0x0006ece2   0x0000000e   Code   RO         3923    i.SaveFirstPlaycardsSwitch  flash_oper.o
    0x0006ecf0   0x00000014   Code   RO         3926    i.SaveICCardParam   flash_oper.o
    0x0006ed04   0x00000010   Code   RO         3928    i.SaveICSaleSwitch  flash_oper.o
    0x0006ed14   0x00000020   Code   RO         3929    i.SaveIDOperInfor   flash_oper.o
    0x0006ed34   0x00000094   Code   RO          118    i.SaveInitEmvCapk   emvaidcapk.o
    0x0006edc8   0x000000cc   Code   RO          119    i.SaveInitEmvParam  emvaidcapk.o
    0x0006ee94   0x0000000e   Code   RO         3931    i.SaveInsertAdd     flash_oper.o
    0x0006eea2   0x0000000c   Code   RO         3932    i.SaveInsertMode    flash_oper.o
    0x0006eeae   0x00000002   PAD
    0x0006eeb0   0x00000010   Code   RO         3935    i.SaveJieShuanLogoffSwitch  flash_oper.o
    0x0006eec0   0x00000010   Code   RO         3936    i.SaveJieShuanPrintDetailSwitch  flash_oper.o
    0x0006eed0   0x0000000c   Code   RO         3937    i.SaveKeyTone       flash_oper.o
    0x0006eedc   0x00000014   Code   RO         3938    i.SaveLastPrintTraceNo  flash_oper.o
    0x0006eef0   0x00000014   Code   RO         3939    i.SaveLimitMoney    flash_oper.o
    0x0006ef04   0x00000258   Code   RO          356    i.SaveLogFile       p8583_assist.o
    0x0006f15c   0x0000023c   Code   RO          357    i.SaveLogFile1      p8583_assist.o
    0x0006f398   0x0000000e   Code   RO         3944    i.SaveNetAPN        flash_oper.o
    0x0006f3a6   0x00000002   PAD
    0x0006f3a8   0x00000014   Code   RO         3945    i.SaveNetworkSelection  flash_oper.o
    0x0006f3bc   0x0000004c   Code   RO         2969    i.SaveOneAid        emvproc.o
    0x0006f408   0x00000014   Code   RO         3950    i.SaveOperLoginInfor  flash_oper.o
    0x0006f41c   0x0000000c   Code   RO          120    i.SavePBOCDefaultPara  emvaidcapk.o
    0x0006f428   0x00000010   Code   RO         3959    i.SavePOSLockInfor  flash_oper.o
    0x0006f438   0x00000014   Code   RO         3960    i.SavePOSLoginInfor  flash_oper.o
    0x0006f44c   0x0000000e   Code   RO         3971    i.SavePosId         flash_oper.o
    0x0006f45a   0x00000002   PAD
    0x0006f45c   0x00000014   Code   RO         3972    i.SavePosVer        flash_oper.o
    0x0006f470   0x0000000e   Code   RO         3973    i.SavePrintCardNumSwitch  flash_oper.o
    0x0006f47e   0x00000002   PAD
    0x0006f480   0x00000014   Code   RO         3974    i.SavePrintDegree   flash_oper.o
    0x0006f494   0x00000014   Code   RO         3977    i.SavePrintPageCnt  flash_oper.o
    0x0006f4a8   0x00000010   Code   RO         3979    i.SavePrintTitle    flash_oper.o
    0x0006f4b8   0x00000014   Code   RO         3980    i.SaveQrCodePrintPageCnt  flash_oper.o
    0x0006f4cc   0x00000014   Code   RO         3982    i.SaveReSendCnt     flash_oper.o
    0x0006f4e0   0x00000010   Code   RO         3983    i.SaveRecvTimeOutReverseSwitch  flash_oper.o
    0x0006f4f0   0x0000002c   Code   RO         3984    i.SaveRefundRecord  flash_oper.o
    0x0006f51c   0x00000010   Code   RO         3985    i.SaveRefundSwitch  flash_oper.o
    0x0006f52c   0x00000110   Code   RO          737    i.SaveRespond       p8583_proc.o
    0x0006f63c   0x0000014c   Code   RO          738    i.SaveRespond56     p8583_proc.o
    0x0006f788   0x00000064   Code   RO          358    i.SaveReversalData  p8583_assist.o
    0x0006f7ec   0x00000014   Code   RO         3986    i.SaveReverseInfor  flash_oper.o
    0x0006f800   0x00000070   Code   RO         2277    i.SaveRspICCData    emvif.o
    0x0006f870   0x00000028   Code   RO         3987    i.SaveSALE_FailRecord  flash_oper.o
    0x0006f898   0x00000012   Code   RO         3988    i.SaveSafeVerCRC    flash_oper.o
    0x0006f8aa   0x00000002   PAD
    0x0006f8ac   0x00000010   Code   RO         3989    i.SaveSaleCancelPwordSwitch  flash_oper.o
    0x0006f8bc   0x0000002c   Code   RO         3991    i.SaveSaleRecord    flash_oper.o
    0x0006f8e8   0x00000010   Code   RO         3992    i.SaveSaleSwitch    flash_oper.o
    0x0006f8f8   0x00000010   Code   RO         3994    i.SaveSaleVoidSwitch  flash_oper.o
    0x0006f908   0x000000b4   Code   RO         2278    i.SaveScriptResult  emvif.o
    0x0006f9bc   0x00000010   Code   RO         3996    i.SaveSelfSelectedFlgInfor  flash_oper.o
    0x0006f9cc   0x0000000e   Code   RO         3997    i.SaveServerIP      flash_oper.o
    0x0006f9da   0x0000000e   Code   RO         3998    i.SaveServerIP1     flash_oper.o
    0x0006f9e8   0x0000000e   Code   RO         3999    i.SaveServerIPPort  flash_oper.o
    0x0006f9f6   0x0000000e   Code   RO         4000    i.SaveServerIPPort1  flash_oper.o
    0x0006fa04   0x0000000e   Code   RO         4001    i.SaveSignNameSwitch  flash_oper.o
    0x0006fa12   0x00000010   Code   RO         4002    i.SaveSubAppName    flash_oper.o
    0x0006fa22   0x00000002   PAD
    0x0006fa24   0x00000024   Code   RO         4005    i.SaveSweepCodePayRecord  flash_oper.o
    0x0006fa48   0x00000014   Code   RO         4006    i.SaveSweepCodeTriggerWay  flash_oper.o
    0x0006fa5c   0x00000014   Code   RO         4008    i.SaveSweepCodeWay  flash_oper.o
    0x0006fa70   0x00000014   Code   RO         4009    i.SaveTMSServerIP1  flash_oper.o
    0x0006fa84   0x00000010   Code   RO         4010    i.SaveTMSServerIP2  flash_oper.o
    0x0006fa94   0x00000014   Code   RO         4011    i.SaveTMSServerIPPort1  flash_oper.o
    0x0006faa8   0x00000014   Code   RO         4012    i.SaveTMSServerIPPort2  flash_oper.o
    0x0006fabc   0x00000010   Code   RO         4013    i.SaveTPDUName      flash_oper.o
    0x0006facc   0x00000014   Code   RO         4015    i.SaveTmsAppVer     flash_oper.o
    0x0006fae0   0x00000014   Code   RO         4016    i.SaveTmsAppname    flash_oper.o
    0x0006faf4   0x00000014   Code   RO         4017    i.SaveTmsDisInfor   flash_oper.o
    0x0006fb08   0x00000014   Code   RO         4018    i.SaveTmsDownFlg    flash_oper.o
    0x0006fb1c   0x00000014   Code   RO         4019    i.SaveTmsEndTimer   flash_oper.o
    0x0006fb30   0x00000014   Code   RO         4020    i.SaveTmsFname      flash_oper.o
    0x0006fb44   0x00000014   Code   RO         4021    i.SaveTmsStartTimer  flash_oper.o
    0x0006fb58   0x00000010   Code   RO         4022    i.SaveTrackEncryptSwitch  flash_oper.o
    0x0006fb68   0x00000010   Code   RO         4029    i.SaveUnitName      flash_oper.o
    0x0006fb78   0x00000010   Code   RO         4030    i.SaveUnitNameEnglish  flash_oper.o
    0x0006fb88   0x0000000e   Code   RO         4031    i.SaveUnitNum       flash_oper.o
    0x0006fb96   0x00000002   PAD
    0x0006fb98   0x00000014   Code   RO         4032    i.SaveUpDataFlag    flash_oper.o
    0x0006fbac   0x0000002c   Code   RO         4033    i.SaveVoidRecord    flash_oper.o
    0x0006fbd8   0x00000010   Code   RO         4035    i.SaveWaitTime      flash_oper.o
    0x0006fbe8   0x00000010   Code   RO         4039    i.SaveZMangPwordSwitch  flash_oper.o
    0x0006fbf8   0x000000de   Code   RO          739    i.Save_termial_para  p8583_proc.o
    0x0006fcd6   0x00000002   PAD
    0x0006fcd8   0x0000009c   Code   RO          363    i.SeeKOriginalAuthVoidTrade  p8583_assist.o
    0x0006fd74   0x000000c8   Code   RO          366    i.SeeKOriginalSaleTrade  p8583_assist.o
    0x0006fe3c   0x00000580   Code   RO          367    i.SeeKOriginalTradeInfor  p8583_assist.o
    0x000703bc   0x00000130   Code   RO          368    i.SeeSweepCodePayInfor  p8583_assist.o
    0x000704ec   0x000004a4   Code   RO         7203    i.SelectApp         emvcore.lib(appselect.o)
    0x00070990   0x00000290   Code   RO         7204    i.SelectListAID     emvcore.lib(appselect.o)
    0x00070c20   0x000000dc   Code   RO          740    i.SelfSelected_Merchants_Inquiries  p8583_proc.o
    0x00070cfc   0x000008dc   Code   RO          742    i.SendBufToTerm     p8583_proc.o
    0x000715d8   0x00000008   Code   RO         6492    i.SendGSMData2      tms.o
    0x000715e0   0x00000700   Code   RO          743    i.SendRecvPacket    p8583_proc.o
    0x00071ce0   0x00000086   Code   RO         6804    i.SeparateBER_TLV   emvcore.lib(emvpublic.o)
    0x00071d66   0x0000007c   Code   RO        10191    i.SeparateScript    emvcore.lib(terminalandcardaction.o)
    0x00071de2   0x00000002   PAD
    0x00071de4   0x000005f8   Code   RO          744    i.Set8583Packet     p8583_proc.o
    0x000723dc   0x0000011c   Code   RO          745    i.Set8583PrimaryField  p8583_proc.o
    0x000724f8   0x0000000e   Code   RO         4040    i.SetCDCVMSwitch    flash_oper.o
    0x00072506   0x00000002   PAD
    0x00072508   0x0000004c   Code   RO          746    i.SetDormancy_BacklightTime  p8583_proc.o
    0x00072554   0x00000098   Code   RO         2433    i.SetEmvTranType    emvinsertcard.o
    0x000725ec   0x00000012   Code   RO         4041    i.SetFreePswAmount  flash_oper.o
    0x000725fe   0x0000000e   Code   RO         4042    i.SetFreePswSwitch  flash_oper.o
    0x0007260c   0x00000012   Code   RO         4043    i.SetFreeSigntAmount  flash_oper.o
    0x0007261e   0x0000000e   Code   RO         4044    i.SetFreeSigntSwitch  flash_oper.o
    0x0007262c   0x0000013c   Code   RO         2544    i.SetIssuerName     emvport.o
    0x00072768   0x00000068   Code   RO         1595    i.SetKeyInDex       loginfun.o
    0x000727d0   0x00000088   Code   RO         2279    i.SetOnlineData     emvif.o
    0x00072858   0x00000010   Code   RO         4047    i.SetSettleData     flash_oper.o
    0x00072868   0x000000c4   Code   RO         1596    i.SetTimeFun        loginfun.o
    0x0007292c   0x00000038   Code   RO        10328    i.SignatureProcessing  emvcore.lib(cardholderverify.o)
    0x00072964   0x00000088   Code   RO         6958    i.SimpleSeparate    emvcore.lib(emviccomm.o)
    0x000729ec   0x00000250   Code   RO         1045    i.SweepCode_Query   p8583_trade.o
    0x00072c3c   0x000006d4   Code   RO         1046    i.SweepCode_phoneTopos  p8583_trade.o
    0x00073310   0x000005d8   Code   RO         1048    i.SweepCode_posTophone  p8583_trade.o
    0x000738e8   0x00000144   Code   RO         1874    i.SweepParameterSet  menu.o
    0x00073a2c   0x00000002   Code   RO          747    i.SysDebugLog2      p8583_proc.o
    0x00073a2e   0x00000002   PAD
    0x00073a30   0x0000041c   Code   RO         1599    i.SysParSet         loginfun.o
    0x00073e4c   0x00000130   Code   RO         1600    i.SysVerifyPasswrod  loginfun.o
    0x00073f7c   0x00000174   Code   RO         1875    i.Systerm00Menu     menu.o
    0x000740f0   0x000001d0   Code   RO         1876    i.Systerm88Menu     menu.o
    0x000742c0   0x00000298   Code   RO         1877    i.Systerm88OtherMenu  menu.o
    0x00074558   0x0000006c   Code   RO         1878    i.SystermManageMenu  menu.o
    0x000745c4   0x0000004c   Code   RO         1601    i.SystermParFuntion  loginfun.o
    0x00074610   0x00000048   Code   RO         1602    i.SystermPassWordCheck  loginfun.o
    0x00074658   0x000001d0   Code   RO         1879    i.TMS_Management_Menu  menu.o
    0x00074828   0x000010fc   Code   RO         6494    i.TMS_Update        tms.o
    0x00075924   0x00000148   Code   RO         6495    i.TMS_down_requt    tms.o
    0x00075a6c   0x0000000c   Code   RO         6496    i.TMS_down_response  tms.o
    0x00075a78   0x00000688   Code   RO         6497    i.TMS_terminal_parameter_information_processing  tms.o
    0x00076100   0x00000044   Code   RO         1603    i.TPDU2SetFuntion   loginfun.o
    0x00076144   0x00000208   Code   RO         1051    i.TRANS_AuTH        p8583_trade.o
    0x0007634c   0x00000288   Code   RO         1052    i.TRANS_AuthCancel  p8583_trade.o
    0x000765d4   0x00000200   Code   RO         1053    i.TRANS_AuthComplete  p8583_trade.o
    0x000767d4   0x000003a8   Code   RO         1054    i.TRANS_AuthCompleteVoid  p8583_trade.o
    0x00076b7c   0x00000284   Code   RO         1056    i.TRANS_Batch       p8583_trade.o
    0x00076e00   0x00000090   Code   RO         1058    i.TRANS_DownLoad    p8583_trade.o
    0x00076e90   0x00000088   Code   RO         1059    i.TRANS_DownLoad2   p8583_trade.o
    0x00076f18   0x000000f8   Code   RO         1062    i.TRANS_Logoff      p8583_trade.o
    0x00077010   0x000001f4   Code   RO         1063    i.TRANS_Logon       p8583_trade.o
    0x00077204   0x00000098   Code   RO         1064    i.TRANS_Logon1      p8583_trade.o
    0x0007729c   0x000001f0   Code   RO         1066    i.TRANS_Query       p8583_trade.o
    0x0007748c   0x000002dc   Code   RO         1067    i.TRANS_Refund      p8583_trade.o
    0x00077768   0x000000f0   Code   RO         1880    i.TRANS_RefundMenue  menu.o
    0x00077858   0x00000334   Code   RO         1068    i.TRANS_Sale        p8583_trade.o
    0x00077b8c   0x0000045c   Code   RO         1070    i.TRANS_Sign        p8583_trade.o
    0x00077fe8   0x000000c0   Code   RO         1072    i.TRANS_UpBatch     p8583_trade.o
    0x000780a8   0x000000c0   Code   RO         1073    i.TRANS_UpBatchEnd  p8583_trade.o
    0x00078168   0x000000c0   Code   RO         1074    i.TRANS_UpRefundBatch  p8583_trade.o
    0x00078228   0x00000490   Code   RO         1075    i.TRANS_Void        p8583_trade.o
    0x000786b8   0x00000118   Code   RO         1881    i.TellerMenu        menu.o
    0x000787d0   0x000000c4   Code   RO         1882    i.TermKeyManageMenu  menu.o
    0x00078894   0x00000184   Code   RO         1604    i.TermLockFuntion   loginfun.o
    0x00078a18   0x0000002a   Code   RO         7383    i.TermOnline        emvcore.lib(entry.o)
    0x00078a42   0x00000002   PAD
    0x00078a44   0x00000044   Code   RO         1883    i.TermRemindInfo    menu.o
    0x00078a88   0x000001c8   Code   RO        10192    i.TerminalAction    emvcore.lib(terminalandcardaction.o)
    0x00078c50   0x0000000c   Code   RO         7205    i.TestTermId        emvcore.lib(appselect.o)
    0x00078c5c   0x00000050   Code   RO         1884    i.TradeContrl       menu.o
    0x00078cac   0x00000094   Code   RO         1606    i.TradeJieShuanSwitch  loginfun.o
    0x00078d40   0x0000024c   Code   RO         1608    i.TradeOtherSwitch  loginfun.o
    0x00078f8c   0x000000ce   Code   RO         1609    i.TradePasswordSwitch  loginfun.o
    0x0007905a   0x00000002   PAD
    0x0007905c   0x000000dc   Code   RO         1885    i.TradeQuery        menu.o
    0x00079138   0x00000028   Code   RO         1886    i.TradeSwitch       menu.o
    0x00079160   0x00000138   Code   RO          370    i.TradeVoucherQuery  p8583_assist.o
    0x00079298   0x000001d6   Code   RO         1610    i.TraditionTradeSwtich  loginfun.o
    0x0007946e   0x00000002   PAD
    0x00079470   0x00000070   Code   RO         7206    i.TruncatePad       emvcore.lib(appselect.o)
    0x000794e0   0x00000070   Code   RO         7503    i.TruncatePad       emvcore.lib(qpboc.o)
    0x00079550   0x00000074   Code   RO         6399    i.UTF8ToGBK         u8_unicode.o
    0x000795c4   0x0000002c   Code   RO         6400    i.UnicodeToGBK      u8_unicode.o
    0x000795f0   0x0000004c   Code   RO         2971    i.UnpackTlvData     emvproc.o
    0x0007963c   0x00000180   Code   RO         6499    i.UpdataCourse      tms.o
    0x000797bc   0x000000f4   Code   RO          371    i.UpdataLog         p8583_assist.o
    0x000798b0   0x00000078   Code   RO          372    i.UpdataLog1        p8583_assist.o
    0x00079928   0x00000078   Code   RO          373    i.UpdataLog2        p8583_assist.o
    0x000799a0   0x000000dc   Code   RO          374    i.UpdataLog3        p8583_assist.o
    0x00079a7c   0x0000004a   Code   RO          375    i.Updata_time       p8583_assist.o
    0x00079ac6   0x0000000a   Code   RO         2972    i.UpdateCoreCapkInfo  emvproc.o
    0x00079ad0   0x000000bc   Code   RO         2973    i.UpdateEmvDupFile  emvproc.o
    0x00079b8c   0x00000008   Code   RO         7990    i.V32P_StartUp      dll.lib(dll.o)
    0x00079b94   0x000000b0   Code   RO          376    i.VerfyBatchUpList  p8583_assist.o
    0x00079c44   0x00000054   Code   RO          377    i.VerfyBatchUpList1  p8583_assist.o
    0x00079c98   0x00000090   Code   RO         2434    i.VlpBalFromIssuerAppData  emvinsertcard.o
    0x00079d28   0x00000058   Code   RO          378    i.WT_Signer         p8583_assist.o
    0x00079d80   0x00000010   Code   RO         3213    i.WaitUserAck       appapi.o
    0x00079d90   0x00000028   Code   RO         3214    i.WaitUserAck1      appapi.o
    0x00079db8   0x00000032   Code   RO         3217    i.WaitUserAck4      appapi.o
    0x00079dea   0x0000003e   Code   RO         2548    i.WaitUserAckAndRet  emvport.o
    0x00079e28   0x0000014a   Code   RO         1613    i.WiFiSetFuntion    loginfun.o
    0x00079f72   0x00000002   PAD
    0x00079f74   0x00000014   Code   RO         4048    i.WriteBkpRam       flash_oper.o
    0x00079f88   0x00000004   Code   RO         2549    i.WriteScriptFile   emvport.o
    0x00079f8c   0x00000060   Code   RO         1375    i.ZhuGuanVerifyPasswrod  tradeassistfun.o
    0x00079fec   0x00000038   Code   RO         6805    i._ChangeDateYear   emvcore.lib(emvpublic.o)
    0x0007a024   0x000000e8   Code   RO         7504    i._CheckAllSFI      emvcore.lib(qpboc.o)
    0x0007a10c   0x000000bc   Code   RO         6806    i._CheckDate        emvcore.lib(emvpublic.o)
    0x0007a1c8   0x00000144   Code   RO         6683    i._InputAmt         emvcore.lib(cllbckfunc.o)
    0x0007a30c   0x00000538   Code   RO         6879    i._OfflinePINProcessing  emvcore.lib(offlinedataauth.o)
    0x0007a844   0x00000688   Code   RO        10193    i._OnlineProcessing  emvcore.lib(terminalandcardaction.o)
    0x0007aecc   0x000002c8   Code   RO        10194    i._ProcIssuerDef    emvcore.lib(terminalandcardaction.o)
    0x0007b194   0x000004f4   Code   RO        10195    i._TerminalAndCardActionAnalysis  emvcore.lib(terminalandcardaction.o)
    0x0007b688   0x00000028   Code   RO        10665    i.__0sprintf        mc_p.l(printfa.o)
    0x0007b6b0   0x00000024   Code   RO        10668    i.__0vsnprintf      mc_p.l(printfa.o)
    0x0007b6d4   0x00000024   Code   RO        10669    i.__0vsprintf       mc_p.l(printfa.o)
    0x0007b6f8   0x0000002e   Code   RO        10748    i.__ARM_clz         mf_p.l(depilogue.o)
    0x0007b726   0x0000001a   Code   RO          652    i.__ARM_common_switch8  p8583_assist.o
    0x0007b740   0x000000c8   Code   RO         7505    i.__QPboc_CardAuth  emvcore.lib(qpboc.o)
    0x0007b808   0x00000008   Code   RO        10734    i.__aeabi_errno_addr  mc_p.l(errno.o)
    0x0007b810   0x0000000e   Code   RO        10798    i.__scatterload_copy  mc_p.l(handlers.o)
    0x0007b81e   0x00000002   Code   RO        10799    i.__scatterload_null  mc_p.l(handlers.o)
    0x0007b820   0x0000000e   Code   RO        10800    i.__scatterload_zeroinit  mc_p.l(handlers.o)
    0x0007b82e   0x00000050   Code   RO         7384    i._cl_AllSeparateBER_TLV  emvcore.lib(entry.o)
    0x0007b87e   0x00000002   PAD
    0x0007b880   0x00000508   Code   RO         7506    i._cl_EMVSignVeri   emvcore.lib(qpboc.o)
    0x0007bd88   0x000002e4   Code   RO        10361    i._cl_EmvGetProcessingOptions  emvcore.lib(qpbociccomm.o)
    0x0007c06c   0x00000260   Code   RO        10362    i._cl_EmvReadRecord  emvcore.lib(qpbociccomm.o)
    0x0007c2cc   0x00000238   Code   RO         7385    i._cl_EmvSelect     emvcore.lib(entry.o)
    0x0007c504   0x000003cc   Code   RO         7386    i._cl_NoConstructAllSeparateBER_TLV  emvcore.lib(entry.o)
    0x0007c8d0   0x00000074   Code   RO        10131    i._dat_bintobcd     emvcore.lib(data.o)
    0x0007c944   0x00000016   Code   RO         6807    i._dat_ultohex      emvcore.lib(emvpublic.o)
    0x0007c95a   0x00000002   PAD
    0x0007c95c   0x00000158   Code   RO        10670    i._fp_digits        mc_p.l(printfa.o)
    0x0007cab4   0x000006ec   Code   RO        10671    i._printf_core      mc_p.l(printfa.o)
    0x0007d1a0   0x00000020   Code   RO        10672    i._printf_post_padding  mc_p.l(printfa.o)
    0x0007d1c0   0x0000002c   Code   RO        10673    i._printf_pre_padding  mc_p.l(printfa.o)
    0x0007d1ec   0x00000016   Code   RO        10674    i._snputc           mc_p.l(printfa.o)
    0x0007d202   0x0000000a   Code   RO        10675    i._sputc            mc_p.l(printfa.o)
    0x0007d20c   0x00000368   Code   RO         7207    i.buildDOL          emvcore.lib(appselect.o)
    0x0007d574   0x00000020   Code   RO         2975    i.byte_parity       emvproc.o
    0x0007d594   0x00000002   Code   RO         2280    i.cEmvLib_AdviceProc  emvif.o
    0x0007d596   0x00000042   Code   RO         2281    i.cEmvLib_GetDateTime  emvif.o
    0x0007d5d8   0x000000d0   Code   RO         2282    i.cEmvLib_GetHolderOfflinePwd  emvif.o
    0x0007d6a8   0x000000e8   Code   RO         2283    i.cEmvLib_GetHolderPwd  emvif.o
    0x0007d790   0x00000018   Code   RO         2284    i.cEmvLib_GetUnknowTLV  emvif.o
    0x0007d7a8   0x00000094   Code   RO         2285    i.cEmvLib_InputAmt  emvif.o
    0x0007d83c   0x00000002   Code   RO         2286    i.cEmvLib_IoCtrl    emvif.o
    0x0007d83e   0x00000002   PAD
    0x0007d840   0x000002d8   Code   RO         2287    i.cEmvLib_OnlineProc  emvif.o
    0x0007db18   0x00000002   Code   RO         2288    i.cEmvLib_ReferProc  emvif.o
    0x0007db1a   0x00000002   PAD
    0x0007db1c   0x00000278   Code   RO         2289    i.cEmvLib_VerifyCert  emvif.o
    0x0007dd94   0x00000054   Code   RO         2290    i.cEmvLib_VerifyPINOK  emvif.o
    0x0007dde8   0x000000f0   Code   RO         2291    i.cEmvLib_WaitAppSel  emvif.o
    0x0007ded8   0x00000010   Code   RO        10379    i.creat             emvcore.lib(port.o)
    0x0007dee8   0x00000020   Code   RO         7208    i.dat_BinToDisp     emvcore.lib(appselect.o)
    0x0007df08   0x0000004a   Code   RO         2550    i.dat_asctobcd      emvport.o
    0x0007df52   0x0000004e   Code   RO         2551    i.dat_bcdadd        emvport.o
    0x0007dfa0   0x00000044   Code   RO         2552    i.dat_bcdtoasc      emvport.o
    0x0007dfe4   0x0000002e   Code   RO         2553    i.dat_bcdtobin      emvport.o
    0x0007e012   0x00000074   Code   RO         7387    i.dat_bintobcd      emvcore.lib(entry.o)
    0x0007e086   0x0000001a   Code   RO         2554    i.dat_bytetobcd     emvport.o
    0x0007e0a0   0x0000001a   Code   RO         2555    i.dat_hextoul       emvport.o
    0x0007e0ba   0x00000012   Code   RO         2556    i.dat_ultohex       emvport.o
    0x0007e0cc   0x00000012   Code   RO         6808    i.datebcdtobin      emvcore.lib(emvpublic.o)
    0x0007e0de   0x00000002   PAD
    0x0007e0e0   0x000000f8   Code   RO         6152    i.disp_clss_err     qpboctran.o
    0x0007e1d8   0x000000d0   Code   RO         2976    i.emv_InitFirst     emvproc.o
    0x0007e2a8   0x00000034   Code   RO         2977    i.emv_InitSystem    emvproc.o
    0x0007e2dc   0x00000046   Code   RO         2978    i.get_random_number  emvproc.o
    0x0007e322   0x00000030   Code   RO         2558    i.gettime_pboc      emvport.o
    0x0007e352   0x00000004   Code   RO         2559    i.high_4bit         emvport.o
    0x0007e356   0x0000000a   Code   RO         2560    i.inserted_card     emvport.o
    0x0007e360   0x00000024   Code   RO         2561    i.lcd_disp          emvport.o
    0x0007e384   0x00000210   Code   RO         2562    i.lcdshow           emvport.o
    0x0007e594   0x00000006   Code   RO         2563    i.low_4bit          emvport.o
    0x0007e59a   0x00000002   PAD
    0x0007e59c   0x000004c8   Code   RO            1    i.main              main.o
    0x0007ea64   0x000002c0   Code   RO         6082    i.menumodle         var.o
    0x0007ed24   0x00000004   Code   RO         2564    i.my_printf         emvport.o
    0x0007ed28   0x00000254   Code   RO        10196    i.offlineCombineDSV  emvcore.lib(terminalandcardaction.o)
    0x0007ef7c   0x00000048   Code   RO         6880    i.offlineCombinedDDA  emvcore.lib(offlinedataauth.o)
    0x0007efc4   0x00000004   Code   RO         2565    i.open              emvport.o
    0x0007efc8   0x00000084   Code   RO         6684    i.s_EmvFuncInit     emvcore.lib(cllbckfunc.o)
    0x0007f04c   0x00000014   Code   RO         2137    i.s_InitAppList     emvfile.o
    0x0007f060   0x0000003a   Code   RO         2138    i.s_InitCAPKList    emvfile.o
    0x0007f09a   0x00000002   PAD
    0x0007f09c   0x000002f0   Code   RO         1377    i.scanCode          tradeassistfun.o
    0x0007f38c   0x0000000c   Code   RO         2566    i.scc_close         emvport.o
    0x0007f398   0x000000fa   Code   RO         2567    i.scc_command_APDU  emvport.o
    0x0007f492   0x00000004   Code   RO         2568    i.scc_select_slot   emvport.o
    0x0007f496   0x00000002   PAD
    0x0007f498   0x000004e4   Code   RO         1888    i.sel_mem           menu.o
    0x0007f97c   0x00000010   Code   RO         4052    i.set_byte          flash_oper.o
    0x0007f98c   0x000002a8   Code   RO         6635    i.sha4_finish       sha4.o
    0x0007fc34   0x00000af0   Code   RO         6636    i.sha4_process      sha4.o
    0x00080724   0x00000118   Code   RO         6637    i.sha4_starts       sha4.o
    0x0008083c   0x00000096   Code   RO         6638    i.sha4_update       sha4.o
    0x000808d2   0x00000046   Code   RO        10197    i.somememcmp        emvcore.lib(terminalandcardaction.o)
    0x00080918   0x00000050   Code   RO         1077    i.sweepCodeInit     p8583_trade.o
    0x00080968   0x00000084   Code   RO         3403    i.toasc             dev_math.o
    0x000809ec   0x0000005c   Code   RO         3405    i.tohex             dev_math.o
    0x00080a48   0x000001e4   Code   RO         1889    i.view_ver          menu.o
    0x00080c2c   0x0000005c   Data   RO            2    .constdata          main.o
    0x00080c88   0x00002b4c   Data   RO          121    .constdata          emvaidcapk.o
    0x000837d4   0x00001d76   Data   RO          662    .constdata          p8583_error.o
    0x0008554a   0x00000002   PAD
    0x0008554c   0x000009f4   Data   RO          751    .constdata          p8583_proc.o
    0x00085f40   0x00000128   Data   RO         1890    .constdata          menu.o
    0x00086068   0x00000120   Data   RO         2293    .constdata          emvif.o
    0x00086188   0x000003c8   Data   RO         2980    .constdata          emvproc.o
    0x00086550   0x00000004   Data   RO         3221    .constdata          appapi.o
    0x00086554   0x000069c0   Data   RO         6401    .constdata          u8_unicode.o
    0x0008cf14   0x00000004   PAD
    0x0008cf18   0x00000300   Data   RO         6639    .constdata          sha4.o
    0x0008d218   0x00000162   Data   RO         7358    .constdata          emvcore.lib(emvlibvar.o)
    0x0008d37a   0x00000081   Data   RO        10760    .constdata          mc_p.l(ctype_o.o)
    0x0008d3fb   0x00000001   PAD
    0x0008d3fc   0x00000004   Data   RO        10761    .constdata          mc_p.l(ctype_o.o)
    0x0008d400   0x00000035   Data   RO          753    .conststring        p8583_proc.o
    0x0008d435   0x00000003   PAD
    0x0008d438   0x000007ef   Data   RO         1891    .conststring        menu.o
    0x0008dc27   0x00000001   PAD
    0x0008dc28   0x00000201   Data   RO         6503    .conststring        tms.o
    0x0008de29   0x00000003   PAD
    0x0008de2c   0x00000047   Data   RO         7389    .conststring        emvcore.lib(entry.o)
    0x0008de73   0x00000001   PAD
    0x0008de74   0x00000010   Data   RO        10796    Region$$Table       anon$$obj.o


    Execution Region RW_RAM1 (Base: 0x20002400, Size: 0x000060a0, Max: 0x00006400, ABSOLUTE, UNINIT, COMPRESSED[0x00000604])

    Base Addr    Size         Type   Attr      Idx    E Section Name        Object

    0x20002400   0x00000001   Data   RW            3    .data               main.o
    0x20002401   0x00000005   Data   RW            5    .data               main.o
    0x20002406   0x00000001   Data   RW          162    .data               globalvar.o
    0x20002407   0x00000001   PAD
    0x20002408   0x0000000c   Data   RW          380    .data               p8583_assist.o
    0x20002414   0x0000002d   Data   RW          754    .data               p8583_proc.o
    0x20002441   0x00000006   Data   RW         1080    .data               p8583_trade.o
    0x20002447   0x00000001   PAD
    0x20002448   0x0000000c   Data   RW         1081    .data               p8583_trade.o
    0x20002454   0x0000000c   Data   RW         1380    .data               tradeassistfun.o
    0x20002460   0x00000001   Data   RW         1893    .data               menu.o
    0x20002461   0x00000003   PAD
    0x20002464   0x000000c0   Data   RW         2294    .data               emvif.o
    0x20002524   0x00000024   Data   RW         2982    .data               emvproc.o
    0x20002548   0x00000004   Data   RW         3178    .data               emvvar.o
    0x2000254c   0x00000004   Data   RW         3179    .data               emvvar.o
    0x20002550   0x00000005   Data   RW         6084    .data               var.o
    0x20002555   0x00000001   Data   RW         6086    .data               var.o
    0x20002556   0x00000001   Data   RW         6087    .data               var.o
    0x20002557   0x00000001   Data   RW         6088    .data               var.o
    0x20002558   0x00000001   Data   RW         6089    .data               var.o
    0x20002559   0x00000003   PAD
    0x2000255c   0x00000004   Data   RW         6090    .data               var.o
    0x20002560   0x00000001   Data   RW         6091    .data               var.o
    0x20002561   0x00000001   Data   RW         6092    .data               var.o
    0x20002562   0x00000001   Data   RW         6093    .data               var.o
    0x20002563   0x00000001   Data   RW         6095    .data               var.o
    0x20002564   0x00000001   Data   RW         6096    .data               var.o
    0x20002565   0x00000003   PAD
    0x20002568   0x00000008   Data   RW         6504    .data               tms.o
    0x20002570   0x00000034   Data   RW         6685    .data               emvcore.lib(cllbckfunc.o)
    0x200025a4   0x00000008   Data   RW         7070    .data               emvcore.lib(emvlib.o)
    0x200025ac   0x00000006   Data   RW         7210    .data               emvcore.lib(appselect.o)
    0x200025b2   0x00000af0   Data   RW         7359    .data               emvcore.lib(emvlibvar.o)
    0x200030a2   0x00000002   Data   RW         7390    .data               emvcore.lib(entry.o)
    0x200030a4   0x0000000c   Data   RW         8007    .data               dll.lib(dll.o)
    0x200030b0   0x00000001   Data   RW        10198    .data               emvcore.lib(terminalandcardaction.o)
    0x200030b1   0x00000003   PAD
    0x200030b4   0x00000004   Data   RW        10737    .data               mc_p.l(errno.o)
    0x200030b8   0x00000161   Zero   RW          379    .bss                p8583_assist.o
    0x20003219   0x00000007   PAD
    0x20003220   0x00000d60   Zero   RW          749    .bss                p8583_proc.o
    0x20003f80   0x00000082   Zero   RW          750    .bss                p8583_proc.o
    0x20004002   0x00000002   PAD
    0x20004004   0x000000f8   Zero   RW         1078    .bss                p8583_trade.o
    0x200040fc   0x00000170   Zero   RW         2292    .bss                emvif.o
    0x2000426c   0x000000ad   Zero   RW         3175    .bss                emvvar.o
    0x20004319   0x00000003   PAD
    0x2000431c   0x00000024   Zero   RW         3176    .bss                emvvar.o
    0x20004340   0x00000260   Zero   RW         3177    .bss                emvvar.o
    0x200045a0   0x000012c0   Zero   RW         6083    .bss                var.o
    0x20005860   0x00000190   Zero   RW         7069    .bss                emvcore.lib(emvlib.o)
    0x200059f0   0x00000576   Zero   RW         7209    .bss                emvcore.lib(appselect.o)
    0x20005f66   0x00002512   Zero   RW         7357    .bss                emvcore.lib(emvlibvar.o)
    0x20008478   0x00000028   Zero   RW         7388    .bss                emvcore.lib(entry.o)


    Execution Region RW_IRAM2 (Base: 0x20008800, Size: 0x00007400, Max: 0x00007400, ABSOLUTE, UNINIT)

    Base Addr    Size         Type   Attr      Idx    E Section Name        Object

    0x20008800   0x00007400   Zero   RW          112    STACK               startup_mps_cm0.o


==============================================================================

Image component sizes


      Code (inc. data)   RO Data    RW Data    ZI Data      Debug   Object Name

      4888       1598          4          0          0      13420   appapi.o
       786          0          0          0          0       8267   dev_math.o
       364        102      11084          0          0      33323   emvaidcapk.o
       586         60          0          0          0      23271   emvfile.o
      3080        678        288        192        368      15318   emvif.o
      2868        610          0          0          0       8572   emvinsertcard.o
      4194        258          0          0          0      35374   emvport.o
      5606       1044        968         36          0      22503   emvproc.o
        66          0          0          0          0      14347   emvrsa.o
         0          0          0          8        817       6609   emvvar.o
      8314       1048          0          0          0     135400   flash_oper.o
         0          0          0          1          0        369   globalvar.o
     13150       3248          0          0          0      27907   loginfun.o
      1224        100         92          6          0      39381   main.o
      9320       2516       2327          1          0      23749   menu.o
     37538       7246          0         12        353      56508   p8583_assist.o
       480         66       7542          0          0       3009   p8583_error.o
     15898       2224       2601         45       3554      66879   p8583_proc.o
     15892       3040          0         18        248      36819   p8583_trade.o
       240         20          0          0          0       2092   qpbocport.o
      2520        402          0          0          0       9949   qpboctran.o
      3910        140        768          0          0       5590   sha4.o
        12         12          0          0      29696        284   startup_mps_cm0.o
      8742       1878        513          8          0      20625   tms.o
      8948       1424          0         12          0      26048   tradeassistfun.o
       160         10      27072          0          0       2241   u8_unicode.o
       726         32          0         18       4800       3571   var.o

    ----------------------------------------------------------------------
    149612      27756      53288        368      39848     641425   Object Totals
         0          0         16          0          0          0   (incl. Generated)
       100          0         13         11         12          0   (incl. Padding)

    ----------------------------------------------------------------------

      Code (inc. data)   RO Data    RW Data    ZI Data      Debug   Library Member Name

      7480       1112          0         12          0      88937   dll.o
      9304        820          0          6       1398      25460   appselect.o
      2260        262          0          0          0       5823   cardholderverify.o
       524        156          0         52          0      25102   cllbckfunc.o
       116          0          0          0          0        888   data.o
      4364        388          0          0          0      13666   emviccomm.o
      1288        152          0          8        400       9026   emvlib.o
         0          0        354       2800       9490       8646   emvlibvar.o
      1680         92          0          0          0       8846   emvpublic.o
      1412        112          0          0          0       3410   emvrsa.o
      4742        544         71          2         40      21815   entry.o
      6276        924          0          0          0      12284   offlinedataauth.o
        16          0          0          0          0        560   port.o
       612         60          0          0          0       1290   processrestrict.o
      4592        586          0          0          0      13671   qpboc.o
      1348        262          0          0          0       2730   qpbociccomm.o
      7588        470          0          1          0      20505   terminalandcardaction.o
      1376         62          0          0          0       3447   terminalrisk.o
        86          0          0          0          0          0   __dczerorl2.o
       138          0          0          0          0         80   __strtoll.o
        30          0          0          0          0         60   _chval.o
       166          0          0          0          0         84   _strtoul.o
       214          0          0          0          0         84   _strtoull.o
        26          0          0          0          0         72   atoi.o
        26          0          0          0          0         72   atol.o
        26          0          0          0          0         72   atoll.o
         8          4        133          0          0         60   ctype_o.o
         0          0          0          0          0          0   entry.o
         0          0          0          0          0          0   entry10a.o
         0          0          0          0          0          0   entry11a.o
         8          4          0          0          0          0   entry2.o
         4          0          0          0          0          0   entry5.o
         0          0          0          0          0          0   entry7b.o
         0          0          0          0          0          0   entry8b.o
         8          4          0          0          0          0   entry9a.o
         8          4          0          4          0         60   errno.o
        30          0          0          0          0          0   handlers.o
        40          0          0          0          0         72   idiv.o
        36          8          0          0          0         68   init.o
         0          0          0          0          0          0   iusefp.o
       122          0          0          0          0         84   llmul.o
        32          0          0          0          0         68   llshl.o
        38          0          0          0          0         68   llsshr.o
        34          0          0          0          0         68   llushr.o
        26          0          0          0          0         72   memcmp.o
        64          0          0          0          0         68   memmovea.o
        36          0          0          0          0        100   memseta.o
      2336        104          0          0          0        676   printfa.o
       162          0          0          0          0         80   qsort.o
        24          0          0          0          0         60   strcat.o
        28          0          0          0          0         68   strcmp.o
        18          0          0          0          0         60   strcpy.o
        14          0          0          0          0         60   strlen.o
        26          0          0          0          0         68   strncpy.o
        40          0          0          0          0         72   strstr.o
       112          4          0          0          0         76   strtol.o
        44          0          0          0          0         72   uidiv.o
        96          0          0          0          0         84   uldiv.o
        20          0          0          0          0         60   uread4.o
        18          0          0          0          0         60   uwrite4.o
        40          2          0          0          0         68   cdrcmple.o
       356          4          0          0          0        140   dadd.o
       240          6          0          0          0         84   ddiv.o
       236          0          0          0          0        216   depilogue.o
        64         10          0          0          0         68   dfixul.o
        28          4          0          0          0         68   dfltui.o
        28          6          0          0          0         68   dfltul.o
       208          6          0          0          0         88   dmul.o

    ----------------------------------------------------------------------
     60352       6172        560       2888      11328     269714   Library Totals
        30          0          2          3          0          0   (incl. Padding)

    ----------------------------------------------------------------------

      Code (inc. data)   RO Data    RW Data    ZI Data      Debug   Library Name

      7480       1112          0         12          0      88937   dll.lib
     47498       4890        425       2869      11328     177169   emvcore.lib
      4144        132        133          4          0       2808   mc_p.l
      1200         38          0          0          0        800   mf_p.l

    ----------------------------------------------------------------------
     60352       6172        560       2888      11328     269714   Library Totals

    ----------------------------------------------------------------------

==============================================================================


      Code (inc. data)   RO Data    RW Data    ZI Data      Debug   

    209964      33928      53848       3256      51176     871411   Grand Totals
    209964      33928      53848       1540      51176     871411   ELF Image Totals (compressed)
    209964      33928      53848       1540          0          0   ROM Totals

==============================================================================

    Total RO  Size (Code + RO Data)               263812 ( 257.63kB)
    Total RW  Size (RW Data + ZI Data)             54432 (  53.16kB)
    Total ROM Size (Code + RO Data + RW Data)     265352 ( 259.13kB)

==============================================================================

